........................................................................ [ 12%]
........................................................................ [ 24%]
..........................F............................................. [ 37%]
........................................................................ [ 49%]
........................................................................ [ 62%]
........................................................................ [ 74%]
........................................................................ [ 86%]
........................................................................ [ 99%]
....                                                                     [100%]
================================== FAILURES ===================================
______ test_complete_linea_custom_crea_un_producto_categoria_y_stock_30 _______

api = <httpx.AsyncClient object at 0x000002265AFD60F0>
admin_csrf = 'Jj7BKtxCth9Yx5mQ5wu2s2xAM2BRwdZG1trEirS0764.1790752210.63b2ae911b685fb0e47a7ea2730daeeb31b049bce1f72694ac1c6a1e4bfefde7'
db_session = <sqlalchemy.ext.asyncio.session.AsyncSession object at 0x000002265B0EEC60>

    @pytest.mark.asyncio
    async def test_complete_linea_custom_crea_un_producto_categoria_y_stock_30(
        api: httpx.AsyncClient, admin_csrf: str, db_session: AsyncSession
    ) -> None:
        datos = await _orden_lista(api, admin_csrf, suffix="30")
        response = await api.post(
            f"{ORDERS}/{datos['order_id']}/complete",
            json=_resultado(datos["line_id"]),
            headers=h(admin_csrf),
        )
    
        assert response.status_code == 200, response.text
        results = response.json()["results"]
        assert len(results) == 1
        assert Decimal(results[0]["started_quantity"]) == Decimal(100)
        assert Decimal(results[0]["good_quantity"]) == Decimal(30)
        assert Decimal(results[0]["scrap_quantity"]) == Decimal(70)
        product = await _custom_product(db_session, datos["line_id"])
        assert product is not None
        assert product.product_type is ProductType.FINISHED_PRODUCT
        assert product.source_v2_quotation_product_id == datos["line_id"]
        line = await db_session.get(V2QuotationProduct, datos["line_id"])
        assert line is not None and line.product_id is None
        category = await db_session.get(ProductCategory, product.product_category_id)
        assert category is not None
        assert (category.name, category.display_path) == (
            "Piezas personalizadas",
            "Piezas personalizadas",
        )
        product_detail = await api.get(f"/products/{product.id}", headers=h(admin_csrf))
>       assert product_detail.status_code == 200, product_detail.text
E       AssertionError: {"error":{"code":"NOT_FOUND","message":"Not Found"}}
E       assert 404 == 200
E        +  where 404 = <Response [404 Not Found]>.status_code

tests\db\test_production_results_010p.py:92: AssertionError
=========================== short test summary info ===========================
FAILED tests/db/test_production_results_010p.py::test_complete_linea_custom_crea_un_producto_categoria_y_stock_30
1 failed, 579 passed, 1129 deselected in 5141.51s (1:25:41)
