2026-09-29T22:32:46.941195+00:00 SHARD start=520 end=1100 total=1709 selected=580 deselected=1129
2026-09-29T22:32:46.947598+00:00 START tests/db/test_migration_0031_runs.py::TestDowngrade::test_revertir_se_niega_si_solo_hay_dias_decididos
2026-09-29T22:33:10.989428+00:00 START tests/db/test_migration_0031_runs.py::TestDowngrade::test_revertir_se_niega_si_hay_ilustracion_congelada
2026-09-29T22:33:28.605780+00:00 START tests/db/test_migration_0031_runs.py::test_subir_hasta_la_cabeza_deja_una_sola_y_con_las_tres_tablas
2026-09-29T22:33:47.563500+00:00 START tests/db/test_migration_0032_runs.py::TestNoContamina::test_el_factor_por_ocupacion_de_legacy_llega_intacto
2026-09-29T22:34:03.778324+00:00 START tests/db/test_migration_0032_runs.py::TestNoContamina::test_las_tarifas_de_horno_de_legacy_llegan_intactas
2026-09-29T22:34:19.650780+00:00 START tests/db/test_migration_0032_runs.py::TestHistoricos::test_una_cotizacion_de_010d_nace_sin_horno_y_sin_quema
2026-09-29T22:34:35.973159+00:00 START tests/db/test_migration_0032_runs.py::TestRestricciones::test_una_quema_apagada_no_puede_tener_hornadas
2026-09-29T22:34:50.184952+00:00 START tests/db/test_migration_0032_runs.py::TestRestricciones::test_sin_horno_no_puede_haber_importe
2026-09-29T22:35:03.291145+00:00 START tests/db/test_migration_0032_runs.py::TestRestricciones::test_no_se_pueden_pedir_mas_hornadas_de_baja_que_de_carga
2026-09-29T22:35:15.903296+00:00 START tests/db/test_migration_0032_runs.py::TestRestricciones::test_una_medida_en_cero_se_rechaza
2026-09-29T22:35:29.818910+00:00 START tests/db/test_migration_0032_runs.py::TestRestricciones::test_una_capacidad_congelada_en_cero_se_rechaza
2026-09-29T22:35:42.664345+00:00 START tests/db/test_migration_0032_runs.py::TestRestricciones::test_sin_ningun_encendido_no_puede_haber_importe
2026-09-29T22:35:55.553130+00:00 START tests/db/test_migration_0032_runs.py::TestRestricciones::test_sin_horno_tampoco_puede_haber_ocupacion
2026-09-29T22:36:08.226363+00:00 START tests/db/test_migration_0032_runs.py::TestRestricciones::test_la_clave_foranea_del_horno_tiene_indice
2026-09-29T22:36:20.918379+00:00 START tests/db/test_migration_0032_runs.py::TestRestricciones::test_la_participacion_de_una_linea_no_pasa_de_cien
2026-09-29T22:36:35.418247+00:00 START tests/db/test_migration_0032_runs.py::TestDiferenciaGenerada::test_la_base_calcula_la_diferencia
2026-09-29T22:36:48.568396+00:00 START tests/db/test_migration_0032_runs.py::TestDiferenciaGenerada::test_la_diferencia_no_se_puede_escribir_a_mano
2026-09-29T22:37:01.542966+00:00 START tests/db/test_migration_0032_runs.py::TestDowngrade::test_la_vuelta_limpia_funciona
2026-09-29T22:37:21.816859+00:00 START tests/db/test_migration_0032_runs.py::TestDowngrade::test_la_vuelta_se_niega_si_hay_horno_elegido
2026-09-29T22:37:38.462686+00:00 START tests/db/test_migration_0032_runs.py::TestDowngrade::test_la_vuelta_se_niega_si_solo_hay_medidas
2026-09-29T22:37:55.046232+00:00 START tests/db/test_migration_0032_runs.py::TestDowngrade::test_la_vuelta_deja_intacto_el_factor_de_legacy
2026-09-29T22:38:14.314383+00:00 START tests/db/test_migration_0032_runs.py::test_subir_a_0032_deja_esa_version_sellada
2026-09-29T22:38:27.106524+00:00 START tests/db/test_migration_0033_runs.py::TestHistoricos::test_una_cotizacion_de_010e_nace_sin_precio
2026-09-29T22:38:43.238352+00:00 START tests/db/test_migration_0033_runs.py::TestHistoricos::test_la_quema_de_010e_llega_intacta
2026-09-29T22:39:00.665006+00:00 START tests/db/test_migration_0033_runs.py::TestRestricciones::test_un_costo_negativo_se_rechaza
2026-09-29T22:39:14.044129+00:00 START tests/db/test_migration_0033_runs.py::TestRestricciones::test_el_suelo_no_puede_superar_al_objetivo
2026-09-29T22:39:27.803076+00:00 START tests/db/test_migration_0033_runs.py::TestRestricciones::test_una_linea_sin_piezas_no_puede_llevar_subtotal
2026-09-29T22:39:40.886016+00:00 START tests/db/test_migration_0033_runs.py::TestRestricciones::test_un_precio_unitario_negativo_se_rechaza
2026-09-29T22:39:54.511548+00:00 START tests/db/test_migration_0033_runs.py::TestRestricciones::test_la_ganancia_si_puede_ser_negativa
2026-09-29T22:40:08.104904+00:00 START tests/db/test_migration_0033_runs.py::test_la_configuracion_comercial_de_la_casa_sigue_siendo_la_unica
2026-09-29T22:40:21.286178+00:00 START tests/db/test_migration_0033_runs.py::TestDowngrade::test_la_vuelta_limpia_funciona
2026-09-29T22:40:41.468748+00:00 START tests/db/test_migration_0033_runs.py::TestDowngrade::test_la_vuelta_se_niega_si_hay_una_cotizacion_valorizada
2026-09-29T22:40:57.621908+00:00 START tests/db/test_migration_0033_runs.py::TestDowngrade::test_la_vuelta_se_niega_si_solo_hay_un_unitario
2026-09-29T22:41:14.190447+00:00 START tests/db/test_migration_0033_runs.py::test_0033_se_aplica_y_se_sella
2026-09-29T22:41:29.914553+00:00 START tests/db/test_migration_0034_runs.py::TestHistoricos::test_un_borrador_de_010g_sigue_siendo_borrador
2026-09-29T22:41:46.424204+00:00 START tests/db/test_migration_0034_runs.py::TestHistoricos::test_el_upgrade_se_niega_con_no_borradores
2026-09-29T22:42:02.655113+00:00 START tests/db/test_migration_0034_runs.py::TestCheckDeCicloDeVida::test_emitir_bien_pasa
2026-09-29T22:42:15.706822+00:00 START tests/db/test_migration_0034_runs.py::TestCheckDeCicloDeVida::test_emitida_sin_vencimiento_no
2026-09-29T22:42:28.951635+00:00 START tests/db/test_migration_0034_runs.py::TestCheckDeCicloDeVida::test_borrador_con_emision_no
2026-09-29T22:42:41.846451+00:00 START tests/db/test_migration_0034_runs.py::TestCheckDeCicloDeVida::test_cancelada_sin_fecha_no
2026-09-29T22:42:54.967866+00:00 START tests/db/test_migration_0034_runs.py::TestCheckDeCicloDeVida::test_vence_antes_de_emitirse_no
2026-09-29T22:43:08.051255+00:00 START tests/db/test_migration_0034_runs.py::TestUnicidad::test_un_solo_borrador_abierto_por_origen
2026-09-29T22:43:21.253353+00:00 START tests/db/test_migration_0034_runs.py::TestUnicidad::test_un_solo_puente_por_cotizacion
2026-09-29T22:43:34.900455+00:00 START tests/db/test_migration_0034_runs.py::TestDowngrade::test_vuelta_limpia_sin_nada_comprometido
2026-09-29T22:43:54.748646+00:00 START tests/db/test_migration_0034_runs.py::TestDowngrade::test_se_niega_con_una_emitida
2026-09-29T22:44:10.979170+00:00 START tests/db/test_migration_0034_runs.py::test_0034_se_aplica_y_se_sella
2026-09-29T22:44:24.368412+00:00 START tests/db/test_migration_0035_runs.py::TestBackfill::test_lo_ya_cotizado_queda_habilitado_y_nada_mas
2026-09-29T22:44:40.821176+00:00 START tests/db/test_migration_0035_runs.py::TestBackfill::test_un_par_no_se_repite
2026-09-29T22:44:53.813283+00:00 START tests/db/test_migration_0035_runs.py::TestDowngrade::test_vuelta_limpia_con_solo_el_backfill
2026-09-29T22:45:13.090513+00:00 START tests/db/test_migration_0035_runs.py::TestDowngrade::test_se_niega_con_capacidades_configuradas
2026-09-29T22:45:30.895757+00:00 START tests/db/test_migration_0035_runs.py::test_0035_se_aplica_dentro_de_la_cadena
2026-09-29T22:45:46.602565+00:00 START tests/db/test_migration_0036_runs.py::TestSubirYBajar::test_las_tablas_nuevas_aparecen
2026-09-29T22:46:00.452601+00:00 START tests/db/test_migration_0036_runs.py::TestSubirYBajar::test_un_proceso_por_tecnica_y_linea
2026-09-29T22:46:13.769937+00:00 START tests/db/test_migration_0036_runs.py::TestSubirYBajar::test_la_vuelta_limpia_funciona
2026-09-29T22:46:30.936385+00:00 START tests/db/test_migration_0036_runs.py::TestSubirYBajar::test_se_niega_si_hay_procesos_configurados
2026-09-29T22:46:47.379872+00:00 START tests/db/test_migration_0036_runs.py::test_toda_la_cadena_deja_una_sola_cabeza
2026-09-29T22:47:02.935623+00:00 START tests/db/test_migration_0037_runs.py::test_0036_a_0037_abre_el_tercer_origen
2026-09-29T22:47:19.708589+00:00 START tests/db/test_migration_0037_runs.py::test_0037_no_toca_las_ordenes_que_ya_habia
2026-09-29T22:47:38.174485+00:00 START tests/db/test_migration_0037_runs.py::test_una_orden_tiene_exactamente_uno_de_los_tres_origenes
2026-09-29T22:47:51.915630+00:00 START tests/db/test_migration_0037_runs.py::test_una_cotizacion_v2_no_admite_dos_ordenes
2026-09-29T22:48:05.714618+00:00 START tests/db/test_migration_0037_runs.py::test_un_puente_con_orden_no_se_puede_borrar
2026-09-29T22:48:19.425086+00:00 START tests/db/test_migration_0037_runs.py::test_la_vuelta_a_0036_se_niega_si_hay_ordenes_v2
2026-09-29T22:48:36.503356+00:00 START tests/db/test_migration_0037_runs.py::test_la_vuelta_a_0036_conserva_las_ordenes_de_muestra
2026-09-29T22:48:53.219681+00:00 START tests/db/test_migration_0037_runs.py::test_los_check_del_consumo_no_llevan_doble_prefijo
2026-09-29T22:49:06.511328+00:00 START tests/db/test_migration_0037_runs.py::test_los_check_de_las_notas_no_llevan_doble_prefijo
2026-09-29T22:49:19.831386+00:00 START tests/db/test_migration_0037_runs.py::test_los_check_de_las_comunicaciones_no_llevan_doble_prefijo
2026-09-29T22:49:34.021286+00:00 START tests/db/test_migration_0037_runs.py::test_las_comunicaciones_de_la_base_migrada_se_comportan
2026-09-29T22:49:47.952748+00:00 START tests/db/test_migration_0037_runs.py::test_toda_la_cadena_deja_una_sola_cabeza
2026-09-29T22:50:02.635354+00:00 START tests/db/test_migration_0038_runs.py::test_las_cotizaciones_que_ya_habia_no_cambian_de_numero
2026-09-29T22:50:18.774779+00:00 START tests/db/test_migration_0038_runs.py::test_las_nuevas_nacen_compartidas_con_tres_centimetros
2026-09-29T22:50:32.724481+00:00 START tests/db/test_migration_0038_runs.py::test_los_check_nuevos_muerden[firing_mode-'HALF']
2026-09-29T22:50:46.769393+00:00 START tests/db/test_migration_0038_runs.py::test_los_check_nuevos_muerden[piece_separation_cm_snapshot-21]
2026-09-29T22:51:00.472408+00:00 START tests/db/test_migration_0038_runs.py::test_los_check_nuevos_muerden[piece_separation_cm_snapshot--1]
2026-09-29T22:51:13.954537+00:00 START tests/db/test_migration_0038_runs.py::test_los_check_nuevos_muerden[firing_billed_load--1]
2026-09-29T22:51:29.283027+00:00 START tests/db/test_migration_0038_runs.py::test_los_check_nuevos_muerden[commercial_factor_target_snapshot-1.5]
2026-09-29T22:51:43.598507+00:00 START tests/db/test_migration_0038_runs.py::test_bajar_sin_reglas_nuevas_conserva_los_numeros
2026-09-29T22:52:03.726501+00:00 START tests/db/test_migration_0038_runs.py::test_bajar_se_niega_si_alguien_uso_la_quema_compartida
2026-09-29T22:52:20.206968+00:00 START tests/db/test_migration_0038_runs.py::test_toda_la_cadena_deja_una_sola_cabeza
2026-09-29T22:52:35.651767+00:00 START tests/db/test_migration_0039_runs.py::test_sube_con_su_talonario_y_su_factor
2026-09-29T22:52:49.768111+00:00 START tests/db/test_migration_0039_runs.py::test_el_factor_se_limita_en_la_base[1-True]
2026-09-29T22:53:03.898906+00:00 START tests/db/test_migration_0039_runs.py::test_el_factor_se_limita_en_la_base[1.17-True]
2026-09-29T22:53:17.802102+00:00 START tests/db/test_migration_0039_runs.py::test_el_factor_se_limita_en_la_base[2-True]
2026-09-29T22:53:32.514409+00:00 START tests/db/test_migration_0039_runs.py::test_el_factor_se_limita_en_la_base[0.99-False]
2026-09-29T22:53:46.554125+00:00 START tests/db/test_migration_0039_runs.py::test_el_factor_se_limita_en_la_base[2.01-False]
2026-09-29T22:54:00.959457+00:00 START tests/db/test_migration_0039_runs.py::test_una_emitida_sin_huella_no_entra
2026-09-29T22:54:14.722281+00:00 START tests/db/test_migration_0039_runs.py::test_bajar_sin_datos_funciona_y_con_datos_se_niega
2026-09-29T22:54:38.038148+00:00 START tests/db/test_migration_0039_runs.py::test_toda_la_cadena_deja_una_sola_cabeza
2026-09-29T22:54:53.243305+00:00 START tests/db/test_migration_0040_runs.py::test_sube_con_talonarios_tablas_y_trigger
2026-09-29T22:55:07.818340+00:00 START tests/db/test_migration_0040_runs.py::test_una_orden_v2_existente_sobrevive_al_cuarto_origen
2026-09-29T22:55:25.343208+00:00 START tests/db/test_migration_0040_runs.py::test_el_contador_sigue_a_lo_activo
2026-09-29T22:55:40.595415+00:00 START tests/db/test_migration_0040_runs.py::test_ninguna_escritura_directa_pasa_del_cien_por_cien
2026-09-29T22:55:55.393498+00:00 START tests/db/test_migration_0040_runs.py::test_cantidades_y_volumenes_no_positivos_o_incoherentes_se_rechazan[0-100-0]
2026-09-29T22:56:10.024885+00:00 START tests/db/test_migration_0040_runs.py::test_cantidades_y_volumenes_no_positivos_o_incoherentes_se_rechazan[-1-100--100]
2026-09-29T22:56:24.306142+00:00 START tests/db/test_migration_0040_runs.py::test_cantidades_y_volumenes_no_positivos_o_incoherentes_se_rechazan[1-0-0]
2026-09-29T22:56:39.489873+00:00 START tests/db/test_migration_0040_runs.py::test_cantidades_y_volumenes_no_positivos_o_incoherentes_se_rechazan[2-100-150]
2026-09-29T22:56:54.046513+00:00 START tests/db/test_migration_0040_runs.py::test_la_linea_de_una_carga_no_se_cuelga_de_otra
2026-09-29T22:57:08.571954+00:00 START tests/db/test_migration_0040_runs.py::test_una_asignacion_no_tiene_dos_padres
2026-09-29T22:57:23.057121+00:00 START tests/db/test_migration_0040_runs.py::test_bajar_sin_datos_funciona_y_con_datos_se_niega
2026-09-29T22:57:47.837069+00:00 START tests/db/test_migration_0040_runs.py::test_toda_la_cadena_deja_una_sola_cabeza
2026-09-29T22:58:02.967898+00:00 START tests/db/test_migration_0041_runs.py::test_sube_y_crea_tablas_de_layout
2026-09-29T22:58:17.737887+00:00 START tests/db/test_migration_0041_runs.py::test_dimensiones_del_horno_admiten_null
2026-09-29T22:58:32.295986+00:00 START tests/db/test_migration_0041_runs.py::test_dimensiones_del_horno_positivas
2026-09-29T22:58:46.584785+00:00 START tests/db/test_migration_0041_runs.py::test_unique_layout_por_hornada
2026-09-29T22:59:00.953190+00:00 START tests/db/test_migration_0041_runs.py::test_rotation_solo_0_o_90
2026-09-29T22:59:15.295976+00:00 START tests/db/test_migration_0041_runs.py::test_quantity_mayor_que_cero
2026-09-29T22:59:30.391768+00:00 START tests/db/test_migration_0041_runs.py::test_x_y_no_negativas
2026-09-29T22:59:45.487529+00:00 START tests/db/test_migration_0041_runs.py::test_unique_level_index_por_layout
2026-09-29T23:00:00.098726+00:00 START tests/db/test_migration_0041_runs.py::test_usable_height_positiva
2026-09-29T23:00:17.131074+00:00 START tests/db/test_migration_0041_runs.py::test_bajar_sin_datos_funciona_con_datos_se_niega
2026-09-29T23:00:42.827499+00:00 START tests/db/test_migration_0041_runs.py::test_0041_se_aplica_y_se_sella
2026-09-29T23:00:57.673057+00:00 START tests/db/test_migration_0042_runs.py::test_0042_esquema_upgrade_downgrade_upgrade
2026-09-29T23:01:22.862195+00:00 START tests/db/test_migration_0042_runs.py::test_0042_backfill_solo_drafts_y_preserva_historicos
2026-09-29T23:01:44.989695+00:00 START tests/db/test_migration_0043_runs.py::test_0043_esquema_upgrade_downgrade_upgrade
2026-09-29T23:02:06.110824+00:00 START tests/db/test_migration_0043_runs.py::test_0043_backfill_unico_solo_drafts_y_roundtrip_preserva_snapshots
2026-09-29T23:02:29.949628+00:00 START tests/db/test_migration_0044_0045_roundtrip.py::test_0044_0045_esquema_y_roundtrip
2026-09-29T23:03:00.674371+00:00 START tests/db/test_migration_010p_representative.py::test_dataset_representativo_pre_010p_migra_de_0041_a_0045
2026-09-29T23:03:18.952477+00:00 START tests/db/test_production_audit.py::test_crear_la_orden_queda_auditado_con_su_origen
2026-09-29T23:03:27.495895+00:00 START tests/db/test_production_audit.py::test_arrancar_queda_auditado_con_el_antes_y_el_despues
2026-09-29T23:03:35.512636+00:00 START tests/db/test_production_audit.py::test_arrancar_dos_veces_no_duplica_la_auditoria
2026-09-29T23:03:43.826572+00:00 START tests/db/test_production_audit.py::test_completar_queda_auditado
2026-09-29T23:03:51.773486+00:00 START tests/db/test_production_audit.py::test_anular_queda_auditado
2026-09-29T23:03:59.410268+00:00 START tests/db/test_production_audit.py::test_un_arranque_bloqueado_no_deja_rastro_de_transicion
2026-09-29T23:04:06.416334+00:00 START tests/db/test_production_audit.py::test_dos_ordenes_reciben_correlativo_y_token_distintos
2026-09-29T23:04:17.449599+00:00 START tests/db/test_production_audit.py::test_el_cliente_no_puede_elegir_el_codigo_ni_el_token
2026-09-29T23:04:24.329042+00:00 START tests/db/test_production_concurrency.py::test_si_falta_el_tercer_material_no_se_descuentan_los_dos_primeros
2026-09-29T23:04:35.389920+00:00 START tests/db/test_production_concurrency.py::test_dos_lineas_del_mismo_preparado_se_suman_antes_de_mirar_el_saldo
2026-09-29T23:04:43.622719+00:00 START tests/db/test_production_concurrency.py::test_dos_lineas_del_mismo_preparado_que_si_caben_consumen_una_sola_salida
2026-09-29T23:04:53.119397+00:00 START tests/db/test_production_concurrency.py::test_dos_arranques_simultaneos_de_la_misma_orden_consumen_una_vez
2026-09-29T23:05:01.418661+00:00 START tests/db/test_production_concurrency.py::test_dos_ordenes_que_se_pelean_el_mismo_saldo_no_lo_dejan_negativo
2026-09-29T23:05:10.683493+00:00 START tests/db/test_production_document.py::test_el_documento_de_produccion_se_renderiza_y_lleva_lo_que_el_taller_necesita
2026-09-29T23:05:20.285223+00:00 START tests/db/test_production_document.py::test_el_documento_lleva_el_qr_incrustado
2026-09-29T23:05:28.536760+00:00 START tests/db/test_production_document.py::test_el_documento_de_taller_no_lleva_precios_ni_margenes
2026-09-29T23:05:37.460709+00:00 START tests/db/test_production_document.py::test_el_token_del_qr_no_se_imprime_en_claro
2026-09-29T23:05:44.914012+00:00 START tests/db/test_production_document.py::test_el_pdf_comercial_de_la_cotizacion_no_cambia
2026-09-29T23:05:53.418043+00:00 START tests/db/test_production_document.py::test_el_qr_resuelve_la_orden_correcta_y_exige_sesion
2026-09-29T23:06:00.549171+00:00 START tests/db/test_production_document.py::test_un_token_desconocido_responde_lo_mismo_que_uno_inexistente
2026-09-29T23:06:03.991589+00:00 START tests/db/test_production_document.py::test_escanear_sin_sesion_no_devuelve_la_orden
2026-09-29T23:06:11.299799+00:00 START tests/db/test_production_no_side_effects.py::test_solo_arrancar_mueve_inventario_en_todo_el_flujo
2026-09-29T23:06:19.676058+00:00 START tests/db/test_production_no_side_effects.py::test_evaluar_la_disponibilidad_no_escribe_nada
2026-09-29T23:06:27.610955+00:00 START tests/db/test_production_orders_api.py::test_un_borrador_no_puede_originar_una_orden
2026-09-29T23:06:34.488917+00:00 START tests/db/test_production_orders_api.py::test_una_cotizacion_anulada_no_puede_originar_una_orden
2026-09-29T23:06:41.446605+00:00 START tests/db/test_production_orders_api.py::test_producir_no_exige_haber_cobrado[False]
2026-09-29T23:06:48.057903+00:00 START tests/db/test_production_orders_api.py::test_producir_no_exige_haber_cobrado[True]
2026-09-29T23:06:55.644264+00:00 START tests/db/test_production_orders_api.py::test_una_confirmada_sin_registro_de_pago_tambien_produce
2026-09-29T23:07:02.273154+00:00 START tests/db/test_production_orders_api.py::test_crear_la_orden_no_mueve_ni_un_gramo
2026-09-29T23:07:08.823656+00:00 START tests/db/test_production_orders_api.py::test_crear_la_orden_no_crea_quema_ni_preparacion
2026-09-29T23:07:16.140840+00:00 START tests/db/test_production_orders_api.py::test_pedir_la_orden_dos_veces_no_crea_una_segunda
2026-09-29T23:07:23.791503+00:00 START tests/db/test_production_orders_api.py::test_la_unicidad_por_cotizacion_la_impone_la_base
2026-09-29T23:07:30.534216+00:00 START tests/db/test_production_orders_api.py::test_la_ubicacion_es_obligatoria_y_no_se_resuelve_sola
2026-09-29T23:07:37.669352+00:00 START tests/db/test_production_orders_api.py::test_la_linea_copia_lo_confirmado_y_no_lo_que_diga_el_maestro_despues
2026-09-29T23:07:45.248891+00:00 START tests/db/test_production_orders_api.py::test_confirmar_una_cotizacion_no_le_crea_orden_de_produccion
2026-09-29T23:07:51.623943+00:00 START tests/db/test_production_payment_gate.py::test_sin_cobrar_la_orden_se_prepara_entera
2026-09-29T23:07:59.466756+00:00 START tests/db/test_production_payment_gate.py::test_sin_cobrar_no_arranca_y_no_queda_rastro
2026-09-29T23:08:06.621872+00:00 START tests/db/test_production_payment_gate.py::test_sin_registro_de_pago_tampoco_arranca
2026-09-29T23:08:13.512300+00:00 START tests/db/test_production_payment_gate.py::test_un_arranque_bloqueado_por_pago_no_finge_una_transicion
2026-09-29T23:08:20.131818+00:00 START tests/db/test_production_payment_gate.py::test_marcar_pagada_no_arranca_la_produccion_sola
2026-09-29T23:08:27.281891+00:00 START tests/db/test_production_payment_gate.py::test_preparar_antes_de_cobrar_y_arrancar_despues
2026-09-29T23:08:34.586614+00:00 START tests/db/test_production_payment_gate.py::test_arrancar_dos_veces_tras_cobrar_sigue_consumiendo_una_vez
2026-09-29T23:08:41.868529+00:00 START tests/db/test_production_payment_gate.py::test_el_administrador_tampoco_se_salta_el_cobro
2026-09-29T23:08:48.738881+00:00 START tests/db/test_production_payment_gate.py::test_el_operario_tampoco
2026-09-29T23:08:56.792946+00:00 START tests/db/test_production_payment_gate.py::test_el_operario_arranca_en_cuanto_esta_cobrada
2026-09-29T23:09:04.765481+00:00 START tests/db/test_production_payment_gate.py::test_sin_permiso_es_401_y_no_409
2026-09-29T23:09:11.416694+00:00 START tests/db/test_production_rbac.py::test_el_operario_lleva_la_orden_de_principio_a_fin
2026-09-29T23:09:19.082417+00:00 START tests/db/test_production_rbac.py::test_el_operario_prepara_receta_y_ajusta_existencia
2026-09-29T23:09:25.534282+00:00 START tests/db/test_production_rbac.py::test_el_operario_lee_la_orden_y_su_hoja_de_taller
2026-09-29T23:09:33.187858+00:00 START tests/db/test_production_rbac.py::test_el_operario_no_puede_anular_una_orden
2026-09-29T23:09:40.848214+00:00 START tests/db/test_production_rbac.py::test_el_operario_no_crea_almacenes
2026-09-29T23:09:43.766274+00:00 START tests/db/test_production_rbac.py::test_el_operario_no_toca_lo_comercial
2026-09-29T23:09:49.746094+00:00 START tests/db/test_production_rbac.py::test_sin_sesion_ninguna_mutacion_de_produccion_pasa
2026-09-29T23:09:56.710472+00:00 START tests/db/test_production_rbac.py::test_el_administrador_conserva_las_cuatro_transiciones
2026-09-29T23:10:08.106444+00:00 START tests/db/test_production_results_010p.py::test_complete_linea_custom_crea_un_producto_categoria_y_stock_30
2026-09-29T23:10:18.202738+00:00 RESULT call:failed tests/db/test_production_results_010p.py::test_complete_linea_custom_crea_un_producto_categoria_y_stock_30
2026-09-29T23:10:18.214161+00:00 START tests/db/test_production_results_010p.py::test_complete_custom_concurrente_no_duplica_producto_resultado_ni_stock
2026-09-29T23:10:27.664709+00:00 START tests/db/test_production_results_010p.py::test_complete_custom_error_despues_de_flush_revierte_todo
2026-09-29T23:10:36.574622+00:00 START tests/db/test_production_results_010p.py::test_get_result_lines_v2p_roundtrip_uses_public_contract_only
2026-09-29T23:10:45.121062+00:00 START tests/db/test_production_start.py::test_arrancar_descuenta_el_material_y_deja_el_movimiento
2026-09-29T23:10:52.048113+00:00 START tests/db/test_production_start.py::test_producir_no_vuelve_a_consumir_los_componentes_de_la_receta
2026-09-29T23:10:59.450361+00:00 START tests/db/test_production_start.py::test_sin_receta_no_arranca_y_no_mueve_nada
2026-09-29T23:11:07.317630+00:00 START tests/db/test_production_start.py::test_sin_gramos_por_pieza_no_arranca_y_no_mueve_nada
2026-09-29T23:11:14.371006+00:00 START tests/db/test_production_start.py::test_una_receta_que_no_produce_preparado_no_arranca
2026-09-29T23:11:21.702436+00:00 START tests/db/test_production_start.py::test_sin_existencia_del_preparado_no_arranca
2026-09-29T23:11:28.412566+00:00 START tests/db/test_production_start.py::test_con_existencia_insuficiente_no_arranca_ni_a_medias
2026-09-29T23:11:35.312204+00:00 START tests/db/test_production_start.py::test_un_preparado_en_mililitros_bloquea_el_arranque
2026-09-29T23:11:42.842964+00:00 START tests/db/test_production_start.py::test_un_preparado_en_kilos_si_convierte_con_el_maestro_de_unidades
2026-09-29T23:11:50.185834+00:00 START tests/db/test_production_start.py::test_arrancar_dos_veces_consume_una_sola_vez
2026-09-29T23:11:57.517128+00:00 START tests/db/test_production_start.py::test_completar_registra_producto_terminado_bueno_en_stock
2026-09-29T23:12:04.786519+00:00 START tests/db/test_production_start.py::test_anular_una_orden_creada_no_toca_el_inventario
2026-09-29T23:12:11.748900+00:00 START tests/db/test_production_start.py::test_una_orden_arrancada_no_se_puede_anular
2026-09-29T23:12:19.326301+00:00 START tests/db/test_production_start.py::test_una_orden_completada_no_se_puede_anular
2026-09-29T23:12:26.635005+00:00 START tests/db/test_production_start.py::test_una_orden_anulada_no_puede_arrancar
2026-09-29T23:12:33.614026+00:00 START tests/db/test_production_start.py::test_anular_la_cotizacion_no_anula_la_orden_por_su_cuenta
2026-09-29T23:12:40.781808+00:00 START tests/db/test_production_v2_communications.py::TestRegistrar::test_el_admin_registra_y_se_guarda_el_texto_final
2026-09-29T23:12:48.484991+00:00 START tests/db/test_production_v2_communications.py::TestRegistrar::test_el_operador_registra
2026-09-29T23:12:56.450590+00:00 START tests/db/test_production_v2_communications.py::TestRegistrar::test_el_autor_es_el_de_la_sesion
2026-09-29T23:13:04.476338+00:00 START tests/db/test_production_v2_communications.py::TestRegistrar::test_el_formulario_no_puede_atribuirselo_a_otro
2026-09-29T23:13:12.201256+00:00 START tests/db/test_production_v2_communications.py::TestPermisos::test_sin_sesion_no_se_registra
2026-09-29T23:13:20.169380+00:00 START tests/db/test_production_v2_communications.py::TestPermisos::test_sin_csrf_es_403_y_no_deja_nada
2026-09-29T23:13:27.958756+00:00 START tests/db/test_production_v2_communications.py::TestRechazos::test_un_mensaje_vacio
2026-09-29T23:13:36.013928+00:00 START tests/db/test_production_v2_communications.py::TestRechazos::test_un_mensaje_demasiado_largo
2026-09-29T23:13:44.024950+00:00 START tests/db/test_production_v2_communications.py::TestRechazos::test_un_canal_que_no_existe
2026-09-29T23:13:51.654794+00:00 START tests/db/test_production_v2_communications.py::TestRechazos::test_la_fecha_es_obligatoria_y_con_zona
2026-09-29T23:14:00.252988+00:00 START tests/db/test_production_v2_communications.py::TestRechazos::test_una_fecha_del_futuro_o_de_antes_de_la_orden
2026-09-29T23:14:08.644779+00:00 START tests/db/test_production_v2_communications.py::TestRechazos::test_una_orden_que_no_existe
2026-09-29T23:14:12.042992+00:00 START tests/db/test_production_v2_communications.py::TestRechazos::test_una_orden_legacy
2026-09-29T23:14:18.826998+00:00 START tests/db/test_production_v2_communications.py::TestRechazos::test_la_base_tambien_rechaza_un_mensaje_en_blanco
2026-09-29T23:14:26.802268+00:00 START tests/db/test_production_v2_communications.py::TestEstados::test_se_registra_en_inicio_en_proceso_finalizada_y_anulada
2026-09-29T23:14:37.950923+00:00 START tests/db/test_production_v2_communications.py::TestEstados::test_registrar_no_cambia_el_estado
2026-09-29T23:14:46.018179+00:00 START tests/db/test_production_v2_communications.py::TestSinEfectos::test_no_toca_inventario_ni_cotizacion
2026-09-29T23:14:53.946321+00:00 START tests/db/test_production_v2_communications.py::TestSeguimiento::test_aparece_una_vez_como_comunicacion
2026-09-29T23:15:02.291418+00:00 START tests/db/test_production_v2_communications.py::TestSeguimiento::test_se_ordena_entre_los_demas_hechos_y_solo_lleva_su_detalle
2026-09-29T23:15:12.568938+00:00 START tests/db/test_production_v2_communications.py::TestSeguimiento::test_a_igual_instante_el_aviso_va_despues_de_los_demas
2026-09-29T23:15:15.418924+00:00 START tests/db/test_production_v2_communications.py::TestIdempotencia::test_el_doble_clic_no_duplica
2026-09-29T23:15:23.189055+00:00 START tests/db/test_production_v2_communications.py::TestIdempotencia::test_la_misma_clave_con_otra_fecha_u_otra_orden_es_un_409
2026-09-29T23:15:33.686188+00:00 START tests/db/test_production_v2_communications.py::TestIdempotencia::test_la_comparacion_del_reintento_incluye_el_canal
2026-09-29T23:15:36.545232+00:00 START tests/db/test_production_v2_communications.py::TestIdempotencia::test_la_misma_clave_con_otro_texto_es_un_409
2026-09-29T23:15:44.881638+00:00 START tests/db/test_production_v2_communications.py::TestIdempotencia::test_cinco_peticiones_con_la_misma_clave_dejan_una
2026-09-29T23:15:53.000182+00:00 START tests/db/test_production_v2_communications.py::TestIdempotencia::test_dos_avisos_distintos_son_dos
2026-09-29T23:16:01.406748+00:00 START tests/db/test_production_v2_consumption.py::TestConsumoReal::test_descuenta_exactamente_y_deja_un_movimiento_de_produccion
2026-09-29T23:16:09.227768+00:00 START tests/db/test_production_v2_consumption.py::TestConsumoReal::test_el_consumo_de_la_orden_entera_no_exige_pieza
2026-09-29T23:16:16.933786+00:00 START tests/db/test_production_v2_consumption.py::TestConsumoReal::test_la_lista_devuelve_los_consumos_en_orden
2026-09-29T23:16:24.887506+00:00 START tests/db/test_production_v2_consumption.py::TestConsumoReal::test_consumir_no_cambia_la_cotizacion
2026-09-29T23:16:34.419806+00:00 START tests/db/test_production_v2_consumption.py::TestExistenciaInsuficiente::test_pedir_mas_de_lo_que_hay_no_descuenta_nada
2026-09-29T23:16:42.338786+00:00 START tests/db/test_production_v2_consumption.py::TestExistenciaInsuficiente::test_sin_saldo_previo_es_un_error_de_negocio_y_no_un_500
2026-09-29T23:16:49.856184+00:00 START tests/db/test_production_v2_consumption.py::TestIdempotencia::test_el_reintento_devuelve_el_mismo_consumo_sin_descontar_otra_vez
2026-09-29T23:16:58.225621+00:00 START tests/db/test_production_v2_consumption.py::TestIdempotencia::test_la_misma_clave_pidiendo_otra_cantidad_es_un_409
2026-09-29T23:17:06.100542+00:00 START tests/db/test_production_v2_consumption.py::TestIdempotencia::test_un_reintento_sin_almacen_no_valida_un_consumo_de_otro_almacen
2026-09-29T23:17:14.087160+00:00 START tests/db/test_production_v2_consumption.py::TestIdempotencia::test_cinco_peticiones_con_la_misma_clave_descuentan_una_vez
2026-09-29T23:17:22.230745+00:00 START tests/db/test_production_v2_consumption.py::TestIdempotencia::test_el_conflicto_dentro_del_savepoint_deshace_tambien_el_movimiento
2026-09-29T23:17:30.707953+00:00 START tests/db/test_production_v2_consumption.py::TestConcurrencia::test_dos_consumos_de_seis_sobre_lote_de_diez_solo_uno_gana
2026-09-29T23:17:41.255475+00:00 START tests/db/test_production_v2_consumption.py::TestConcurrencia::test_dos_consumos_de_700_sobre_1000_solo_uno_gana
2026-09-29T23:17:49.642655+00:00 START tests/db/test_production_v2_consumption.py::TestConcurrencia::test_dos_ordenes_distintas_tampoco_pueden_llevarse_las_dos
2026-09-29T23:17:59.801472+00:00 START tests/db/test_production_v2_consumption.py::TestCuandoSePuedeConsumir::test_se_consume_en_inicio_y_en_proceso
2026-09-29T23:18:07.800961+00:00 START tests/db/test_production_v2_consumption.py::TestCuandoSePuedeConsumir::test_una_orden_finalizada_no_admite_consumos
2026-09-29T23:18:16.259259+00:00 START tests/db/test_production_v2_consumption.py::TestCuandoSePuedeConsumir::test_una_orden_anulada_no_admite_consumos
2026-09-29T23:18:24.055051+00:00 START tests/db/test_production_v2_consumption.py::TestCuandoSePuedeConsumir::test_una_orden_legacy_no_registra_consumos_a_mano
2026-09-29T23:18:31.329467+00:00 START tests/db/test_production_v2_consumption.py::TestRechazos::test_un_material_desactivado
2026-09-29T23:18:39.616528+00:00 START tests/db/test_production_v2_consumption.py::TestRechazos::test_un_material_que_no_existe
2026-09-29T23:18:47.232616+00:00 START tests/db/test_production_v2_consumption.py::TestRechazos::test_un_almacen_que_no_existe
2026-09-29T23:18:55.184635+00:00 START tests/db/test_production_v2_consumption.py::TestRechazos::test_una_pieza_de_otra_cotizacion
2026-09-29T23:19:04.511230+00:00 START tests/db/test_production_v2_consumption.py::TestRechazos::test_una_cantidad_que_no_es_positiva[0]
2026-09-29T23:19:12.907098+00:00 START tests/db/test_production_v2_consumption.py::TestRechazos::test_una_cantidad_que_no_es_positiva[-5]
2026-09-29T23:19:20.643682+00:00 START tests/db/test_production_v2_consumption.py::TestRechazos::test_la_clave_de_idempotencia_es_obligatoria
2026-09-29T23:19:28.462362+00:00 START tests/db/test_production_v2_consumption.py::TestAnularConConsumos::test_no_se_anula_y_no_devuelve_nada
2026-09-29T23:19:36.553889+00:00 START tests/db/test_production_v2_consumption.py::TestAnularConConsumos::test_consumir_y_anular_a_la_vez_nunca_terminan_los_dos
2026-09-29T23:19:45.363946+00:00 START tests/db/test_production_v2_consumption.py::TestAnularConConsumos::test_sin_consumos_se_sigue_pudiendo_anular
2026-09-29T23:19:53.400736+00:00 START tests/db/test_production_v2_consumption.py::TestPermisos::test_el_operador_registra_consumos
2026-09-29T23:20:01.809569+00:00 START tests/db/test_production_v2_origin.py::TestCrearOrdenV2::test_crea_la_orden_en_inicio_con_su_origen_y_sin_tocar_inventario
2026-09-29T23:20:09.371229+00:00 START tests/db/test_production_v2_origin.py::TestCrearOrdenV2::test_crearla_no_cambia_la_cotizacion
2026-09-29T23:20:17.159306+00:00 START tests/db/test_production_v2_origin.py::TestUnaSolaOrden::test_pedirla_otra_vez_devuelve_la_misma
2026-09-29T23:20:25.090291+00:00 START tests/db/test_production_v2_origin.py::TestUnaSolaOrden::test_con_otra_clave_sigue_siendo_la_misma
2026-09-29T23:20:32.930314+00:00 START tests/db/test_production_v2_origin.py::TestUnaSolaOrden::test_cinco_peticiones_a_la_vez_dejan_una_sola_orden
2026-09-29T23:20:40.949764+00:00 START tests/db/test_production_v2_origin.py::TestUnaSolaOrden::test_la_clave_de_otra_orden_no_devuelve_una_orden_ajena
2026-09-29T23:20:50.719928+00:00 START tests/db/test_production_v2_origin.py::TestRechazos::test_sin_enviar_a_produccion_no_hay_orden
2026-09-29T23:20:57.888479+00:00 START tests/db/test_production_v2_origin.py::TestRechazos::test_una_cotizacion_v2_que_no_existe
2026-09-29T23:21:01.321123+00:00 START tests/db/test_production_v2_origin.py::TestRechazos::test_un_almacen_que_no_existe
2026-09-29T23:21:08.772462+00:00 START tests/db/test_production_v2_origin.py::TestRechazos::test_dos_origenes_a_la_vez_es_un_422
2026-09-29T23:21:12.337835+00:00 START tests/db/test_production_v2_origin.py::TestArrancarOrdenV2::test_arranca_sin_preguntar_por_un_cobro_legacy_y_sin_tocar_inventario
2026-09-29T23:21:19.911117+00:00 START tests/db/test_production_v2_origin.py::TestArrancarOrdenV2::test_arrancar_dos_veces_no_cambia_nada
2026-09-29T23:21:28.871401+00:00 START tests/db/test_production_v2_origin.py::TestArrancarOrdenV2::test_el_operador_arranca_la_orden
2026-09-29T23:21:36.501233+00:00 START tests/db/test_production_v2_origin.py::TestPermisosYLectura::test_el_operador_crea_la_orden_como_una_legacy
2026-09-29T23:21:45.235856+00:00 START tests/db/test_production_v2_origin.py::TestPermisosYLectura::test_la_lista_filtra_por_cotizacion_v2_y_no_la_confunde_con_legacy
2026-09-29T23:21:53.418388+00:00 START tests/db/test_production_v2_origin.py::TestPermisosYLectura::test_la_ficha_se_lee_con_su_origen
2026-09-29T23:22:01.026580+00:00 START tests/db/test_production_v2_pieces.py::TestPiezasDeLaFicha::test_el_admin_lee_las_piezas_congeladas_en_su_orden
2026-09-29T23:22:09.690393+00:00 START tests/db/test_production_v2_pieces.py::TestPiezasDeLaFicha::test_el_operador_lee_las_piezas_sin_poder_leer_la_cotizacion
2026-09-29T23:22:17.823794+00:00 START tests/db/test_production_v2_pieces.py::TestPiezasDeLaFicha::test_el_esmalte_planificado_se_lee_de_la_pieza
2026-09-29T23:22:26.130312+00:00 START tests/db/test_production_v2_pieces.py::TestSinImportes::test_la_ficha_y_el_listado_no_llevan_ninguna_clave_economica
2026-09-29T23:22:34.548218+00:00 START tests/db/test_production_v2_pieces.py::TestSinImportes::test_ninguna_columna_economica_de_la_pieza_llega_al_esquema
2026-09-29T23:22:37.523093+00:00 START tests/db/test_production_v2_pieces.py::TestListado::test_cliente_y_resumen_de_piezas
2026-09-29T23:22:46.159443+00:00 START tests/db/test_production_v2_pieces.py::TestListado::test_el_resumen_se_corta_a_cuatro_piezas
2026-09-29T23:22:57.368604+00:00 START tests/db/test_production_v2_pieces.py::TestListado::test_el_listado_no_hace_una_consulta_por_fila
2026-09-29T23:23:09.233501+00:00 START tests/db/test_production_v2_pieces.py::TestCompatibilidad::test_una_orden_legacy_no_tiene_piezas_v2_y_si_su_cliente
2026-09-29T23:23:16.226408+00:00 START tests/db/test_production_v2_pieces.py::TestCompatibilidad::test_una_orden_de_muestra_sigue_sin_cliente_ni_piezas_v2
2026-09-29T23:23:21.442351+00:00 START tests/db/test_production_v2_pieces.py::TestCompatibilidad::test_leer_la_orden_no_toca_cotizacion_ni_inventario
2026-09-29T23:23:30.813440+00:00 START tests/db/test_production_v2_tracking.py::TestFinalizarConMaterialReal::test_caso_a_pide_pasta_y_sin_consumo_no_finaliza
2026-09-29T23:23:39.520785+00:00 START tests/db/test_production_v2_tracking.py::TestFinalizarConMaterialReal::test_caso_a_con_el_consumo_real_ya_finaliza
2026-09-29T23:23:49.010051+00:00 START tests/db/test_production_v2_tracking.py::TestFinalizarConMaterialReal::test_caso_b_sin_material_inventariable_finaliza_sin_consumos
2026-09-29T23:23:58.095637+00:00 START tests/db/test_production_v2_tracking.py::TestFinalizarConMaterialReal::test_si_pide_esmalte_hace_falta_tambien_un_consumo_de_esmalte
2026-09-29T23:24:07.542956+00:00 START tests/db/test_production_v2_tracking.py::TestFinalizarConMaterialReal::test_un_consumo_de_otra_clase_no_cubre_la_pasta
2026-09-29T23:24:16.915589+00:00 START tests/db/test_production_v2_tracking.py::TestFinalizarConMaterialReal::test_una_orden_en_inicio_sigue_sin_poder_finalizar
2026-09-29T23:24:24.696764+00:00 START tests/db/test_production_v2_tracking.py::TestFinalizarConMaterialReal::test_finalizar_dos_veces_no_falla_ni_vuelve_a_exigir
2026-09-29T23:24:34.231427+00:00 START tests/db/test_production_v2_tracking.py::TestNotasYQuemas::test_una_nota_en_inicio
2026-09-29T23:24:41.929958+00:00 START tests/db/test_production_v2_tracking.py::TestNotasYQuemas::test_una_quema_guarda_horno_tipo_y_cuando
2026-09-29T23:24:50.794407+00:00 START tests/db/test_production_v2_tracking.py::TestNotasYQuemas::test_una_quema_no_mueve_inventario
2026-09-29T23:24:59.129193+00:00 START tests/db/test_production_v2_tracking.py::TestNotasYQuemas::test_no_hay_quema_antes_de_arrancar
2026-09-29T23:25:07.033506+00:00 START tests/db/test_production_v2_tracking.py::TestNotasYQuemas::test_una_orden_finalizada_admite_notas
2026-09-29T23:25:15.899912+00:00 START tests/db/test_production_v2_tracking.py::TestNotasYQuemas::test_una_orden_anulada_no_admite_notas
2026-09-29T23:25:23.854538+00:00 START tests/db/test_production_v2_tracking.py::TestNotasYQuemas::test_el_reintento_devuelve_la_misma_nota
2026-09-29T23:25:33.722019+00:00 START tests/db/test_production_v2_tracking.py::TestNotasYQuemas::test_la_misma_clave_con_otro_texto_es_un_409
2026-09-29T23:25:41.618997+00:00 START tests/db/test_production_v2_tracking.py::TestNotasYQuemas::test_la_misma_clave_con_otra_fecha_es_un_409
2026-09-29T23:25:50.487365+00:00 START tests/db/test_production_v2_tracking.py::TestNotasYQuemas::test_la_fecha_es_obligatoria
2026-09-29T23:25:58.432066+00:00 START tests/db/test_production_v2_tracking.py::TestNotasYQuemas::test_un_horno_inactivo_o_inexistente
2026-09-29T23:26:06.933343+00:00 START tests/db/test_production_v2_tracking.py::TestNotasYQuemas::test_una_fecha_del_futuro_o_de_antes_de_la_orden
2026-09-29T23:26:15.082052+00:00 START tests/db/test_production_v2_tracking.py::TestNotasYQuemas::test_una_nota_y_una_quema_no_se_hacen_pasar_la_una_por_la_otra
2026-09-29T23:26:22.891325+00:00 START tests/db/test_production_v2_tracking.py::TestNotasYQuemas::test_la_base_tambien_lo_impide
2026-09-29T23:26:31.358610+00:00 START tests/db/test_production_v2_tracking.py::TestNotasYQuemas::test_una_orden_legacy_no_admite_notas
2026-09-29T23:26:38.179392+00:00 START tests/db/test_production_v2_tracking.py::TestSeguimiento::test_reune_estados_consumos_notas_y_quemas_en_orden
2026-09-29T23:26:48.373062+00:00 START tests/db/test_production_v2_tracking.py::TestSeguimiento::test_una_orden_anulada_muestra_su_anulacion
2026-09-29T23:26:57.929062+00:00 START tests/db/test_production_v2_tracking.py::TestSeguimiento::test_una_orden_que_no_existe
2026-09-29T23:27:01.145199+00:00 START tests/db/test_production_v2_tracking.py::TestPermisos::test_el_operador_anota_quema_y_finaliza
2026-09-29T23:27:10.349854+00:00 START tests/db/test_prototype_order_addendum.py::test_anular_la_orden_anula_la_muestra_y_no_toca_nada_mas
2026-09-29T23:27:16.006386+00:00 START tests/db/test_prototype_order_addendum.py::test_una_orden_arrancada_no_se_puede_anular
2026-09-29T23:27:21.591170+00:00 START tests/db/test_prototype_order_addendum.py::test_el_cuerpo_declarado_en_la_cotizacion_llega_como_rol
2026-09-29T23:27:27.516888+00:00 START tests/db/test_prototype_order_addendum.py::test_la_ficha_de_la_orden_ensena_el_rol_del_cuerpo
2026-09-29T23:27:33.956173+00:00 START tests/db/test_prototype_order_addendum.py::test_la_hoja_de_taller_no_cambia_por_el_rol
2026-09-29T23:27:39.549944+00:00 START tests/db/test_prototype_order_addendum.py::test_la_sucesora_hereda_la_cotizacion_de_prototipo
2026-09-29T23:27:46.576245+00:00 START tests/db/test_prototype_order_addendum.py::test_una_sucesora_de_muestra_sin_cotizacion_sigue_sin_cotizacion
2026-09-29T23:27:54.608267+00:00 START tests/db/test_prototype_order_addendum.py::test_cobrar_dos_veces_con_sucesora_sigue_devolviendo_la_raiz
2026-09-29T23:28:01.308982+00:00 START tests/db/test_prototype_order_addendum.py::test_la_sucesora_arranca_con_el_guardia_de_cobro_de_su_cotizacion
2026-09-29T23:28:08.644234+00:00 START tests/db/test_prototype_order_addendum.py::test_una_cotizacion_sin_iteraciones_devuelve_su_unica_muestra
2026-09-29T23:28:13.968770+00:00 START tests/db/test_prototype_order_addendum.py::test_la_raiz_se_elige_por_la_cadena_y_no_por_el_identificador
2026-09-29T23:28:19.385731+00:00 START tests/db/test_prototype_order_addendum.py::test_dos_raices_para_la_misma_cotizacion_no_se_resuelven_solas
2026-09-29T23:28:24.685296+00:00 START tests/db/test_prototype_production_document.py::test_la_hoja_de_una_orden_de_muestra_se_imprime
2026-09-29T23:28:30.988563+00:00 START tests/db/test_prototype_production_document.py::test_la_hoja_dice_de_donde_viene_la_muestra
2026-09-29T23:28:36.578811+00:00 START tests/db/test_prototype_production_document.py::test_la_hoja_lleva_lo_que_hace_falta_para_fabricar
2026-09-29T23:28:42.306272+00:00 START tests/db/test_prototype_production_document.py::test_la_hoja_de_una_muestra_no_lleva_ni_un_precio
2026-09-29T23:28:47.951962+00:00 START tests/db/test_prototype_production_document.py::test_la_hoja_de_una_muestra_reutiliza_el_qr_de_siempre
2026-09-29T23:28:54.900873+00:00 START tests/db/test_prototype_production_document.py::test_el_seguimiento_publico_de_una_muestra_no_dice_que_es_una_muestra
2026-09-29T23:29:00.706258+00:00 START tests/db/test_prototype_production_lifecycle.py::test_el_material_sale_de_las_lineas_de_la_muestra
2026-09-29T23:29:07.425182+00:00 START tests/db/test_prototype_production_lifecycle.py::test_completar_la_orden_completa_la_muestra
2026-09-29T23:29:13.713525+00:00 START tests/db/test_prototype_production_lifecycle.py::test_anular_la_orden_anula_la_muestra
2026-09-29T23:29:19.455386+00:00 START tests/db/test_prototype_production_lifecycle.py::test_la_evaluacion_se_guarda_en_la_muestra
2026-09-29T23:29:25.712468+00:00 START tests/db/test_prototype_production_lifecycle.py::test_una_muestra_rechazada_se_repite_con_su_propia_orden
2026-09-29T23:29:32.826203+00:00 START tests/db/test_prototype_production_lifecycle.py::test_no_se_le_crea_orden_a_una_muestra_ya_fabricada
2026-09-29T23:29:40.452856+00:00 START tests/db/test_prototype_production_lifecycle.py::test_un_alta_de_orden_exige_un_origen_y_solo_uno
2026-09-29T23:29:43.838044+00:00 START tests/db/test_prototype_production_lifecycle.py::test_abrir_una_muestra_sin_orden_no_le_crea_una
2026-09-29T23:29:48.409053+00:00 START tests/db/test_prototype_production_lifecycle.py::test_una_muestra_arrancada_por_el_camino_antiguo_no_se_toca
2026-09-29T23:29:56.794971+00:00 START tests/db/test_prototype_production_lifecycle.py::test_con_un_unico_almacen_activo_el_cobro_sigue_exigiendolo
2026-09-29T23:30:02.018610+00:00 START tests/db/test_prototype_production_lifecycle.py::test_veinte_cobros_simultaneos_dejan_una_sola_orden
2026-09-29T23:30:10.535557+00:00 START tests/db/test_prototype_production_order.py::test_cobrar_deja_producto_muestra_y_orden
2026-09-29T23:30:15.579579+00:00 START tests/db/test_prototype_production_order.py::test_cobrar_dos_veces_devuelve_las_mismas_tres_cosas
2026-09-29T23:30:20.846741+00:00 START tests/db/test_prototype_production_order.py::test_un_segundo_cobro_con_otro_almacen_no_mueve_el_de_la_orden
2026-09-29T23:30:26.134611+00:00 START tests/db/test_prototype_production_order.py::test_cobrar_sin_almacen_se_rechaza
2026-09-29T23:30:31.181859+00:00 START tests/db/test_prototype_production_order.py::test_cobrar_con_un_almacen_inexistente_se_rechaza
2026-09-29T23:30:35.909359+00:00 START tests/db/test_prototype_production_order.py::test_cobrar_con_un_almacen_desactivado_se_rechaza
2026-09-29T23:30:40.672765+00:00 START tests/db/test_prototype_production_order.py::test_una_orden_no_puede_quedarse_sin_origen
2026-09-29T23:30:43.616926+00:00 START tests/db/test_prototype_production_order.py::test_una_orden_no_puede_tener_los_dos_origenes
2026-09-29T23:30:51.889922+00:00 START tests/db/test_prototype_production_order.py::test_la_linea_de_la_orden_de_muestra_apunta_al_producto_sin_item
2026-09-29T23:30:57.852798+00:00 START tests/db/test_prototype_production_order.py::test_el_detalle_dice_de_donde_viene_la_orden
2026-09-29T23:31:03.085591+00:00 START tests/db/test_prototype_production_order.py::test_la_orden_de_muestra_sale_en_la_lista_general
2026-09-29T23:31:08.224666+00:00 START tests/db/test_prototype_production_order.py::test_arrancar_la_orden_consume_como_prototype_out
2026-09-29T23:31:14.116955+00:00 START tests/db/test_prototype_production_order.py::test_arrancar_dos_veces_no_consume_dos_veces
2026-09-29T23:31:19.815897+00:00 START tests/db/test_prototype_production_order.py::test_a_la_muestra_no_se_le_exige_estar_aprobada_para_fabricarla
2026-09-29T23:31:25.513665+00:00 START tests/db/test_prototype_production_order.py::test_completar_no_vuelve_a_consumir_ni_aprueba_la_muestra
2026-09-29T23:31:32.132048+00:00 START tests/db/test_prototype_production_order.py::test_una_orden_de_cotizacion_no_tiene_muestra
2026-09-29T23:31:38.713813+00:00 START tests/db/test_prototype_quotation_bridge.py::test_una_muestra_recien_creada_no_autoriza_cotizar
2026-09-29T23:31:46.131292+00:00 START tests/db/test_prototype_quotation_bridge.py::test_una_muestra_en_produccion_no_autoriza_cotizar
2026-09-29T23:31:54.794006+00:00 START tests/db/test_prototype_quotation_bridge.py::test_una_muestra_completada_sin_decidir_no_autoriza_cotizar
2026-09-29T23:32:02.605791+00:00 START tests/db/test_prototype_quotation_bridge.py::test_una_muestra_rechazada_no_autoriza_cotizar
2026-09-29T23:32:10.518748+00:00 START tests/db/test_prototype_quotation_bridge.py::test_una_predecesora_aprobada_pero_sustituida_no_autoriza_cotizar
2026-09-29T23:32:18.981631+00:00 START tests/db/test_prototype_quotation_bridge.py::test_la_muestra_vigente_aprobada_crea_un_borrador_y_nada_mas
2026-09-29T23:32:27.980975+00:00 START tests/db/test_prototype_quotation_bridge.py::test_pulsar_dos_veces_devuelve_el_mismo_borrador
2026-09-29T23:32:36.785234+00:00 START tests/db/test_prototype_quotation_bridge.py::test_veinte_peticiones_simultaneas_crean_una_sola_cotizacion
2026-09-29T23:32:49.038407+00:00 START tests/db/test_prototype_quotation_bridge.py::test_una_muestra_puede_originar_varias_cotizaciones_a_lo_largo_del_tiempo
2026-09-29T23:32:58.052859+00:00 START tests/db/test_prototype_quotation_bridge.py::test_las_medidas_salen_de_la_ficha_estructurada_y_no_de_las_notas
2026-09-29T23:33:06.416536+00:00 START tests/db/test_prototype_quotation_bridge.py::test_una_muestra_sin_ficha_no_precarga_medidas_inventadas
2026-09-29T23:33:15.045613+00:00 START tests/db/test_prototype_quotation_bridge.py::test_el_material_del_cuerpo_sale_del_consumo_real_dividido_entre_las_piezas
2026-09-29T23:33:23.573440+00:00 START tests/db/test_prototype_quotation_bridge.py::test_sin_rol_declarado_no_se_adivina_el_material_del_cuerpo
2026-09-29T23:33:32.704393+00:00 START tests/db/test_prototype_quotation_bridge.py::test_con_dos_cuerpos_declarados_el_puente_no_elige
2026-09-29T23:33:41.862913+00:00 START tests/db/test_prototype_quotation_bridge.py::test_el_esmalte_de_la_muestra_no_se_convierte_en_plan_de_esmaltes
2026-09-29T23:33:52.171687+00:00 START tests/db/test_prototype_quotation_bridge.py::test_el_taller_no_cotiza
2026-09-29T23:34:01.322804+00:00 START tests/db/test_prototype_quotation_bridge.py::test_arrancar_escribe_el_consumo_real_junto_al_movimiento
2026-09-29T23:34:08.913818+00:00 START tests/db/test_prototype_quotation_bridge.py::test_un_arranque_que_falla_no_deja_consumo_registrado
2026-09-29T23:34:16.684091+00:00 START tests/db/test_prototype_quotation_bridge.py::test_arrancar_dos_veces_no_reescribe_el_consumo
2026-09-29T23:34:24.380985+00:00 START tests/db/test_prototype_quotation_bridge.py::test_una_muestra_sin_producto_da_un_borrador_vacio_y_no_uno_inventado
2026-09-29T23:34:32.898784+00:00 START tests/db/test_prototype_quotation_bridge.py::test_lo_que_se_declara_al_dar_de_alta_la_muestra_se_guarda
2026-09-29T23:34:37.481262+00:00 START tests/db/test_prototype_quotation_bridge.py::test_editar_la_ficha_la_guarda_de_verdad
2026-09-29T23:34:41.452200+00:00 START tests/db/test_prototype_quotation_bridge.py::test_la_muestra_sucesora_hereda_la_ficha_y_los_roles
2026-09-29T23:34:49.839272+00:00 START tests/db/test_prototype_quotation_bridge.py::test_el_origen_se_puede_leer_desde_los_dos_lados
2026-09-29T23:34:59.772652+00:00 START tests/db/test_prototype_quotation_bridge.py::test_una_cotizacion_sin_muestra_no_se_inventa_un_origen
2026-09-29T23:35:06.045075+00:00 START tests/db/test_prototype_quotations.py::test_el_esquema_tiene_las_tablas_columnas_y_restricciones
2026-09-29T23:35:09.038009+00:00 START tests/db/test_prototype_quotations.py::test_las_tarifas_de_prototipo_nacen_en_cero
2026-09-29T23:35:12.093531+00:00 START tests/db/test_prototype_quotations.py::test_el_talonario_cpr_existe_y_es_suyo
2026-09-29T23:35:15.045856+00:00 START tests/db/test_prototype_quotations.py::test_la_muestra_gano_el_vinculo_sin_perder_el_viejo
2026-09-29T23:35:17.971021+00:00 START tests/db/test_prototype_quotations.py::test_el_caso_de_referencia_da_450_81_531_y_6_dias_por_la_api
2026-09-29T23:35:22.317899+00:00 START tests/db/test_prototype_quotations.py::test_la_previsualizacion_no_deja_rastro
2026-09-29T23:35:27.455959+00:00 START tests/db/test_prototype_quotations.py::test_un_borrador_sin_tarifa_pactada_sigue_a_la_configuracion
2026-09-29T23:35:32.546820+00:00 START tests/db/test_prototype_quotations.py::test_una_tarifa_pactada_gana_a_la_de_la_casa
2026-09-29T23:35:37.062371+00:00 START tests/db/test_prototype_quotations.py::test_la_unidad_la_manda_el_catalogo_y_no_el_navegador
2026-09-29T23:35:41.318493+00:00 START tests/db/test_prototype_quotations.py::test_al_emitir_se_congela_todo_lo_que_hizo_falta_para_el_numero
2026-09-29T23:35:46.407734+00:00 START tests/db/test_prototype_quotations.py::test_un_borrador_no_tiene_todavia_el_costo_del_material_congelado
2026-09-29T23:35:51.114572+00:00 START tests/db/test_prototype_quotations.py::test_lo_emitido_no_cambia_aunque_cambie_el_mundo
2026-09-29T23:35:56.553878+00:00 START tests/db/test_prototype_quotations.py::test_una_emitida_ya_no_se_edita
2026-09-29T23:36:01.061368+00:00 START tests/db/test_prototype_quotations.py::test_veinte_emisiones_simultaneas_dan_veinte_codigos_distintos
2026-09-29T23:36:11.147587+00:00 START tests/db/test_prototype_quotations.py::test_cobrar_no_mueve_inventario_y_deja_una_sola_muestra
2026-09-29T23:36:16.565202+00:00 START tests/db/test_prototype_quotations.py::test_la_muestra_hereda_lo_tecnico_y_nada_del_dinero
2026-09-29T23:36:23.031927+00:00 START tests/db/test_prototype_quotations.py::test_una_pagada_no_se_anula
2026-09-29T23:36:30.630729+00:00 START tests/db/test_prototype_quotations.py::test_un_borrador_no_se_descarga
2026-09-29T23:36:35.480404+00:00 START tests/db/test_prototype_quotations.py::test_una_cotizacion_que_no_existe_da_404
2026-09-29T23:36:39.246804+00:00 START tests/db/test_prototype_quotations.py::test_el_pdf_ensena_el_precio_y_no_como_se_compone
2026-09-29T23:36:45.425066+00:00 START tests/db/test_prototype_quotations.py::test_el_pdf_de_una_emitida_no_cambia_aunque_cambie_la_configuracion
2026-09-29T23:36:51.769826+00:00 START tests/db/test_prototype_quotations.py::test_generar_el_pdf_no_toca_la_cotizacion
2026-09-29T23:36:57.816574+00:00 START tests/db/test_prototype_quotations.py::test_el_taller_no_cotiza_prototipos
2026-09-29T23:37:02.659847+00:00 START tests/db/test_prototype_quotations.py::test_sin_cobrar_la_muestra_no_arranca_y_al_cobrar_si
2026-09-29T23:37:08.432388+00:00 START tests/db/test_prototype_quotations.py::test_una_muestra_vinculada_a_una_cpr_impagada_no_arranca
2026-09-29T23:37:14.251458+00:00 START tests/db/test_prototype_quotations.py::test_la_via_legacy_sigue_funcionando_igual
2026-09-29T23:37:23.552994+00:00 START tests/db/test_prototype_quotations.py::test_una_muestra_sin_ningun_vinculo_dice_que_falta_pedido
2026-09-29T23:37:27.671951+00:00 START tests/db/test_prototype_quotations.py::test_por_omision_la_cotizacion_de_prototipo_sale_en_la_moneda_de_la_casa
2026-09-29T23:37:32.658541+00:00 START tests/db/test_prototype_quotations.py::test_se_puede_cotizar_un_prototipo_en_dolares
2026-09-29T23:37:37.709866+00:00 START tests/db/test_prototype_quotations.py::test_en_dolares_sin_tipo_de_cambio_no_se_cotiza
2026-09-29T23:37:42.341404+00:00 START tests/db/test_prototype_quotations.py::test_en_soles_con_tipo_de_cambio_no_se_cotiza
2026-09-29T23:37:46.982541+00:00 START tests/db/test_prototype_quotations.py::test_la_moneda_del_borrador_se_guarda_y_se_relee
2026-09-29T23:37:52.595349+00:00 START tests/db/test_prototype_quotations.py::test_volver_a_soles_borra_la_tasa_del_borrador
2026-09-29T23:37:57.531217+00:00 START tests/db/test_prototype_quotations.py::test_al_emitir_se_congela_la_moneda_del_borrador_y_no_la_de_configuracion
2026-09-29T23:38:02.367500+00:00 START tests/db/test_prototype_quotations.py::test_una_emitida_en_dolares_no_se_revalora_si_cambia_la_tasa_de_la_casa
2026-09-29T23:38:07.628666+00:00 START tests/db/test_prototype_quotations.py::test_el_listado_dice_en_que_moneda_esta_cada_total
2026-09-29T23:38:13.100738+00:00 START tests/db/test_prototype_quotations.py::test_el_pdf_en_dolares_lleva_el_tipo_de_cambio_y_el_simbolo_correcto
2026-09-29T23:38:18.732843+00:00 START tests/db/test_prototype_quotations.py::test_un_borrador_de_concepto_nuevo_no_crea_producto
2026-09-29T23:38:23.807440+00:00 START tests/db/test_prototype_quotations.py::test_emitir_un_concepto_nuevo_tampoco_crea_producto
2026-09-29T23:38:29.055150+00:00 START tests/db/test_prototype_quotations.py::test_un_concepto_nuevo_sin_familia_no_se_puede_emitir
2026-09-29T23:38:33.617909+00:00 START tests/db/test_prototype_quotations.py::test_cobrar_un_concepto_nuevo_crea_el_producto_con_el_codigo_de_la_casa
2026-09-29T23:38:38.952007+00:00 START tests/db/test_prototype_quotations.py::test_cobrar_dos_veces_no_crea_un_segundo_producto
2026-09-29T23:38:44.833136+00:00 START tests/db/test_prototype_quotations.py::test_cobrar_un_prototipo_de_un_producto_existente_no_duplica_el_maestro
2026-09-29T23:38:50.427020+00:00 START tests/db/test_prototype_quotations.py::test_veinte_cobros_simultaneos_dan_un_producto_y_una_muestra
2026-09-29T23:39:00.194728+00:00 START tests/db/test_prototype_quotations.py::test_materializar_el_producto_no_mueve_inventario
2026-09-29T23:39:06.071915+00:00 START tests/db/test_prototype_quotations.py::test_el_pdf_del_prototipo_usa_la_plantilla_global_de_cotizaciones
2026-09-29T23:39:11.985875+00:00 START tests/db/test_prototype_quotations.py::test_el_plazo_y_lo_acordado_salen_en_las_condiciones_del_documento_global
2026-09-29T23:39:17.036626+00:00 START tests/db/test_prototype_quotations.py::test_el_cpr_y_el_ctz_son_el_mismo_documento
2026-09-29T23:39:27.914839+00:00 START tests/db/test_prototype_quotations.py::test_el_cpr_no_ensena_al_cliente_lo_que_le_cuesta_al_taller
2026-09-29T23:39:33.033136+00:00 START tests/db/test_prototype_quotations.py::test_un_borrador_sin_override_usa_la_tarifa_vigente_de_la_casa
2026-09-29T23:39:37.405136+00:00 START tests/db/test_prototype_quotations.py::test_subir_la_tarifa_alcanza_a_un_borrador_ya_guardado
2026-09-29T23:39:42.365561+00:00 START tests/db/test_prototype_quotations.py::test_crear_un_borrador_no_copia_la_tarifa_dentro_del_override
2026-09-29T23:39:46.913709+00:00 START tests/db/test_prototype_quotations.py::test_un_override_explicito_manda_sobre_la_tarifa_de_la_casa
2026-09-29T23:39:51.427332+00:00 START tests/db/test_prototype_quotations.py::test_al_emitir_se_congela_la_tarifa_efectiva_y_no_la_de_manana
2026-09-29T23:39:56.889667+00:00 START tests/db/test_prototype_start_origin.py::test_una_muestra_de_cpr_pagado_arranca_y_gasta_el_barro
2026-09-29T23:40:03.596365+00:00 START tests/db/test_prototype_start_origin.py::test_si_algo_revienta_a_mitad_del_arranque_no_queda_medio_consumo
2026-09-29T23:40:09.303609+00:00 START tests/db/test_prototype_start_origin.py::test_sin_existencia_suficiente_no_se_descuenta_nada
2026-09-29T23:40:14.803856+00:00 START tests/db/test_prototype_start_origin.py::test_arrancar_dos_veces_no_gasta_el_barro_dos_veces
2026-09-29T23:40:20.920721+00:00 START tests/db/test_prototype_start_origin.py::test_la_muestra_de_una_cotizacion_de_producto_sigue_arrancando
2026-09-29T23:40:28.551600+00:00 START tests/db/test_prototype_start_origin.py::test_una_muestra_sin_origen_se_rechaza_con_un_error_de_dominio
2026-09-29T23:40:32.714136+00:00 START tests/db/test_prototype_start_origin.py::test_la_restriccion_acepta_el_origen_cpr_y_sigue_exigiendo_almacen
2026-09-29T23:40:38.602312+00:00 START tests/db/test_prototype_start_origin.py::test_el_modelo_y_la_migracion_0024_dicen_exactamente_lo_mismo
2026-09-29T23:40:41.462339+00:00 START tests/db/test_prototype_start_origin.py::test_volver_a_0023_con_muestras_de_cpr_arrancadas_aborta_diciendo_por_que
2026-09-29T23:40:47.712752+00:00 START tests/db/test_prototype_start_origin.py::test_el_conteo_de_movimientos_no_se_mueve_por_mirar
2026-09-29T23:40:53.844119+00:00 START tests/db/test_prototypes.py::test_01_muestra_sin_cotizacion_se_registra_pero_no_arranca
2026-09-29T23:40:57.727031+00:00 START tests/db/test_prototypes.py::test_02_cotizacion_impagada_no_arranca_la_muestra
2026-09-29T23:41:05.779045+00:00 START tests/db/test_prototypes.py::test_03_cobrada_arranca_y_descuenta_lo_justo
2026-09-29T23:41:13.393726+00:00 START tests/db/test_prototypes.py::test_04_arrancar_dos_veces_no_gasta_dos_veces
2026-09-29T23:41:21.143007+00:00 START tests/db/test_prototypes.py::test_05_dos_arranques_simultaneos_consumen_una_sola_vez
2026-09-29T23:41:28.798061+00:00 START tests/db/test_prototypes.py::test_06_si_falta_un_material_no_se_gasta_ninguno
2026-09-29T23:41:37.554225+00:00 START tests/db/test_prototypes.py::test_07_un_preparado_se_consume_el_y_no_sus_componentes
2026-09-29T23:41:44.928186+00:00 START tests/db/test_prototypes.py::test_08_completar_no_vuelve_a_consumir
2026-09-29T23:41:52.883313+00:00 START tests/db/test_prototypes.py::test_08a_cierre_registra_resultado_y_suma_solo_unidades_buenas
2026-09-29T23:42:01.634740+00:00 START tests/db/test_prototypes.py::test_08b_resultado_invalido_no_cierra_ni_mueve_stock[result0]
2026-09-29T23:42:09.724711+00:00 START tests/db/test_prototypes.py::test_08b_resultado_invalido_no_cierra_ni_mueve_stock[result1]
2026-09-29T23:42:17.330863+00:00 START tests/db/test_prototypes.py::test_08c_reintentos_concurrentes_no_duplican_resultado_ni_stock
2026-09-29T23:42:25.685937+00:00 START tests/db/test_prototypes.py::test_08d_prototipo_historico_completado_no_recibe_stock_retroactivo
2026-09-29T23:42:33.639742+00:00 START tests/db/test_prototypes.py::test_08e_error_tardio_revierte_producto_movimiento_resultado_y_cierre
2026-09-29T23:42:41.590399+00:00 START tests/db/test_prototypes.py::test_09_10_no_se_decide_una_muestra_que_no_existe[approve]
2026-09-29T23:42:49.027509+00:00 START tests/db/test_prototypes.py::test_09_10_no_se_decide_una_muestra_que_no_existe[reject]
2026-09-29T23:42:57.048033+00:00 START tests/db/test_prototypes.py::test_11_el_operario_no_aprueba
2026-09-29T23:43:04.797692+00:00 START tests/db/test_prototypes.py::test_12_el_administrador_aprueba
2026-09-29T23:43:12.976582+00:00 START tests/db/test_prototypes.py::test_13_el_operario_no_anula
2026-09-29T23:43:20.774788+00:00 START tests/db/test_prototypes.py::test_14_el_administrador_anula_una_que_no_gasto_nada
2026-09-29T23:43:28.341442+00:00 START tests/db/test_prototypes.py::test_15_una_muestra_arrancada_no_se_anula
2026-09-29T23:43:35.918377+00:00 START tests/db/test_prototypes_guard.py::test_16_una_muestra_sin_decidir_para_la_produccion
2026-09-29T23:43:44.167248+00:00 START tests/db/test_prototypes_guard.py::test_17_una_muestra_rechazada_para_la_produccion
2026-09-29T23:43:52.854129+00:00 START tests/db/test_prototypes_guard.py::test_18_aprobada_deja_pasar_el_guardia
2026-09-29T23:44:01.860923+00:00 START tests/db/test_prototypes_guard.py::test_19_una_rechazada_con_sucesora_aprobada_deja_de_bloquear
2026-09-29T23:44:12.243425+00:00 START tests/db/test_prototypes_guard.py::test_20_una_rechazada_con_sucesora_sin_decidir_sigue_bloqueando
2026-09-29T23:44:21.340769+00:00 START tests/db/test_prototypes_guard.py::test_21_una_muestra_anulada_no_condena_al_pedido
2026-09-29T23:44:29.765794+00:00 START tests/db/test_prototypes_guard.py::test_22_la_muestra_de_un_pedido_no_bloquea_otro
2026-09-29T23:44:41.220581+00:00 START tests/db/test_prototypes_guard.py::test_23_no_se_enlaza_una_muestra_a_un_producto_de_otro_pedido
2026-09-29T23:44:50.384766+00:00 START tests/db/test_prototypes_guard.py::test_24_25_una_cadena_no_puede_cerrarse_sobre_si_misma
2026-09-29T23:44:54.648615+00:00 START tests/db/test_prototypes_guard.py::test_26_una_muestra_no_admite_dos_sucesoras
2026-09-29T23:44:58.546271+00:00 START tests/db/test_prototypes_guard.py::test_27_veinte_muestras_a_la_vez_no_repiten_codigo
2026-09-29T23:45:04.588952+00:00 START tests/db/test_prototypes_guard.py::test_extra_a_un_consumo_de_muestra_sin_muestra_no_se_escribe
2026-09-29T23:45:11.477981+00:00 START tests/db/test_prototypes_guard.py::test_extra_b_los_materiales_no_se_tocan_despues_de_arrancar
2026-09-29T23:45:19.326124+00:00 START tests/db/test_prototypes_guard.py::test_extra_c_la_procedencia_fisica_no_se_reescribe
2026-09-29T23:45:27.028809+00:00 START tests/db/test_prototypes_guard.py::test_extra_d_cobrar_la_cotizacion_no_arranca_la_muestra
2026-09-29T23:45:34.679884+00:00 START tests/db/test_prototypes_guard.py::test_extra_e_aprobar_no_arranca_la_produccion_final
2026-09-29T23:45:43.257795+00:00 START tests/db/test_prototypes_guard.py::test_regresion_una_cotizacion_sin_muestra_produce_como_siempre
2026-09-29T23:45:50.225919+00:00 START tests/db/test_prototypes_guard.py::test_regresion_el_guardia_de_pago_sigue_mandando_primero
2026-09-29T23:45:57.503065+00:00 START tests/db/test_quotation_builder_api.py::test_preview_is_pure_and_two_products_persist_confirm_and_render_pdf_model
2026-09-29T23:46:06.633130+00:00 START tests/db/test_quotation_builder_api.py::test_builder_preserva_ruta_de_quema_por_producto
2026-09-29T23:46:13.583933+00:00 START tests/db/test_quotation_builder_api.py::test_builder_usa_una_linea_confirmada_como_fuente_del_costo
2026-09-29T23:46:21.162137+00:00 START tests/db/test_quotation_builder_api.py::test_incomplete_draft_can_be_saved_but_not_confirmed
2026-09-29T23:46:24.920663+00:00 START tests/db/test_quotation_builder_api.py::test_builder_requires_authentication
2026-09-29T23:46:27.811386+00:00 START tests/db/test_quotation_builder_api.py::test_mixed_tax_rates_use_an_effective_header_rate_and_explicit_pdf_label
2026-09-29T23:46:34.933129+00:00 START tests/db/test_quotation_builder_api.py::test_pdf_preview_in_memory_and_saved_draft_and_no_mutation
2026-09-29T23:46:42.241876+00:00 START tests/db/test_quotation_builder_api.py::test_pdf_preview_empty_blocked
2026-09-29T23:46:48.682055+00:00 START tests/db/test_quotation_builder_api.py::test_draft_persistence_with_mixed_tax_rate_source
2026-09-29T23:46:52.016034+00:00 START tests/db/test_quotation_builder_body_material.py::test_material_preparado_en_gramos_se_costea_por_su_receta
2026-09-29T23:46:57.260643+00:00 START tests/db/test_quotation_builder_body_material.py::test_materia_prima_directa_no_necesita_receta_ninguna
2026-09-29T23:47:02.172088+00:00 START tests/db/test_quotation_builder_body_material.py::test_una_pieza_sin_esmalte_es_perfectamente_cotizable
2026-09-29T23:47:07.288601+00:00 START tests/db/test_quotation_builder_body_material.py::test_anadir_esmalte_no_toca_el_material_del_cuerpo
2026-09-29T23:47:14.590452+00:00 START tests/db/test_quotation_builder_body_material.py::test_el_material_base_sobrevive_guardar_y_reabrir
2026-09-29T23:47:20.112542+00:00 START tests/db/test_quotation_builder_body_material.py::test_confirmada_conserva_el_material_aunque_cambie_el_maestro
2026-09-29T23:47:25.758182+00:00 START tests/db/test_quotation_builder_body_material.py::test_la_orden_deriva_el_material_del_snapshot_confirmado
2026-09-29T23:47:32.745720+00:00 START tests/db/test_quotation_builder_body_material.py::test_arrancar_descuenta_el_material_base_y_solo_ese
2026-09-29T23:47:40.488340+00:00 START tests/db/test_quotation_builder_body_material.py::test_una_pieza_de_materia_prima_consume_esa_materia_prima
2026-09-29T23:47:47.504928+00:00 START tests/db/test_quotation_builder_body_material.py::test_una_linea_legacy_sigue_costando_exactamente_lo_mismo
2026-09-29T23:47:52.451178+00:00 START tests/db/test_quotation_builder_body_material.py::test_una_cotizacion_sin_material_base_se_lee_por_el_camino_de_siempre
2026-09-29T23:47:59.868749+00:00 START tests/db/test_quotation_builder_body_material.py::test_un_preparado_en_mililitros_sin_costo_propio_no_se_inventa_uno
2026-09-29T23:48:05.341702+00:00 START tests/db/test_quotation_builder_body_material.py::test_un_producto_terminado_no_puede_ser_el_cuerpo_de_otra_pieza
2026-09-29T23:48:10.337963+00:00 START tests/db/test_quotation_builder_body_material.py::test_el_catalogo_de_materiales_solo_ofrece_materia_y_preparados
2026-09-29T23:48:15.501775+00:00 START tests/db/test_quotation_builder_body_material.py::test_una_cantidad_decimal_llega_intacta_hasta_el_almacen
2026-09-29T23:48:22.949815+00:00 START tests/db/test_quotation_builder_body_material.py::test_un_material_en_mililitros_con_costo_propio_se_cotiza_en_mililitros
2026-09-29T23:48:31.082601+00:00 START tests/db/test_quotation_builder_currency.py::test_una_cotizacion_en_soles_no_lleva_tipo_de_cambio
2026-09-29T23:48:37.145504+00:00 START tests/db/test_quotation_builder_currency.py::test_el_neto_en_dolares_es_el_de_soles_dividido_por_la_tasa
2026-09-29T23:48:43.446246+00:00 START tests/db/test_quotation_builder_currency.py::test_todas_las_lineas_comparten_la_misma_tasa
2026-09-29T23:48:49.807719+00:00 START tests/db/test_quotation_builder_currency.py::test_el_total_en_dolares_reconcilia
2026-09-29T23:48:56.454547+00:00 START tests/db/test_quotation_builder_currency.py::test_la_api_rechaza_las_combinaciones_incoherentes[USD_SIN_TASA-extra0]
2026-09-29T23:49:02.738169+00:00 START tests/db/test_quotation_builder_currency.py::test_la_api_rechaza_las_combinaciones_incoherentes[USD_TASA_CERO-extra1]
2026-09-29T23:49:08.468696+00:00 START tests/db/test_quotation_builder_currency.py::test_la_api_rechaza_las_combinaciones_incoherentes[USD_TASA_NEGATIVA-extra2]
2026-09-29T23:49:14.139449+00:00 START tests/db/test_quotation_builder_currency.py::test_la_api_rechaza_las_combinaciones_incoherentes[PEN_CON_TASA-extra3]
2026-09-29T23:49:19.919346+00:00 START tests/db/test_quotation_builder_currency.py::test_la_api_rechaza_las_combinaciones_incoherentes[MONEDA_NO_ADMITIDA-extra4]
2026-09-29T23:49:26.122812+00:00 START tests/db/test_quotation_builder_currency.py::test_el_precio_manual_en_dolares_no_se_convierte_otra_vez
2026-09-29T23:49:32.092248+00:00 START tests/db/test_quotation_builder_currency.py::test_guardar_y_reabrir_conserva_moneda_y_tasa
2026-09-29T23:49:38.553790+00:00 START tests/db/test_quotation_builder_currency.py::test_duplicar_hereda_la_moneda_como_intencion_editable
2026-09-29T23:49:45.469439+00:00 START tests/db/test_quotation_builder_currency.py::test_cambiar_la_tasa_en_un_borrador_recalcula
2026-09-29T23:49:51.676839+00:00 START tests/db/test_quotation_builder_currency.py::test_volver_a_soles_recalcula_desde_los_costos_base
2026-09-29T23:49:58.944684+00:00 START tests/db/test_quotation_builder_currency.py::test_una_confirmada_en_dolares_no_se_mueve
2026-09-29T23:50:06.525581+00:00 START tests/db/test_quotation_builder_currency.py::test_los_totales_se_agrupan_por_moneda_y_nunca_se_suman
2026-09-29T23:50:13.494066+00:00 START tests/db/test_quotation_builder_currency.py::test_la_ruta_de_totales_no_se_confunde_con_un_id
2026-09-29T23:50:16.772960+00:00 START tests/db/test_quotation_builder_currency.py::test_un_precio_manual_en_dolares_no_depende_de_la_tasa
2026-09-29T23:50:22.918771+00:00 START tests/db/test_quotation_builder_currency.py::test_el_detalle_lee_la_moneda_de_la_fila_y_no_de_la_configuracion
2026-09-29T23:50:29.815026+00:00 START tests/db/test_quotation_builder_currency.py::test_el_plan_guardado_conserva_moneda_tasa_y_neto_base
2026-09-29T23:50:35.996929+00:00 START tests/db/test_quotation_builder_currency.py::test_el_plan_en_soles_no_inventa_una_tasa
2026-09-29T23:50:42.583348+00:00 START tests/db/test_quotation_builder_currency.py::test_la_linea_no_puede_llevar_una_tasa_distinta_de_la_cabecera
2026-09-29T23:50:49.162355+00:00 START tests/db/test_quotation_builder_currency.py::test_la_traza_sobrevive_a_guardar_y_reabrir
2026-09-29T23:50:55.465824+00:00 START tests/db/test_quotation_builder_currency.py::test_una_confirmada_conserva_su_traza_aunque_cambie_la_configuracion
2026-09-29T23:51:02.383850+00:00 START tests/db/test_quotation_builder_currency.py::test_duplicar_no_comparte_el_plan_con_el_original
2026-09-29T23:51:09.295287+00:00 START tests/db/test_quotation_builder_dimensions.py::test_caso_a_standard_dimensions_effective_equals_master
2026-09-29T23:51:14.395556+00:00 START tests/db/test_quotation_builder_dimensions.py::test_caso_b_custom_dimensions_master_unchanged
2026-09-29T23:51:19.541905+00:00 START tests/db/test_quotation_builder_dimensions.py::test_caso_c_missing_master_dimensions_completed_without_mutating_master
2026-09-29T23:51:25.825615+00:00 START tests/db/test_quotation_builder_dimensions.py::test_dimension_must_be_positive
2026-09-29T23:51:30.861461+00:00 START tests/db/test_quotation_builder_dimensions.py::test_draft_reopen_preserves_custom_dimensions
2026-09-29T23:51:36.012900+00:00 START tests/db/test_quotation_builder_dimensions.py::test_multiproduct_mixed_standard_and_custom_dimensions_per_line
2026-09-29T23:51:43.011989+00:00 START tests/db/test_quotation_builder_dimensions.py::test_duplicate_quotation_copies_effective_dimensions_and_override_state
2026-09-29T23:51:49.112745+00:00 START tests/db/test_quotation_builder_dimensions.py::test_confirmed_dimensions_immutable_when_master_changes_later
2026-09-29T23:51:55.327575+00:00 START tests/db/test_quotation_builder_dimensions.py::test_production_capacity_uses_effective_not_master_dimensions
2026-09-29T23:52:01.342560+00:00 START tests/db/test_quotation_builder_dimensions.py::test_caso_c_las_medidas_propias_sobreviven_a_guardar_y_reabrir
2026-09-29T23:52:07.852314+00:00 START tests/db/test_quotation_builder_dimensions.py::test_caso_c_el_maestro_no_se_toca
2026-09-29T23:52:14.016149+00:00 START tests/db/test_quotation_builder_dimensions.py::test_caso_c_recalcular_tras_reabrir_no_pierde_las_medidas
2026-09-29T23:52:20.413224+00:00 START tests/db/test_quotation_builder_firing_planning.py::test_low_only_no_cobra_ni_planifica_la_quema_alta
2026-09-29T23:52:25.318730+00:00 START tests/db/test_quotation_builder_firing_planning.py::test_high_only_no_cobra_ni_planifica_la_quema_baja
2026-09-29T23:52:30.482524+00:00 START tests/db/test_quotation_builder_firing_planning.py::test_low_and_high_suman_hornadas_costos_y_dias
2026-09-29T23:52:36.048508+00:00 START tests/db/test_quotation_builder_firing_planning.py::test_capacidad_exacta_es_una_hornada_y_uno_mas_son_dos
2026-09-29T23:52:41.408651+00:00 START tests/db/test_quotation_builder_firing_planning.py::test_multiples_hornadas_multiplican_costo_y_dias
2026-09-29T23:52:46.391571+00:00 START tests/db/test_quotation_builder_firing_planning.py::test_dimensiones_efectivas_mandan_sobre_el_maestro
2026-09-29T23:52:51.745798+00:00 START tests/db/test_quotation_builder_firing_planning.py::test_multiproducto_comparte_hornada
2026-09-29T23:53:01.516180+00:00 START tests/db/test_quotation_builder_firing_planning.py::test_draft_reabierto_conserva_la_seleccion_de_quemas
2026-09-29T23:53:07.982088+00:00 START tests/db/test_quotation_builder_firing_planning.py::test_confirmar_congela_la_planificacion_aunque_cambie_la_tarifa
2026-09-29T23:53:14.413220+00:00 START tests/db/test_quotation_builder_firing_planning.py::test_planificar_no_crea_quemas_reales_ni_mueve_inventario
2026-09-29T23:53:19.929706+00:00 START tests/db/test_quotation_builder_firing_planning.py::test_sin_ninguna_quema_seleccionada_se_bloquea
2026-09-29T23:53:25.047216+00:00 START tests/db/test_quotation_builder_firing_planning.py::test_desmarcar_una_quema_manda_sobre_el_horno_que_quedo_en_el_payload
2026-09-29T23:53:30.437659+00:00 START tests/db/test_quotation_builder_firing_planning.py::test_una_quema_pedida_sin_horno_bloquea_en_vez_de_omitirse
2026-09-29T23:53:35.424973+00:00 START tests/db/test_quotation_builder_firing_planning.py::test_las_hornadas_de_otra_linea_no_inflan_los_dias_de_esta
2026-09-29T23:53:42.344635+00:00 START tests/db/test_quotation_builder_firing_planning.py::test_duplicar_un_borrador_incompleto_conserva_la_seleccion_de_quemas
2026-09-29T23:53:48.296438+00:00 START tests/db/test_quotation_builder_glaze_plan.py::test_la_seleccion_de_esmaltes_se_guarda_y_se_reabre
2026-09-29T23:54:00.345804+00:00 START tests/db/test_quotation_builder_glaze_plan.py::test_el_share_no_es_un_porcentaje_y_el_backend_lo_resuelve
2026-09-29T23:54:10.619787+00:00 START tests/db/test_quotation_builder_glaze_plan.py::test_el_total_se_reparte_y_reconcilia_exactamente
2026-09-29T23:54:20.511140+00:00 START tests/db/test_quotation_builder_glaze_plan.py::test_cada_lote_convierte_con_su_propia_concentracion
2026-09-29T23:54:30.858989+00:00 START tests/db/test_quotation_builder_glaze_plan.py::test_pedir_mililitros_sin_lote_avisa_en_vez_de_inventar
2026-09-29T23:54:41.149227+00:00 START tests/db/test_quotation_builder_glaze_plan.py::test_un_reparto_en_cero_se_rechaza
2026-09-29T23:54:51.315030+00:00 START tests/db/test_quotation_builder_glaze_plan.py::test_sin_gramaje_en_el_maestro_no_se_estima
2026-09-29T23:55:01.964123+00:00 START tests/db/test_quotation_builder_glaze_plan.py::test_cambiar_el_porcentaje_recalcula_el_borrador_sin_perder_la_eleccion
2026-09-29T23:55:12.840193+00:00 START tests/db/test_quotation_builder_glaze_plan.py::test_cambiar_el_porcentaje_no_bloquea_confirmar_con_source_changed
2026-09-29T23:55:24.130278+00:00 START tests/db/test_quotation_builder_glaze_plan.py::test_una_cotizacion_confirmada_congela_su_plan
2026-09-29T23:55:35.558142+00:00 START tests/db/test_quotation_builder_glaze_plan.py::test_el_plan_convive_con_el_de_quemas_sin_pisarlo
2026-09-29T23:55:46.086533+00:00 START tests/db/test_quotation_builder_glaze_plan.py::test_planificar_esmaltes_no_mueve_inventario
2026-09-29T23:55:57.775049+00:00 START tests/db/test_quotation_builder_glaze_plan.py::test_una_linea_nueva_propone_el_preparado_mas_caro
2026-09-29T23:56:08.555304+00:00 START tests/db/test_quotation_builder_glaze_plan.py::test_la_eleccion_del_usuario_gana_sobre_la_sugerencia
2026-09-29T23:56:19.104082+00:00 START tests/db/test_quotation_builder_glaze_plan.py::test_quitar_todos_los_esmaltes_no_los_resucita
2026-09-29T23:56:29.557520+00:00 START tests/db/test_quotation_builder_glaze_plan.py::test_sin_preparados_no_se_propone_nada
2026-09-29T23:56:35.548654+00:00 START tests/db/test_quotation_builder_glaze_plan.py::test_la_sugerencia_no_bloquea_un_producto_sin_gramaje
2026-09-29T23:56:45.827178+00:00 START tests/db/test_quotation_builder_kiln_mode.py::test_el_modo_por_defecto_es_todo_junto
2026-09-29T23:56:51.916293+00:00 START tests/db/test_quotation_builder_kiln_mode.py::test_juntos_dos_productos_comparten_una_sola_sesion_por_tipo
2026-09-29T23:56:58.156957+00:00 START tests/db/test_quotation_builder_kiln_mode.py::test_juntos_la_quema_se_reparte_por_volumen_y_se_cobra_una_vez
2026-09-29T23:57:04.372118+00:00 START tests/db/test_quotation_builder_kiln_mode.py::test_juntos_el_volumen_que_no_cabe_se_resuelve_con_mas_hornadas
2026-09-29T23:57:10.989485+00:00 START tests/db/test_quotation_builder_kiln_mode.py::test_por_producto_el_mismo_horno_ya_no_comparte_volumen
2026-09-29T23:57:16.994158+00:00 START tests/db/test_quotation_builder_kiln_mode.py::test_por_producto_cada_uno_paga_su_quema_entera
2026-09-29T23:57:23.152372+00:00 START tests/db/test_quotation_builder_kiln_mode.py::test_por_producto_las_hornadas_se_cuentan_por_separado
2026-09-29T23:57:29.843907+00:00 START tests/db/test_quotation_builder_kiln_mode.py::test_por_producto_cada_pieza_solo_ve_sus_propias_hornadas
2026-09-29T23:57:35.833552+00:00 START tests/db/test_quotation_builder_kiln_mode.py::test_por_producto_admite_hornos_distintos
2026-09-29T23:57:42.517918+00:00 START tests/db/test_quotation_builder_kiln_mode.py::test_el_borrador_recuerda_el_modo[TOGETHER]
2026-09-29T23:57:48.809238+00:00 START tests/db/test_quotation_builder_kiln_mode.py::test_el_borrador_recuerda_el_modo[PER_PRODUCT]
2026-09-29T23:57:55.154678+00:00 START tests/db/test_quotation_builder_kiln_mode.py::test_volver_a_juntos_no_deja_cargos_del_modo_anterior
2026-09-29T23:58:02.976869+00:00 START tests/db/test_quotation_builder_kiln_mode.py::test_confirmar_congela_el_modo_y_su_costo
2026-09-29T23:58:10.234541+00:00 START tests/db/test_quotation_builder_kiln_mode.py::test_una_cotizacion_sin_modo_se_lee_todo_junto
2026-09-29T23:58:16.600152+00:00 START tests/db/test_quotation_builder_kiln_mode.py::test_el_factor_de_ocupacion_no_cambia_con_el_modo
