2026-09-29T22:32:46.941195+00:00 SHARD start=1100 end=1709 total=1709 selected=609 deselected=1100
2026-09-29T22:32:46.947598+00:00 START tests/db/test_quotation_builder_kiln_mode.py::test_el_modo_se_guarda_como_texto_conocido
2026-09-29T22:32:56.467979+00:00 START tests/db/test_quotation_builder_kiln_mode.py::test_las_dos_decisiones_no_se_estorban[False-TOGETHER]
2026-09-29T22:33:01.310147+00:00 START tests/db/test_quotation_builder_kiln_mode.py::test_las_dos_decisiones_no_se_estorban[True-TOGETHER]
2026-09-29T22:33:05.978627+00:00 START tests/db/test_quotation_builder_kiln_mode.py::test_las_dos_decisiones_no_se_estorban[False-PER_PRODUCT]
2026-09-29T22:33:10.584622+00:00 START tests/db/test_quotation_builder_kiln_mode.py::test_las_dos_decisiones_no_se_estorban[True-PER_PRODUCT]
2026-09-29T22:33:15.281636+00:00 START tests/db/test_quotation_builder_operational_days.py::test_el_costo_operativo_es_por_dia_mas_el_fijo
2026-09-29T22:33:21.010892+00:00 START tests/db/test_quotation_builder_operational_days.py::test_el_administrativo_no_depende_de_los_dias
2026-09-29T22:33:27.186223+00:00 START tests/db/test_quotation_builder_operational_days.py::test_un_maestro_por_pieza_activo_no_cuesta_pero_si_avisa
2026-09-29T22:33:32.693394+00:00 START tests/db/test_quotation_builder_operational_days.py::test_un_maestro_por_pieza_desactivado_no_cuesta_ni_avisa
2026-09-29T22:33:38.442419+00:00 START tests/db/test_quotation_builder_operational_days.py::test_los_dias_de_la_cotizacion_son_el_maximo_no_la_suma
2026-09-29T22:33:43.444691+00:00 START tests/db/test_quotation_builder_operational_days.py::test_los_dias_adicionales_mueven_el_costo
2026-09-29T22:33:49.824096+00:00 START tests/db/test_quotation_builder_operational_days.py::test_el_ajuste_de_dias_mueve_el_costo_operativo[0]
2026-09-29T22:33:54.772526+00:00 START tests/db/test_quotation_builder_operational_days.py::test_el_ajuste_de_dias_mueve_el_costo_operativo[1]
2026-09-29T22:33:59.842636+00:00 START tests/db/test_quotation_builder_operational_days.py::test_el_ajuste_de_dias_mueve_el_costo_operativo[2]
2026-09-29T22:34:05.013924+00:00 START tests/db/test_quotation_builder_operational_days.py::test_el_ajuste_de_dias_mueve_el_costo_operativo[-1]
2026-09-29T22:34:10.166560+00:00 START tests/db/test_quotation_builder_operational_days.py::test_el_ajuste_de_dias_no_toca_el_costo_de_quema
2026-09-29T22:34:15.324986+00:00 START tests/db/test_quotation_builder_operational_days.py::test_el_reparto_reconcilia_con_el_costo_operativo
2026-09-29T22:34:20.097682+00:00 START tests/db/test_quotation_builder_operational_days.py::test_el_ajuste_sobrevive_a_guardar_y_reabrir_dos_veces
2026-09-29T22:34:26.090308+00:00 START tests/db/test_quotation_builder_operational_days.py::test_al_reabrir_se_conservan_los_totales_y_el_eco_no_manda
2026-09-29T22:34:31.716962+00:00 START tests/db/test_quotation_builder_operational_days.py::test_ir_y_volver_devuelve_el_costo_exacto
2026-09-29T22:34:37.309134+00:00 START tests/db/test_quotation_builder_operational_days.py::test_cambiar_el_ajuste_no_mueve_el_inventario
2026-09-29T22:34:44.098985+00:00 START tests/db/test_quotation_builder_operational_days.py::test_una_confirmada_no_se_mueve_si_cambian_las_tarifas
2026-09-29T22:34:50.508917+00:00 START tests/db/test_quotation_builder_optional_factor.py::test_el_factor_nace_apagado
2026-09-29T22:34:54.801812+00:00 START tests/db/test_quotation_builder_optional_factor.py::test_apagado_el_multiplicador_efectivo_es_uno
2026-09-29T22:34:59.725740+00:00 START tests/db/test_quotation_builder_optional_factor.py::test_encendido_toma_el_factor_de_configuracion
2026-09-29T22:35:04.127584+00:00 START tests/db/test_quotation_builder_optional_factor.py::test_cambiar_el_factor_configurado_cambia_el_que_se_aplica
2026-09-29T22:35:08.555249+00:00 START tests/db/test_quotation_builder_optional_factor.py::test_apagado_ignora_el_factor_configurado
2026-09-29T22:35:12.887258+00:00 START tests/db/test_quotation_builder_optional_factor.py::test_encender_y_apagar_no_acumula_factor
2026-09-29T22:35:18.648713+00:00 START tests/db/test_quotation_builder_optional_factor.py::test_el_borrador_recuerda_si_el_factor_estaba_puesto[False]
2026-09-29T22:35:23.971929+00:00 START tests/db/test_quotation_builder_optional_factor.py::test_el_borrador_recuerda_si_el_factor_estaba_puesto[True]
2026-09-29T22:35:28.615204+00:00 START tests/db/test_quotation_builder_optional_factor.py::test_confirmar_congela_la_decision_del_factor[False]
2026-09-29T22:35:33.434305+00:00 START tests/db/test_quotation_builder_optional_factor.py::test_confirmar_congela_la_decision_del_factor[True]
2026-09-29T22:35:38.800035+00:00 START tests/db/test_quotation_builder_optional_factor.py::test_cambiar_el_factor_despues_no_mueve_una_confirmada
2026-09-29T22:35:43.934643+00:00 START tests/db/test_quotation_builder_optional_factor.py::test_una_cotizacion_anterior_a_la_fase_sigue_con_su_factor
2026-09-29T22:35:48.842803+00:00 START tests/db/test_quotation_builder_optional_factor.py::test_un_borrador_anterior_a_la_fase_conserva_su_factor_al_confirmar
2026-09-29T22:35:53.941733+00:00 START tests/db/test_quotation_builder_optional_factor.py::test_el_factor_comercial_legado_no_se_toca
2026-09-29T22:35:58.819711+00:00 START tests/db/test_quotation_builder_optional_factor.py::test_el_factor_no_se_puede_apagar_con_un_cero
2026-09-29T22:36:02.973111+00:00 START tests/db/test_quotation_builder_payment.py::test_una_confirmada_se_puede_marcar_pagada
2026-09-29T22:36:07.840246+00:00 START tests/db/test_quotation_builder_payment.py::test_un_borrador_no_se_puede_marcar_pagada
2026-09-29T22:36:12.263796+00:00 START tests/db/test_quotation_builder_payment.py::test_una_anulada_no_se_puede_marcar_pagada
2026-09-29T22:36:17.205146+00:00 START tests/db/test_quotation_builder_payment.py::test_una_confirmada_sin_registro_de_pago_si_se_puede_marcar
2026-09-29T22:36:23.137940+00:00 START tests/db/test_quotation_builder_payment.py::test_confirmar_normaliza_un_borrador_sin_registro
2026-09-29T22:36:29.519505+00:00 START tests/db/test_quotation_builder_payment.py::test_marcar_pagada_dos_veces_no_mueve_la_fecha
2026-09-29T22:36:35.393438+00:00 START tests/db/test_quotation_builder_payment.py::test_el_cobro_queda_auditado_con_el_antes_y_el_despues
2026-09-29T22:36:40.679419+00:00 START tests/db/test_quotation_builder_payment.py::test_cobrar_no_cambia_ni_un_precio_ni_una_fecha_del_documento
2026-09-29T22:36:46.225163+00:00 START tests/db/test_quotation_builder_payment.py::test_el_flujo_de_pago_no_mueve_el_inventario
2026-09-29T22:36:51.682862+00:00 START tests/db/test_quotation_builder_payment.py::test_anular_una_pagada_no_borra_el_cobro
2026-09-29T22:36:56.942743+00:00 START tests/db/test_quotation_builder_payment.py::test_duplicar_no_hereda_el_cobro
2026-09-29T22:37:02.715247+00:00 START tests/db/test_quotation_builder_pricing.py::test_los_costos_fijos_no_se_duplican_por_producto
2026-09-29T22:37:07.441660+00:00 START tests/db/test_quotation_builder_pricing.py::test_el_costo_por_dia_se_multiplica_una_vez_por_la_cotizacion
2026-09-29T22:37:12.216858+00:00 START tests/db/test_quotation_builder_pricing.py::test_el_reparto_es_proporcional_al_costo_factorado
2026-09-29T22:37:17.060708+00:00 START tests/db/test_quotation_builder_pricing.py::test_el_factor_de_produccion_configurado_es_tres
2026-09-29T22:37:21.994181+00:00 START tests/db/test_quotation_builder_pricing.py::test_la_cotizacion_puede_sobreescribir_el_factor
2026-09-29T22:37:26.711142+00:00 START tests/db/test_quotation_builder_pricing.py::test_el_redondeo_contractual_sube_y_admite_los_dos_pasos
2026-09-29T22:37:32.750846+00:00 START tests/db/test_quotation_builder_pricing.py::test_neto_mas_igv_es_exactamente_el_bruto
2026-09-29T22:37:37.379240+00:00 START tests/db/test_quotation_builder_pricing.py::test_cada_linea_lleva_su_propio_margen
2026-09-29T22:37:41.540078+00:00 START tests/db/test_quotation_builder_pricing.py::test_el_total_es_la_suma_de_las_lineas_sin_segundo_redondeo
2026-09-29T22:37:46.485218+00:00 START tests/db/test_quotation_builder_pricing.py::test_una_cotizacion_confirmada_no_se_mueve
2026-09-29T22:37:53.058513+00:00 START tests/db/test_quotation_builder_pricing.py::test_el_precio_manual_manda_pero_no_se_salta_el_redondeo
2026-09-29T22:37:57.671362+00:00 START tests/db/test_quotation_builder_pricing.py::test_el_factor_por_defecto_sale_de_la_configuracion
2026-09-29T22:38:02.380848+00:00 START tests/db/test_quotation_builder_pricing.py::test_el_override_de_la_cotizacion_gana_al_default
2026-09-29T22:38:07.490766+00:00 START tests/db/test_quotation_builder_pricing.py::test_cambiar_el_paso_de_redondeo_recalcula_el_borrador
2026-09-29T22:38:12.341432+00:00 START tests/db/test_quotation_builder_pricing.py::test_un_gasto_manual_no_puede_cobrar_dos_veces_los_fijos
2026-09-29T22:38:17.577729+00:00 START tests/db/test_quotation_builder_pricing.py::test_un_maestro_desactivado_no_entra_en_los_fijos
2026-09-29T22:38:22.883315+00:00 START tests/db/test_quotation_builder_validity.py::test_confirmar_congela_la_vigencia_vigente
2026-09-29T22:38:28.220894+00:00 START tests/db/test_quotation_builder_validity.py::test_cambiar_la_configuracion_no_mueve_una_confirmada
2026-09-29T22:38:33.813617+00:00 START tests/db/test_quotation_builder_validity.py::test_una_confirmada_no_admite_ediciones_que_reescriban_su_vigencia
2026-09-29T22:38:39.764224+00:00 START tests/db/test_quotation_builder_validity.py::test_el_duplicado_nace_sin_vigencia_congelada
2026-09-29T22:38:45.371621+00:00 START tests/db/test_quotation_builder_validity.py::test_sin_vigencia_configurada_la_confirmada_queda_en_nulo
2026-09-29T22:38:51.053296+00:00 START tests/db/test_quotation_commercial_lines.py::test_el_cargo_se_guarda_con_su_descripcion_congelada
2026-09-29T22:38:57.200799+00:00 START tests/db/test_quotation_commercial_lines.py::test_un_cargo_de_una_muestra_inexistente_se_rechaza_con_un_mensaje
2026-09-29T22:39:02.433030+00:00 START tests/db/test_quotation_commercial_lines.py::test_un_cargo_no_puede_ser_gratis_ni_negativo[0]
2026-09-29T22:39:07.285731+00:00 START tests/db/test_quotation_commercial_lines.py::test_un_cargo_no_puede_ser_gratis_ni_negativo[-5]
2026-09-29T22:39:12.107936+00:00 START tests/db/test_quotation_commercial_lines.py::test_un_cargo_de_prototipo_sin_prototipo_se_rechaza
2026-09-29T22:39:16.892158+00:00 START tests/db/test_quotation_commercial_lines.py::test_el_cargo_se_edita_se_borra_y_sobrevive_reabrir
2026-09-29T22:39:23.847629+00:00 START tests/db/test_quotation_commercial_lines.py::test_una_cotizacion_confirmada_no_admite_cargos
2026-09-29T22:39:30.681612+00:00 START tests/db/test_quotation_commercial_lines.py::test_el_cargo_suma_al_total_y_no_lo_multiplica
2026-09-29T22:39:36.364619+00:00 START tests/db/test_quotation_commercial_lines.py::test_el_cargo_no_mueve_un_gramo_de_inventario
2026-09-29T22:39:42.442889+00:00 START tests/db/test_quotation_commercial_lines.py::test_el_pdf_muestra_el_cargo_y_no_ensena_nada_interno
2026-09-29T22:39:50.321663+00:00 START tests/db/test_quotation_commercial_lines.py::test_la_orden_de_produccion_no_ve_el_cargo
2026-09-29T22:39:59.802128+00:00 START tests/db/test_quotation_commercial_lines.py::test_el_taller_no_pone_precios
2026-09-29T22:40:05.256993+00:00 START tests/db/test_quotation_commercial_lines.py::test_cada_mutacion_del_cargo_deja_su_rastro
2026-09-29T22:40:11.399158+00:00 START tests/db/test_quotation_commercial_lines.py::test_un_cargo_no_puede_ser_la_primera_linea_economica
2026-09-29T22:40:13.524632+00:00 START tests/db/test_quotation_commercial_lines.py::test_otro_cargo_no_sirve_como_contexto_comercial
2026-09-29T22:40:15.905918+00:00 START tests/db/test_quotation_commercial_lines.py::test_con_producto_el_cargo_entra_y_el_puente_sigue_creando_borradores
2026-09-29T22:40:21.720381+00:00 START tests/db/test_quotation_pdf_api.py::test_get_quotation_pdf_requires_authentication
2026-09-29T22:40:22.612095+00:00 START tests/db/test_quotation_pdf_api.py::test_get_quotation_pdf_not_found
2026-09-29T22:40:23.840990+00:00 START tests/db/test_quotation_pdf_api.py::test_draft_quotation_pdf_is_blocked
2026-09-29T22:40:26.118038+00:00 START tests/db/test_quotation_pdf_api.py::test_confirmed_quotation_generates_valid_pdf_with_headers_and_content
2026-09-29T22:40:31.617452+00:00 START tests/db/test_quotation_pdf_api.py::test_cancelled_quotation_generates_historical_pdf_marked_as_anulada
2026-09-29T22:40:37.321286+00:00 START tests/db/test_quotation_pdf_api.py::test_operator_user_can_download_pdf
2026-09-29T22:40:42.314298+00:00 START tests/db/test_quotation_pdf_api.py::test_historical_snapshot_immutability_in_pdf
2026-09-29T22:40:47.757641+00:00 START tests/db/test_quotation_pdf_api.py::test_idempotent_pdf_generation
2026-09-29T22:40:53.491700+00:00 START tests/db/test_quotation_pdf_api.py::test_logo_storage_resilience_in_pdf
2026-09-29T22:40:59.348391+00:00 START tests/db/test_quotation_summary_payment.py::test_el_listado_muestra_una_cotizacion_nueva_como_impaga
2026-09-29T22:41:04.437210+00:00 START tests/db/test_quotation_summary_payment.py::test_el_listado_conserva_el_hueco_de_las_historicas
2026-09-29T22:41:08.961801+00:00 START tests/db/test_quotation_summary_payment.py::test_el_listado_muestra_una_pagada
2026-09-29T22:41:14.718595+00:00 START tests/db/test_quotation_summary_payment.py::test_el_listado_muestra_los_dos_ejes_de_una_anulada_pagada
2026-09-29T22:41:19.101091+00:00 START tests/db/test_quotation_summary_payment.py::test_el_estado_comercial_del_listado_no_cambia_con_el_pago
2026-09-29T22:41:25.295730+00:00 START tests/db/test_quotations_api.py::test_calculate_is_pure_and_uses_decimal_strings
2026-09-29T22:41:29.859840+00:00 START tests/db/test_quotations_api.py::test_draft_confirm_freezes_sources_and_updates_price_explicitly
2026-09-29T22:41:34.802819+00:00 START tests/db/test_quotations_api.py::test_confirmation_blocks_missing_recipe_and_firing
2026-09-29T22:41:36.873119+00:00 START tests/db/test_quotations_api.py::test_source_change_requires_explicit_acceptance
2026-09-29T22:41:41.569978+00:00 START tests/db/test_quotations_api.py::test_operator_can_calculate_but_cannot_persist
2026-09-29T22:41:43.198578+00:00 START tests/db/test_quotations_api.py::test_wrong_product_firing_line_is_rejected
2026-09-29T22:41:47.827633+00:00 START tests/db/test_quotations_api.py::test_draft_update_cancel_and_duplicate_issue_new_code
2026-09-29T22:41:52.480389+00:00 START tests/db/test_quotations_api.py::test_update_price_requires_confirmed_and_does_not_modify_cost
2026-09-29T22:41:57.538852+00:00 START tests/db/test_quotations_api.py::test_parallel_creates_keep_quote_sequence_unique_and_atomic
2026-09-29T22:42:02.208717+00:00 START tests/db/test_quotations_api.py::test_el_igv_se_anade_sobre_el_neto_y_no_lo_altera
2026-09-29T22:42:06.343493+00:00 START tests/db/test_quotations_api.py::test_los_gramos_por_pieza_escalan_el_costo_de_materiales
2026-09-29T22:42:10.213036+00:00 START tests/db/test_quotations_api.py::test_los_gramos_por_pieza_sobreviven_a_guardar_editar_y_confirmar
2026-09-29T22:42:14.787803+00:00 START tests/db/test_quotations_api.py::test_sin_gramos_no_se_supone_uno_y_no_se_puede_confirmar
2026-09-29T22:42:18.726332+00:00 START tests/db/test_quotations_api.py::test_la_tasa_del_producto_manda_sobre_la_configuracion
2026-09-29T22:42:23.448532+00:00 START tests/db/test_quotations_api.py::test_actualizar_precio_usa_el_unitario_neto_y_no_el_de_con_igv
2026-09-29T22:42:27.972205+00:00 START tests/db/test_quotations_api.py::test_un_cero_configurado_es_una_tasa_no_una_ausencia
2026-09-29T22:42:31.960863+00:00 START tests/db/test_quotations_api.py::test_quotation_customer_and_product_dimensions_snapshots
2026-09-29T22:42:37.329934+00:00 START tests/db/test_quotations_api.py::test_quotation_commercial_pricing_and_confirm_flow
2026-09-29T22:42:42.747736+00:00 START tests/db/test_quotations_api.py::test_dynamic_igv_configuration_and_snapshot_immutability
2026-09-29T22:42:48.464819+00:00 START tests/db/test_quotations_api.py::test_product_list_price_no_auto_update_on_confirmation
2026-09-29T22:42:53.361049+00:00 START tests/db/test_quotations_api.py::test_el_listado_resuelve_el_total_en_el_backend
2026-09-29T22:42:54.426011+00:00 START tests/db/test_quoter_v2_api.py::TestAutorizacion::test_sin_sesion_no_se_lee
2026-09-29T22:42:55.483229+00:00 START tests/db/test_quoter_v2_api.py::TestAutorizacion::test_cotizar_es_administracion
2026-09-29T22:42:56.700367+00:00 START tests/db/test_quoter_v2_api.py::TestIdentidad::test_nace_con_motor_v2_persistido
2026-09-29T22:42:58.268975+00:00 START tests/db/test_quoter_v2_api.py::TestIdentidad::test_el_correlativo_lleva_prefijo_propio
2026-09-29T22:42:59.480259+00:00 START tests/db/test_quoter_v2_api.py::TestIdentidad::test_la_respuesta_del_alta_trae_las_marcas_de_tiempo
2026-09-29T22:43:00.662930+00:00 START tests/db/test_quoter_v2_api.py::TestIdentidad::test_el_talonario_v2_no_mueve_el_de_legacy
2026-09-29T22:43:02.367303+00:00 START tests/db/test_quoter_v2_api.py::TestIdentidad::test_dos_cotizaciones_no_comparten_codigo
2026-09-29T22:43:04.039612+00:00 START tests/db/test_quoter_v2_api.py::TestIdentidad::test_por_menor_es_el_valor_por_defecto
2026-09-29T22:43:05.249838+00:00 START tests/db/test_quoter_v2_api.py::TestIdentidad::test_se_puede_declarar_por_mayor
2026-09-29T22:43:06.464543+00:00 START tests/db/test_quoter_v2_api.py::TestIdentidad::test_el_cliente_se_congela_al_crear
2026-09-29T22:43:08.042358+00:00 START tests/db/test_quoter_v2_api.py::TestIdentidad::test_un_proveedor_no_puede_ser_el_cliente
2026-09-29T22:43:09.502244+00:00 START tests/db/test_quoter_v2_api.py::TestIdentidad::test_un_tercero_con_rol_mixto_si_puede_ser_el_cliente
2026-09-29T22:43:11.361491+00:00 START tests/db/test_quoter_v2_api.py::TestIdentidad::test_un_cliente_archivado_no_revive_por_la_puerta_de_atras
2026-09-29T22:43:12.935536+00:00 START tests/db/test_quoter_v2_api.py::TestIdentidad::test_el_alta_queda_auditada
2026-09-29T22:43:14.208739+00:00 START tests/db/test_quoter_v2_api.py::TestIdentidad::test_un_cliente_inexistente_da_404
2026-09-29T22:43:15.314915+00:00 START tests/db/test_quoter_v2_api.py::TestLectura::test_se_lee_por_id
2026-09-29T22:43:17.119134+00:00 START tests/db/test_quoter_v2_api.py::TestLectura::test_el_listado_devuelve_lo_creado
2026-09-29T22:43:18.660431+00:00 START tests/db/test_quoter_v2_api.py::TestLectura::test_el_listado_filtra_por_estado
2026-09-29T22:43:20.227498+00:00 START tests/db/test_quoter_v2_api.py::TestLectura::test_un_id_que_no_existe_da_404
2026-09-29T22:43:21.320204+00:00 START tests/db/test_quoter_v2_api.py::TestAislamiento::test_una_cotizacion_v2_no_aparece_en_el_listado_legacy
2026-09-29T22:43:23.141380+00:00 START tests/db/test_quoter_v2_api.py::TestAislamiento::test_la_ruta_v2_no_resuelve_ids_de_legacy
2026-09-29T22:43:24.748800+00:00 START tests/db/test_quoter_v2_api.py::TestAislamiento::test_las_cotizaciones_historicas_quedan_selladas_como_legacy
2026-09-29T22:43:25.507365+00:00 START tests/db/test_quoter_v2_api.py::TestAislamiento::test_la_tabla_legacy_rechaza_el_motor_v2
2026-09-29T22:43:26.419848+00:00 START tests/db/test_quoter_v2_api.py::TestAislamiento::test_la_tabla_v2_rechaza_el_motor_legacy
2026-09-29T22:43:27.270060+00:00 START tests/db/test_quoter_v2_api.py::TestAislamiento::test_crear_en_v2_no_escribe_en_la_tabla_legacy
2026-09-29T22:43:28.896931+00:00 START tests/db/test_quoter_v2_concurrency.py::test_diez_peticiones_simultaneas_dejan_una_sola_tarifa
2026-09-29T22:43:30.462114+00:00 START tests/db/test_quoter_v2_concurrency.py::test_actualizar_una_tarifa_mueve_su_fecha
2026-09-29T22:43:31.522997+00:00 START tests/db/test_quoter_v2_concurrency.py::test_dos_ediciones_con_la_misma_version_solo_dejan_pasar_una
2026-09-29T22:43:32.348057+00:00 START tests/db/test_quoter_v2_concurrency.py::test_una_edicion_sola_siempre_pasa[7]
2026-09-29T22:43:33.017731+00:00 START tests/db/test_quoter_v2_concurrency.py::test_una_edicion_sola_siempre_pasa[9]
2026-09-29T22:43:33.749164+00:00 START tests/db/test_quoter_v2_deadlock_010p.py::test_lecturas_que_recalculan_y_escrituras_simultaneas_no_se_bloquean_en_cruz
2026-09-29T22:44:12.159140+00:00 START tests/db/test_quoter_v2_firing_api.py::TestAutorizacion::test_sin_sesion_no_se_lee_la_quema
2026-09-29T22:44:13.240684+00:00 START tests/db/test_quoter_v2_firing_api.py::TestAutorizacion::test_la_quema_es_de_administracion
2026-09-29T22:44:14.430742+00:00 START tests/db/test_quoter_v2_firing_api.py::TestDefaults::test_por_menor_nace_con_el_horno_configurado_para_por_menor
2026-09-29T22:44:17.074540+00:00 START tests/db/test_quoter_v2_firing_api.py::TestDefaults::test_por_mayor_nace_con_el_suyo
2026-09-29T22:44:20.158887+00:00 START tests/db/test_quoter_v2_firing_api.py::TestDefaults::test_sin_hornos_configurados_nace_sin_horno_y_avisa
2026-09-29T22:44:21.791506+00:00 START tests/db/test_quoter_v2_firing_api.py::TestDefaults::test_no_se_puede_sugerir_un_horno_dado_de_baja
2026-09-29T22:44:23.582345+00:00 START tests/db/test_quoter_v2_firing_api.py::TestDefaults::test_las_dos_quemas_nacen_encendidas
2026-09-29T22:44:25.173564+00:00 START tests/db/test_quoter_v2_firing_api.py::TestHornadas::test_la_tabla_de_hornadas[1-1]
2026-09-29T22:44:27.729792+00:00 START tests/db/test_quoter_v2_firing_api.py::TestHornadas::test_la_tabla_de_hornadas[99-1]
2026-09-29T22:44:30.794563+00:00 START tests/db/test_quoter_v2_firing_api.py::TestHornadas::test_la_tabla_de_hornadas[100-1]
2026-09-29T22:44:33.256539+00:00 START tests/db/test_quoter_v2_firing_api.py::TestHornadas::test_la_tabla_de_hornadas[101-2]
2026-09-29T22:44:35.734884+00:00 START tests/db/test_quoter_v2_firing_api.py::TestHornadas::test_la_tabla_de_hornadas[160-2]
2026-09-29T22:44:38.831153+00:00 START tests/db/test_quoter_v2_firing_api.py::TestHornadas::test_la_tabla_de_hornadas[200-2]
2026-09-29T22:44:41.272029+00:00 START tests/db/test_quoter_v2_firing_api.py::TestHornadas::test_la_tabla_de_hornadas[201-3]
2026-09-29T22:44:43.681045+00:00 START tests/db/test_quoter_v2_firing_api.py::TestHornadas::test_sin_volumen_no_hay_hornadas
2026-09-29T22:44:45.883049+00:00 START tests/db/test_quoter_v2_firing_api.py::TestHornadas::test_una_linea_sin_medidas_no_ocupa_y_avisa
2026-09-29T22:44:48.854459+00:00 START tests/db/test_quoter_v2_firing_api.py::TestHornadas::test_la_carga_de_cada_hornada_se_puede_ver
2026-09-29T22:44:51.370990+00:00 START tests/db/test_quoter_v2_firing_api.py::TestCasoCanonico::test_externo_chico_ciento_sesenta_baja_y_alta
2026-09-29T22:44:54.045895+00:00 START tests/db/test_quoter_v2_firing_api.py::TestCasoCanonico::test_la_hornada_parcial_cobra_tarifa_completa
2026-09-29T22:44:56.681854+00:00 START tests/db/test_quoter_v2_firing_api.py::TestCasoCanonico::test_la_hornada_parcial_consume_gas_completo
2026-09-29T22:44:59.731544+00:00 START tests/db/test_quoter_v2_firing_api.py::TestCasoCanonico::test_solo_baja
2026-09-29T22:45:02.221383+00:00 START tests/db/test_quoter_v2_firing_api.py::TestCasoCanonico::test_solo_alta
2026-09-29T22:45:04.711408+00:00 START tests/db/test_quoter_v2_firing_api.py::TestCasoCanonico::test_apagar_alta_no_deja_costos_escondidos
2026-09-29T22:45:07.816910+00:00 START tests/db/test_quoter_v2_firing_api.py::TestCasoCanonico::test_las_dos_apagadas_avisan_y_no_inventan_costo
2026-09-29T22:45:10.766467+00:00 START tests/db/test_quoter_v2_firing_api.py::TestTipoDeCliente::test_alumno_chico_ochenta_por_ciento
2026-09-29T22:45:13.334736+00:00 START tests/db/test_quoter_v2_firing_api.py::TestTipoDeCliente::test_cambiar_de_externo_a_alumno_reevalua_la_tarifa
2026-09-29T22:45:16.136851+00:00 START tests/db/test_quoter_v2_firing_api.py::TestTipoDeCliente::test_cambiar_de_cliente_no_cambia_el_gas
2026-09-29T22:45:19.672230+00:00 START tests/db/test_quoter_v2_firing_api.py::TestReparto::test_veinte_mas_treinta_es_una_sola_quema_repartida_cuarenta_sesenta
2026-09-29T22:45:23.030650+00:00 START tests/db/test_quoter_v2_firing_api.py::TestReparto::test_la_suma_repartida_es_exactamente_el_total
2026-09-29T22:45:26.634249+00:00 START tests/db/test_quoter_v2_firing_api.py::TestReparto::test_con_varias_hornadas_el_reparto_es_sobre_el_volumen_total
2026-09-29T22:45:30.138270+00:00 START tests/db/test_quoter_v2_firing_api.py::TestReparto::test_ocupar_poco_horno_no_encarece_la_pieza
2026-09-29T22:45:33.436060+00:00 START tests/db/test_quoter_v2_firing_api.py::TestRecomendaciones::test_superar_la_capacidad_avisa
2026-09-29T22:45:36.478260+00:00 START tests/db/test_quoter_v2_firing_api.py::TestRecomendaciones::test_por_menor_que_no_cabe_avisa_y_no_se_convierte_en_por_mayor
2026-09-29T22:45:39.080198+00:00 START tests/db/test_quoter_v2_firing_api.py::TestRecomendaciones::test_una_carga_pequena_en_horno_grande_recomienda_el_chico
2026-09-29T22:45:42.069167+00:00 START tests/db/test_quoter_v2_firing_api.py::TestRecomendaciones::test_una_carga_que_no_cabe_en_el_chico_recomienda_el_grande
2026-09-29T22:45:45.423068+00:00 START tests/db/test_quoter_v2_firing_api.py::TestRecomendaciones::test_la_lista_de_hornos_dice_que_pasaria_con_cada_uno
2026-09-29T22:45:48.924765+00:00 START tests/db/test_quoter_v2_firing_api.py::TestRecomendaciones::test_un_horno_sin_tarifas_se_marca
2026-09-29T22:45:51.091035+00:00 START tests/db/test_quoter_v2_firing_api.py::TestRecomendaciones::test_un_horno_a_medias_depende_de_lo_que_pida_la_cotizacion
2026-09-29T22:45:54.681112+00:00 START tests/db/test_quoter_v2_firing_api.py::TestOverrides::test_el_override_no_toca_el_maestro
2026-09-29T22:45:58.658269+00:00 START tests/db/test_quoter_v2_firing_api.py::TestOverrides::test_reenviar_el_mismo_horno_conserva_lo_pactado
2026-09-29T22:46:01.891947+00:00 START tests/db/test_quoter_v2_firing_api.py::TestOverrides::test_cambiar_de_horno_de_verdad_reevalua_las_tarifas
2026-09-29T22:46:05.093830+00:00 START tests/db/test_quoter_v2_firing_api.py::TestOverrides::test_un_override_en_cero_es_un_valor_elegido
2026-09-29T22:46:07.645797+00:00 START tests/db/test_quoter_v2_firing_api.py::TestOverrides::test_un_nulo_explicito_retira_el_acuerdo
2026-09-29T22:46:10.481781+00:00 START tests/db/test_quoter_v2_firing_api.py::TestOverrides::test_cambiar_el_cliente_no_borra_el_acuerdo_de_gas
2026-09-29T22:46:13.610841+00:00 START tests/db/test_quoter_v2_firing_api.py::TestSnapshots::test_subir_la_tarifa_no_reescribe_lo_ya_cotizado
2026-09-29T22:46:16.302317+00:00 START tests/db/test_quoter_v2_firing_api.py::TestSnapshots::test_remedir_el_horno_no_cambia_las_hornadas_ya_calculadas
2026-09-29T22:46:19.038654+00:00 START tests/db/test_quoter_v2_firing_api.py::TestSnapshots::test_una_emitida_no_cambia_aunque_cambie_el_maestro
2026-09-29T22:46:21.998135+00:00 START tests/db/test_quoter_v2_firing_api.py::TestSnapshots::test_una_emitida_no_admite_cambiar_de_horno
2026-09-29T22:46:25.423508+00:00 START tests/db/test_quoter_v2_firing_api.py::TestHornoRetirado::test_elegir_hoy_un_horno_dado_de_baja_se_rechaza
2026-09-29T22:46:27.758037+00:00 START tests/db/test_quoter_v2_firing_api.py::TestHornoRetirado::test_un_horno_retirado_despues_avisa_y_no_encalla_el_borrador
2026-09-29T22:46:30.938468+00:00 START tests/db/test_quoter_v2_firing_api.py::TestHornoRetirado::test_retirar_el_horno_de_la_cotizacion_deja_la_quema_en_cero
2026-09-29T22:46:33.852445+00:00 START tests/db/test_quoter_v2_firing_api.py::TestHornoRetirado::test_un_horno_inexistente_da_404
2026-09-29T22:46:35.423841+00:00 START tests/db/test_quoter_v2_firing_api.py::TestLineas::test_cambiar_la_cantidad_recalcula_las_hornadas
2026-09-29T22:46:38.797390+00:00 START tests/db/test_quoter_v2_firing_api.py::TestLineas::test_borrar_una_linea_devuelve_la_quema_a_lo_que_queda
2026-09-29T22:46:41.994410+00:00 START tests/db/test_quoter_v2_firing_api.py::TestLineas::test_el_volumen_de_la_linea_se_calcula_y_se_devuelve
2026-09-29T22:46:43.695490+00:00 START tests/db/test_quoter_v2_firing_api.py::TestLineas::test_una_medida_en_cero_se_rechaza
2026-09-29T22:46:45.233124+00:00 START tests/db/test_quoter_v2_firing_api.py::TestLegacy::test_cotizar_la_quema_no_mueve_el_factor_de_ocupacion
2026-09-29T22:46:48.011246+00:00 START tests/db/test_quoter_v2_firing_api.py::TestLegacy::test_cotizar_la_quema_no_toca_las_tarifas_de_legacy
2026-09-29T22:46:50.132010+00:00 START tests/db/test_quoter_v2_firing_api.py::TestLegacy::test_cotizar_la_quema_no_consume_existencia
2026-09-29T22:46:52.711356+00:00 START tests/db/test_quoter_v2_firing_api.py::TestDiferencia::test_la_columna_generada_cuadra_con_sus_dos_sumandos
2026-09-29T22:46:55.171243+00:00 START tests/db/test_quoter_v2_firing_api.py::TestDiferencia::test_la_diferencia_no_se_puede_escribir_a_mano
2026-09-29T22:46:57.972761+00:00 START tests/db/test_quoter_v2_firing_api.py::TestModoCompartido::test_compartida_cobra_la_fraccion_y_exclusiva_la_hornada
2026-09-29T22:47:00.628023+00:00 START tests/db/test_quoter_v2_firing_api.py::TestModoCompartido::test_la_separacion_se_suma_a_cada_medida_y_se_puede_quitar
2026-09-29T22:47:02.923221+00:00 START tests/db/test_quoter_v2_firing_api.py::TestModoCompartido::test_una_separacion_fuera_de_rango_se_rechaza
2026-09-29T22:47:04.443179+00:00 START tests/db/test_quoter_v2_firing_api.py::TestModoCompartido::test_la_nueva_cotizacion_nace_compartida_con_la_separacion_de_la_casa
2026-09-29T22:47:06.116229+00:00 START tests/db/test_quoter_v2_labor_api.py::TestAutorizacion::test_sin_sesion_no_se_leen_los_trabajadores
2026-09-29T22:47:07.215571+00:00 START tests/db/test_quoter_v2_labor_api.py::TestAutorizacion::test_el_taller_no_ve_los_jornales
2026-09-29T22:47:08.352178+00:00 START tests/db/test_quoter_v2_labor_api.py::TestTrabajadores::test_la_tarifa_por_hora_sale_del_jornal_y_la_jornada
2026-09-29T22:47:09.570463+00:00 START tests/db/test_quoter_v2_labor_api.py::TestTrabajadores::test_ciento_diez_entre_ocho_son_trece_setenta_y_cinco
2026-09-29T22:47:10.837496+00:00 START tests/db/test_quoter_v2_labor_api.py::TestTrabajadores::test_un_trabajador_interno_no_suma_costo
2026-09-29T22:47:13.199701+00:00 START tests/db/test_quoter_v2_labor_api.py::TestTrabajadores::test_un_trabajador_externo_cobra_sus_horas_reales
2026-09-29T22:47:15.139802+00:00 START tests/db/test_quoter_v2_labor_api.py::TestTrabajadores::test_una_jornada_propia_gana_sobre_la_del_taller
2026-09-29T22:47:16.430814+00:00 START tests/db/test_quoter_v2_labor_api.py::TestTrabajadores::test_un_trabajador_dado_de_baja_no_se_puede_asignar
2026-09-29T22:47:18.249530+00:00 START tests/db/test_quoter_v2_labor_api.py::TestTrabajadores::test_subir_el_jornal_no_cambia_lo_ya_cotizado
2026-09-29T22:47:20.957298+00:00 START tests/db/test_quoter_v2_labor_api.py::TestTrabajadores::test_dos_administradores_no_se_pisan_el_jornal
2026-09-29T22:47:22.358556+00:00 START tests/db/test_quoter_v2_labor_api.py::TestTecnicas::test_cincuenta_piezas_por_jornada_son_seis_con_veinticinco_por_hora
2026-09-29T22:47:23.510097+00:00 START tests/db/test_quoter_v2_labor_api.py::TestTecnicas::test_setenta_y_cinco_piezas_son_doce_horas
2026-09-29T22:47:25.877024+00:00 START tests/db/test_quoter_v2_labor_api.py::TestTecnicas::test_la_tecnica_no_guarda_precio
2026-09-29T22:47:27.810344+00:00 START tests/db/test_quoter_v2_labor_api.py::TestTecnicas::test_el_estandar_no_cambia_porque_alguien_rinda_mas
2026-09-29T22:47:30.638846+00:00 START tests/db/test_quoter_v2_labor_api.py::TestTecnicas::test_una_tecnica_retirada_no_se_puede_asignar
2026-09-29T22:47:32.477765+00:00 START tests/db/test_quoter_v2_labor_api.py::TestJornadaCompartida::test_la_misma_persona_puede_hacer_varias_tecnicas
2026-09-29T22:47:36.500994+00:00 START tests/db/test_quoter_v2_labor_api.py::TestJornadaCompartida::test_tres_tecnicas_en_una_jornada_no_son_tres_jornadas
2026-09-29T22:47:39.994352+00:00 START tests/db/test_quoter_v2_labor_api.py::TestJornadaCompartida::test_ocho_horas_exactas_no_alertan
2026-09-29T22:47:42.362185+00:00 START tests/db/test_quoter_v2_labor_api.py::TestJornadaCompartida::test_diez_horas_alertan_y_no_traen_recargo
2026-09-29T22:47:44.570689+00:00 START tests/db/test_quoter_v2_labor_api.py::TestJornadaCompartida::test_el_aviso_mira_el_total_y_no_cada_tarea
2026-09-29T22:47:47.778074+00:00 START tests/db/test_quoter_v2_labor_api.py::TestJornadaCompartida::test_dos_personas_en_paralelo_no_suman_dias
2026-09-29T22:47:50.606830+00:00 START tests/db/test_quoter_v2_labor_api.py::TestPlanificacion::test_diez_horas_sugieren_dos_dias
2026-09-29T22:47:53.320151+00:00 START tests/db/test_quoter_v2_labor_api.py::TestPlanificacion::test_quien_planifica_decide_los_dias[1]
2026-09-29T22:47:55.595207+00:00 START tests/db/test_quoter_v2_labor_api.py::TestPlanificacion::test_quien_planifica_decide_los_dias[2]
2026-09-29T22:47:57.858706+00:00 START tests/db/test_quoter_v2_labor_api.py::TestPersonalAdicional::test_anadir_personal_suma_costo
2026-09-29T22:48:00.716258+00:00 START tests/db/test_quoter_v2_labor_api.py::TestPersonalAdicional::test_anadir_personal_no_reduce_el_plazo
2026-09-29T22:48:03.488379+00:00 START tests/db/test_quoter_v2_labor_api.py::TestOverrides::test_una_tarifa_acordada_no_toca_el_maestro
2026-09-29T22:48:06.079525+00:00 START tests/db/test_quoter_v2_labor_api.py::TestOverrides::test_el_acuerdo_sobrevive_a_cambiar_la_cantidad
2026-09-29T22:48:08.188310+00:00 START tests/db/test_quoter_v2_labor_api.py::TestOverrides::test_retirar_el_acuerdo_es_una_decision_explicita
2026-09-29T22:48:10.469792+00:00 START tests/db/test_quoter_v2_labor_api.py::TestOverrides::test_las_horas_acordadas_sobreviven_a_cambiar_la_cantidad
2026-09-29T22:48:12.565917+00:00 START tests/db/test_quoter_v2_labor_api.py::TestOverrides::test_cambiar_de_persona_no_hereda_la_tarifa_acordada
2026-09-29T22:48:15.058302+00:00 START tests/db/test_quoter_v2_labor_api.py::TestIlustracion::test_por_defecto_esta_apagada
2026-09-29T22:48:16.847635+00:00 START tests/db/test_quoter_v2_labor_api.py::TestIlustracion::test_cincuenta_piezas_son_una_jornada_y_ciento_diez_soles
2026-09-29T22:48:18.612656+00:00 START tests/db/test_quoter_v2_labor_api.py::TestIlustracion::test_setenta_y_cinco_piezas_son_doce_horas_y_ciento_sesenta_y_cinco
2026-09-29T22:48:20.011931+00:00 START tests/db/test_quoter_v2_labor_api.py::TestIlustracion::test_una_sola_pieza_no_cuesta_una_jornada
2026-09-29T22:48:21.496289+00:00 START tests/db/test_quoter_v2_labor_api.py::TestIlustracion::test_apagarla_lo_deja_todo_en_cero
2026-09-29T22:48:23.458209+00:00 START tests/db/test_quoter_v2_labor_api.py::TestIlustracion::test_subir_la_tarifa_global_no_cambia_lo_ya_congelado
2026-09-29T22:48:25.579050+00:00 START tests/db/test_quoter_v2_labor_api.py::TestIlustracion::test_una_tarifa_acordada_para_esta_cotizacion
2026-09-29T22:48:26.986030+00:00 START tests/db/test_quoter_v2_labor_api.py::TestIlustracion::test_no_aparece_entre_las_tecnicas
2026-09-29T22:48:28.835900+00:00 START tests/db/test_quoter_v2_labor_api.py::TestBorradorYEmitida::test_una_cotizacion_emitida_no_admite_mas_trabajo
2026-09-29T22:48:30.673423+00:00 START tests/db/test_quoter_v2_labor_api.py::TestBorradorYEmitida::test_una_emitida_tampoco_admite_ilustracion
2026-09-29T22:48:32.763610+00:00 START tests/db/test_quoter_v2_labor_api.py::TestBorradorYEmitida::test_una_tarea_de_otra_cotizacion_no_se_puede_editar
2026-09-29T22:48:35.205351+00:00 START tests/db/test_quoter_v2_labor_api.py::test_una_cantidad_cero_no_revienta[0]
2026-09-29T22:48:37.245814+00:00 START tests/db/test_quoter_v2_labor_api.py::test_una_cantidad_cero_no_revienta[1]
2026-09-29T22:48:39.123540+00:00 START tests/db/test_quoter_v2_labor_api.py::test_un_rendimiento_de_cero_no_se_puede_configurar
2026-09-29T22:48:40.580821+00:00 START tests/db/test_quoter_v2_labor_api.py::test_una_jornada_de_cero_horas_no_se_puede_configurar
2026-09-29T22:48:41.700301+00:00 START tests/db/test_quoter_v2_labor_api.py::test_una_tarifa_negativa_no_se_puede_configurar
2026-09-29T22:48:42.797977+00:00 START tests/db/test_quoter_v2_labor_api.py::test_veinticinco_horas_de_jornada_no_caben_en_un_dia
2026-09-29T22:48:43.856089+00:00 START tests/db/test_quoter_v2_labor_api.py::test_el_navegador_no_puede_mandar_el_costo
2026-09-29T22:48:45.299181+00:00 START tests/db/test_quoter_v2_labor_api.py::test_las_tareas_v2_no_tocan_el_catalogo_de_legacy
2026-09-29T22:48:47.913352+00:00 START tests/db/test_quoter_v2_labor_api.py::TestLoQueEncontroLaAuditoria::test_retirar_la_tarifa_de_ilustracion_vuelve_a_la_congelada
2026-09-29T22:48:49.578368+00:00 START tests/db/test_quoter_v2_labor_api.py::TestLoQueEncontroLaAuditoria::test_cambiar_la_cantidad_conserva_la_tarifa_acordada
2026-09-29T22:48:51.189561+00:00 START tests/db/test_quoter_v2_labor_api.py::TestLoQueEncontroLaAuditoria::test_una_division_inexacta_deja_la_fila_cuadrada
2026-09-29T22:48:53.332174+00:00 START tests/db/test_quoter_v2_labor_api.py::TestReenviarNoEsElegir::test_reenviar_el_mismo_trabajador_no_borra_la_tarifa_acordada
2026-09-29T22:48:55.785189+00:00 START tests/db/test_quoter_v2_labor_api.py::TestReenviarNoEsElegir::test_un_borrador_con_alguien_dado_de_baja_sigue_editandose
2026-09-29T22:48:58.313748+00:00 START tests/db/test_quoter_v2_labor_api.py::TestReenviarNoEsElegir::test_un_borrador_con_una_tecnica_retirada_sigue_editandose
2026-09-29T22:49:00.598732+00:00 START tests/db/test_quoter_v2_labor_api.py::TestReenviarNoEsElegir::test_cambiar_de_verdad_de_persona_si_retira_el_acuerdo
2026-09-29T22:49:03.075034+00:00 START tests/db/test_quoter_v2_lifecycle_api.py::TestEmitir::test_borrador_confirmar_pdf
2026-09-29T22:49:09.127383+00:00 START tests/db/test_quoter_v2_lifecycle_api.py::TestEmitir::test_un_borrador_no_tiene_pdf
2026-09-29T22:49:13.770418+00:00 START tests/db/test_quoter_v2_lifecycle_api.py::TestEmitir::test_incompleta_no_se_emite
2026-09-29T22:49:15.433585+00:00 START tests/db/test_quoter_v2_lifecycle_api.py::TestEmitir::test_producto_catalogo_con_proceso_requerido_retirado_no_se_emite
2026-09-29T22:49:20.250267+00:00 START tests/db/test_quoter_v2_lifecycle_api.py::TestEmitir::test_proceso_sin_trabajador_no_se_emite
2026-09-29T22:49:24.782693+00:00 START tests/db/test_quoter_v2_lifecycle_api.py::TestEmitir::test_linea_libre_sin_procesos_no_se_emite
2026-09-29T22:49:30.156312+00:00 START tests/db/test_quoter_v2_lifecycle_api.py::TestEmitir::test_emitida_queda_congelada
2026-09-29T22:49:35.732503+00:00 START tests/db/test_quoter_v2_lifecycle_api.py::TestEmitir::test_cambio_despues_del_resumen_da_conflicto
2026-09-29T22:49:41.595270+00:00 START tests/db/test_quoter_v2_lifecycle_api.py::TestEmitir::test_cambiar_el_cliente_o_las_condiciones_tras_el_resumen_da_conflicto
2026-09-29T22:50:12.032677+00:00 RESULT call:failed tests/db/test_quoter_v2_lifecycle_api.py::TestEmitir::test_cambiar_el_cliente_o_las_condiciones_tras_el_resumen_da_conflicto
2026-09-29T22:50:12.035906+00:00 START tests/db/test_quoter_v2_lifecycle_api.py::TestEmitir::test_releer_el_resumen_no_cambia_la_huella
2026-09-29T22:50:17.328320+00:00 START tests/db/test_quoter_v2_lifecycle_api.py::TestDobleConfirmar::test_dos_confirmaciones_simultaneas_una_emision
2026-09-29T22:50:22.735788+00:00 START tests/db/test_quoter_v2_lifecycle_api.py::TestVencerYDuplicar::test_vencida_duplicada_recotiza_y_la_antigua_conserva_todo
2026-09-29T22:50:32.196833+00:00 START tests/db/test_quoter_v2_lifecycle_api.py::TestVencerYDuplicar::test_duplicar_dos_veces_devuelve_el_mismo_borrador
2026-09-29T22:50:38.435757+00:00 START tests/db/test_quoter_v2_lifecycle_api.py::TestVencerYDuplicar::test_una_vigente_no_se_duplica
2026-09-29T22:50:44.174867+00:00 START tests/db/test_quoter_v2_lifecycle_api.py::TestVencerYDuplicar::test_maestros_desactivados_se_avisan_y_no_se_copian
2026-09-29T22:50:51.431139+00:00 START tests/db/test_quoter_v2_lifecycle_api.py::TestProduccion::test_doble_envio_un_solo_puente_y_nada_de_inventario
2026-09-29T22:50:57.872902+00:00 START tests/db/test_quoter_v2_lifecycle_api.py::TestProduccion::test_un_borrador_no_pasa_a_produccion
2026-09-29T22:51:02.867036+00:00 START tests/db/test_quoter_v2_lifecycle_api.py::TestProduccion::test_el_taller_no_emite_ni_envia
2026-09-29T22:51:03.844189+00:00 START tests/db/test_quoter_v2_lifecycle_api.py::TestAnular::test_anular_una_emitida_conserva_el_pdf_marcado
2026-09-29T22:51:10.386603+00:00 START tests/db/test_quoter_v2_lifecycle_api.py::TestAnular::test_una_anulada_sin_emitir_no_tiene_pdf
2026-09-29T22:51:12.008802+00:00 START tests/db/test_quoter_v2_lifecycle_api.py::TestDocumento::test_usd_multiproducto_conserva_tc_y_lineas
2026-09-29T22:51:21.184454+00:00 START tests/db/test_quoter_v2_lifecycle_api.py::test_25_rondas_concurrentes_de_precio_quema_preview_y_edicion
2026-09-29T22:51:44.040870+00:00 START tests/db/test_quoter_v2_lifecycle_edges_api.py::TestVigencia::test_vigencia_de_un_dia_por_la_api
2026-09-29T22:51:49.673080+00:00 START tests/db/test_quoter_v2_lifecycle_edges_api.py::TestVigencia::test_emitida_valida_hasta_es_dia_de_lima
2026-09-29T22:51:55.111878+00:00 START tests/db/test_quoter_v2_lifecycle_edges_api.py::TestMaestrosDeBaja::test_producto_tecnica_esmalte_y_horno_de_baja
2026-09-29T22:52:04.194332+00:00 START tests/db/test_quoter_v2_lifecycle_edges_api.py::TestFactor::test_duplicar_usa_el_rango_y_el_default_de_hoy
2026-09-29T22:52:10.226224+00:00 START tests/db/test_quoter_v2_lifecycle_edges_api.py::TestDecisionesContrarias::test_anular_y_enviar_a_la_vez_solo_gana_una
2026-09-29T22:52:15.480467+00:00 START tests/db/test_quoter_v2_lifecycle_edges_api.py::TestDecisionesContrarias::test_confirmar_y_anular_a_la_vez_deja_un_estado_coherente
2026-09-29T22:52:21.071673+00:00 START tests/db/test_quoter_v2_materials_api.py::TestAutorizacion::test_sin_sesion_no_se_leen_los_materiales
2026-09-29T22:52:22.076609+00:00 START tests/db/test_quoter_v2_materials_api.py::TestAutorizacion::test_cotizar_no_autoriza_a_valorizar
2026-09-29T22:52:23.181191+00:00 START tests/db/test_quoter_v2_materials_api.py::TestValorizacion::test_el_transporte_entra_en_el_costo_por_gramo
2026-09-29T22:52:24.926330+00:00 START tests/db/test_quoter_v2_materials_api.py::TestValorizacion::test_el_costo_por_gramo_lo_deriva_la_base
2026-09-29T22:52:27.198983+00:00 START tests/db/test_quoter_v2_materials_api.py::TestValorizacion::test_un_material_donado_puede_valorizarse
2026-09-29T22:52:28.992181+00:00 START tests/db/test_quoter_v2_materials_api.py::TestValorizacion::test_no_se_escribe_en_el_costo_del_maestro
2026-09-29T22:52:30.854145+00:00 START tests/db/test_quoter_v2_materials_api.py::TestValorizacion::test_una_cantidad_de_cero_se_rechaza_con_un_mensaje
2026-09-29T22:52:32.419280+00:00 START tests/db/test_quoter_v2_materials_api.py::TestValorizacion::test_un_producto_terminado_no_puede_ser_material
2026-09-29T22:52:34.796620+00:00 START tests/db/test_quoter_v2_materials_api.py::TestValorizacion::test_valorizar_queda_auditado
2026-09-29T22:52:36.635626+00:00 START tests/db/test_quoter_v2_materials_api.py::TestPasta::test_peso_y_costo_del_ejemplo_canonico
2026-09-29T22:52:38.889299+00:00 START tests/db/test_quoter_v2_materials_api.py::TestPasta::test_la_unidad_sale_del_maestro
2026-09-29T22:52:40.983407+00:00 START tests/db/test_quoter_v2_materials_api.py::TestPasta::test_cada_linea_puede_tener_su_propia_pasta
2026-09-29T22:52:43.753899+00:00 START tests/db/test_quoter_v2_materials_api.py::TestPasta::test_el_override_no_cambia_el_maestro
2026-09-29T22:52:46.366163+00:00 START tests/db/test_quoter_v2_materials_api.py::TestPasta::test_cambiar_el_maestro_no_reescribe_lo_ya_cotizado
2026-09-29T22:52:49.016671+00:00 START tests/db/test_quoter_v2_materials_api.py::TestPasta::test_elegir_pasta_sin_peso_avisa_y_no_bloquea
2026-09-29T22:52:51.187653+00:00 START tests/db/test_quoter_v2_materials_api.py::TestEsmalte::test_por_defecto_una_linea_no_lleva_esmalte
2026-09-29T22:52:53.524794+00:00 START tests/db/test_quoter_v2_materials_api.py::TestEsmalte::test_el_esmalte_es_el_quince_por_ciento_del_peso
2026-09-29T22:52:56.831271+00:00 START tests/db/test_quoter_v2_materials_api.py::TestEsmalte::test_se_elige_el_mas_caro_por_gramo_no_el_envase_mas_caro
2026-09-29T22:52:59.963918+00:00 START tests/db/test_quoter_v2_materials_api.py::TestEsmalte::test_un_esmalte_sin_stock_sirve_de_referencia
2026-09-29T22:53:02.616789+00:00 START tests/db/test_quoter_v2_materials_api.py::TestEsmalte::test_un_esmalte_inactivo_no_se_elige
2026-09-29T22:53:05.894003+00:00 START tests/db/test_quoter_v2_materials_api.py::TestEsmalte::test_sin_ningun_esmalte_activo_avisa_y_no_revienta
2026-09-29T22:53:08.608174+00:00 START tests/db/test_quoter_v2_materials_api.py::TestEsmalte::test_sin_conversion_declarada_se_usa_la_de_reserva_y_se_dice
2026-09-29T22:53:11.537040+00:00 START tests/db/test_quoter_v2_materials_api.py::TestEsmalte::test_la_conversion_declarada_gana_sobre_la_de_reserva
2026-09-29T22:53:14.143447+00:00 START tests/db/test_quoter_v2_materials_api.py::TestEsmalte::test_apagar_el_esmalte_lo_deja_todo_en_cero
2026-09-29T22:53:16.966734+00:00 START tests/db/test_quoter_v2_materials_api.py::TestEsmalte::test_el_esmalte_congelado_sobrevive_al_cambio_del_maestro
2026-09-29T22:53:20.150345+00:00 START tests/db/test_quoter_v2_materials_api.py::TestInventario::test_cotizar_no_descuenta_ni_pasta_ni_esmalte
2026-09-29T22:53:23.465624+00:00 START tests/db/test_quoter_v2_materials_api.py::TestInventario::test_una_entrada_manual_aumenta_el_stock
2026-09-29T22:53:25.640899+00:00 START tests/db/test_quoter_v2_materials_api.py::TestInventario::test_el_taller_puede_registrar_una_entrada_pero_no_valorizar
2026-09-29T22:53:28.140826+00:00 START tests/db/test_quoter_v2_materials_api.py::TestLegacy::test_las_lineas_v2_no_tocan_las_de_legacy
2026-09-29T22:53:31.233721+00:00 START tests/db/test_quoter_v2_materials_api.py::TestLegacy::test_una_cotizacion_emitida_no_admite_mas_material
2026-09-29T22:53:33.518504+00:00 START tests/db/test_quoter_v2_materials_api.py::TestLegacy::test_una_linea_de_otra_cotizacion_no_se_puede_editar
2026-09-29T22:53:35.867739+00:00 START tests/db/test_quoter_v2_materials_api.py::test_una_cantidad_cero_no_revienta[0]
2026-09-29T22:53:38.081569+00:00 START tests/db/test_quoter_v2_materials_api.py::test_una_cantidad_cero_no_revienta[1]
2026-09-29T22:53:40.595822+00:00 START tests/db/test_quoter_v2_materials_api.py::TestConcurrencia::test_cambiar_sin_declarar_la_version_se_rechaza
2026-09-29T22:53:42.326121+00:00 START tests/db/test_quoter_v2_materials_api.py::TestConcurrencia::test_una_version_vieja_no_pisa_a_quien_llego_antes
2026-09-29T22:53:44.346999+00:00 START tests/db/test_quoter_v2_materials_api.py::TestConcurrencia::test_la_primera_valorizacion_no_tiene_version_que_declarar
2026-09-29T22:53:46.067645+00:00 START tests/db/test_quoter_v2_materials_api.py::TestMaterialQueDejoDeSerlo::test_una_pasta_no_puede_elegirse_como_esmalte
2026-09-29T22:53:48.505680+00:00 START tests/db/test_quoter_v2_materials_api.py::TestMaterialQueDejoDeSerlo::test_un_esmalte_no_puede_elegirse_como_pasta
2026-09-29T22:53:50.611104+00:00 START tests/db/test_quoter_v2_materials_api.py::TestMaterialQueDejoDeSerlo::test_elegir_hoy_un_material_dado_de_baja_se_rechaza
2026-09-29T22:53:52.873621+00:00 START tests/db/test_quoter_v2_materials_api.py::TestMaterialQueDejoDeSerlo::test_si_ya_estaba_puesto_avisa_pero_deja_seguir
2026-09-29T22:53:55.659309+00:00 START tests/db/test_quoter_v2_materials_api.py::TestMaterialQueDejoDeSerlo::test_una_pasta_convertida_en_esmalte_no_recalcula_la_linea
2026-09-29T22:53:58.489793+00:00 START tests/db/test_quoter_v2_materials_api.py::TestMaterialQueDejoDeSerlo::test_dos_primeras_valorizaciones_a_la_vez_dan_conflicto_no_un_500
2026-09-29T22:54:00.830728+00:00 START tests/db/test_quoter_v2_materials_api.py::TestNombreYTotalDeLinea::test_una_pieza_de_encargo_puede_llamarse_por_su_nombre
2026-09-29T22:54:02.183141+00:00 START tests/db/test_quoter_v2_materials_api.py::TestNombreYTotalDeLinea::test_si_la_linea_cuelga_de_un_producto_manda_el_maestro
2026-09-29T22:54:04.040784+00:00 START tests/db/test_quoter_v2_materials_api.py::TestNombreYTotalDeLinea::test_el_total_de_la_linea_lo_suma_el_backend
2026-09-29T22:54:06.831368+00:00 START tests/db/test_quoter_v2_materials_api.py::TestLaEdicionParcialNoBorraDecisiones::test_el_costo_pactado_sobrevive_a_cambiar_la_cantidad
2026-09-29T22:54:09.491455+00:00 START tests/db/test_quoter_v2_materials_api.py::TestLaEdicionParcialNoBorraDecisiones::test_retirar_el_pacto_es_una_decision_explicita
2026-09-29T22:54:11.780335+00:00 START tests/db/test_quoter_v2_materials_api.py::TestLaEdicionParcialNoBorraDecisiones::test_cambiar_de_material_no_hereda_el_pacto_del_anterior
2026-09-29T22:54:14.545610+00:00 START tests/db/test_quoter_v2_materials_api.py::TestLaEdicionParcialNoBorraDecisiones::test_el_esmalte_propuesto_sigue_siendo_una_referencia
2026-09-29T22:54:17.396721+00:00 START tests/db/test_quoter_v2_materials_api.py::TestLaEdicionParcialNoBorraDecisiones::test_la_referencia_se_vuelve_a_elegir_si_aparece_uno_mas_caro
2026-09-29T22:54:21.183562+00:00 START tests/db/test_quoter_v2_materials_api.py::TestLaEdicionParcialNoBorraDecisiones::test_un_esmalte_elegido_a_mano_no_lo_cambia_el_sistema
2026-09-29T22:54:24.638154+00:00 START tests/db/test_quoter_v2_materials_api.py::TestLaEdicionParcialNoBorraDecisiones::test_soltar_el_esmalte_devuelve_la_decision_al_sistema
2026-09-29T22:54:27.572520+00:00 START tests/db/test_quoter_v2_materials_api.py::test_reenviar_el_mismo_material_no_borra_el_costo_pactado
2026-09-29T22:54:30.050221+00:00 START tests/db/test_quoter_v2_materials_api.py::test_reenviar_un_material_retirado_avisa_en_vez_de_bloquear
2026-09-29T22:54:32.950265+00:00 START tests/db/test_quoter_v2_materials_api.py::test_elegir_hoy_un_material_retirado_se_sigue_rechazando
2026-09-29T22:54:35.983170+00:00 START tests/db/test_quoter_v2_pricing_api.py::TestAutorizacion::test_sin_sesion_no_se_lee_el_precio
2026-09-29T22:54:37.115276+00:00 START tests/db/test_quoter_v2_pricing_api.py::TestAutorizacion::test_el_precio_es_de_administracion
2026-09-29T22:54:38.362842+00:00 START tests/db/test_quoter_v2_pricing_api.py::TestCostos::test_los_componentes_llegan_de_las_fases_anteriores
2026-09-29T22:54:41.974536+00:00 START tests/db/test_quoter_v2_pricing_api.py::TestCostos::test_el_costo_de_produccion_lleva_la_tarifa_y_el_real_el_gas
2026-09-29T22:54:45.413027+00:00 START tests/db/test_quoter_v2_pricing_api.py::TestCostos::test_el_espacio_sale_de_las_horas_activas
2026-09-29T22:54:50.894924+00:00 START tests/db/test_quoter_v2_pricing_api.py::TestCostos::test_sin_tiempo_por_pieza_el_espacio_no_se_inventa
2026-09-29T22:54:54.285801+00:00 START tests/db/test_quoter_v2_pricing_api.py::TestCostos::test_la_administracion_se_cobra_una_vez_por_cotizacion
2026-09-29T22:55:00.254613+00:00 START tests/db/test_quoter_v2_pricing_api.py::TestFactor::test_el_precio_minimo_es_el_doble_y_el_objetivo_el_triple
2026-09-29T22:55:04.427375+00:00 START tests/db/test_quoter_v2_pricing_api.py::TestFactor::test_el_factor_multiplica_y_no_anade_un_porcentaje
2026-09-29T22:55:08.143040+00:00 START tests/db/test_quoter_v2_pricing_api.py::TestFactor::test_un_factor_intermedio_se_admite
2026-09-29T22:55:11.619243+00:00 START tests/db/test_quoter_v2_pricing_api.py::TestFactor::test_por_debajo_del_suelo_se_rechaza
2026-09-29T22:55:14.918682+00:00 START tests/db/test_quoter_v2_pricing_api.py::TestFactor::test_por_encima_del_techo_se_rechaza
2026-09-29T22:55:18.718705+00:00 START tests/db/test_quoter_v2_pricing_api.py::TestFactor::test_el_techo_del_factor_es_configurable_y_el_suelo_no
2026-09-29T22:55:23.137514+00:00 START tests/db/test_quoter_v2_pricing_api.py::TestFactor::test_un_nulo_explicito_no_retira_el_factor_en_silencio
2026-09-29T22:55:26.774631+00:00 START tests/db/test_quoter_v2_pricing_api.py::TestFactor::test_un_cuerpo_vacio_solo_recalcula
2026-09-29T22:55:31.007712+00:00 START tests/db/test_quoter_v2_pricing_api.py::TestFactor::test_el_factor_es_uno_por_cotizacion_y_no_por_producto
2026-09-29T22:55:34.994270+00:00 START tests/db/test_quoter_v2_pricing_api.py::TestReparto::test_lo_repartido_suma_exactamente_el_costo_de_produccion
2026-09-29T22:55:39.027512+00:00 START tests/db/test_quoter_v2_pricing_api.py::TestReparto::test_los_costos_generales_no_se_duplican
2026-09-29T22:55:43.181636+00:00 START tests/db/test_quoter_v2_pricing_api.py::TestReparto::test_una_linea_sin_piezas_tampoco_pierde_los_generales
2026-09-29T22:55:46.914535+00:00 START tests/db/test_quoter_v2_pricing_api.py::TestReparto::test_varias_lineas_sin_piezas_reparten_a_partes_iguales
2026-09-29T22:55:50.254737+00:00 START tests/db/test_quoter_v2_pricing_api.py::TestReparto::test_el_precio_asignado_es_el_costo_asignado_por_el_factor
2026-09-29T22:55:53.827273+00:00 START tests/db/test_quoter_v2_pricing_api.py::TestRedondeo::test_el_unitario_es_multiplo_del_escalon_y_nunca_baja
2026-09-29T22:55:57.411347+00:00 START tests/db/test_quoter_v2_pricing_api.py::TestRedondeo::test_el_subtotal_se_reconstruye_desde_los_unitarios
2026-09-29T22:56:01.031508+00:00 START tests/db/test_quoter_v2_pricing_api.py::TestRedondeo::test_el_ajuste_por_redondeo_explica_la_diferencia
2026-09-29T22:56:04.892210+00:00 START tests/db/test_quoter_v2_pricing_api.py::TestRedondeo::test_una_linea_sin_piezas_no_lleva_importe
2026-09-29T22:56:08.727853+00:00 START tests/db/test_quoter_v2_pricing_api.py::TestIgv::test_el_igv_sale_del_porcentaje_congelado
2026-09-29T22:56:12.079923+00:00 START tests/db/test_quoter_v2_pricing_api.py::TestIgv::test_el_factor_no_se_aplica_sobre_el_igv
2026-09-29T22:56:15.549254+00:00 START tests/db/test_quoter_v2_pricing_api.py::TestIgv::test_el_igv_no_cuenta_como_ganancia
2026-09-29T22:56:19.334392+00:00 START tests/db/test_quoter_v2_pricing_api.py::TestMoneda::test_en_moneda_base_no_hay_tipo_de_cambio
2026-09-29T22:56:22.782215+00:00 START tests/db/test_quoter_v2_pricing_api.py::TestMoneda::test_en_dolares_se_convierte_una_sola_vez
2026-09-29T22:56:26.253088+00:00 START tests/db/test_quoter_v2_pricing_api.py::TestMoneda::test_la_ganancia_en_dolares_se_compara_en_soles
2026-09-29T22:56:30.529583+00:00 START tests/db/test_quoter_v2_pricing_api.py::TestSnapshot::test_una_emitida_no_admite_cambiar_el_factor
2026-09-29T22:56:34.581733+00:00 START tests/db/test_quoter_v2_pricing_api.py::TestSnapshot::test_una_emitida_no_cambia_de_precio_aunque_cambie_el_maestro
2026-09-29T22:56:38.389950+00:00 START tests/db/test_quoter_v2_pricing_api.py::TestSnapshot::test_el_borrador_si_se_actualiza_al_cambiar_una_linea
2026-09-29T22:56:42.703393+00:00 START tests/db/test_quoter_v2_pricing_api.py::TestSnapshot::test_el_precio_queda_guardado_y_no_solo_devuelto
2026-09-29T22:56:46.523609+00:00 START tests/db/test_quoter_v2_pricing_api.py::TestLegacy::test_poner_precio_no_toca_las_cotizaciones_de_legacy
2026-09-29T22:56:50.458766+00:00 START tests/db/test_quoter_v2_pricing_api.py::TestLegacy::test_poner_precio_no_consume_existencia
2026-09-29T22:56:54.115359+00:00 START tests/db/test_quoter_v2_pricing_api.py::TestLegacy::test_poner_precio_no_cambia_la_configuracion_de_la_casa
2026-09-29T22:56:57.887125+00:00 START tests/db/test_quoter_v2_processes_api.py::TestLaPiezaTraeSusProcesos::test_anadir_la_taza_trae_torno_asa_y_acabado_con_sus_piezas
2026-09-29T22:57:00.834482+00:00 START tests/db/test_quoter_v2_processes_api.py::TestLaPiezaTraeSusProcesos::test_una_pieza_sin_procesos_configurados_lo_dice
2026-09-29T22:57:02.960765+00:00 START tests/db/test_quoter_v2_processes_api.py::TestLaPiezaTraeSusProcesos::test_una_pieza_a_medida_no_hereda_nada_y_no_falla
2026-09-29T22:57:04.951634+00:00 START tests/db/test_quoter_v2_processes_api.py::TestLaPiezaTraeSusProcesos::test_una_tecnica_retirada_no_se_propone
2026-09-29T22:57:07.619025+00:00 START tests/db/test_quoter_v2_processes_api.py::TestDecisionesDeEstaCotizacion::test_quitar_un_proceso_no_toca_el_maestro_ni_vuelve_solo
2026-09-29T22:57:10.798275+00:00 START tests/db/test_quoter_v2_processes_api.py::TestDecisionesDeEstaCotizacion::test_anadir_un_proceso_extra_solo_en_esta_cotizacion
2026-09-29T22:57:13.658202+00:00 START tests/db/test_quoter_v2_processes_api.py::TestDecisionesDeEstaCotizacion::test_la_misma_tecnica_dos_veces_en_la_misma_pieza_se_rechaza
2026-09-29T22:57:16.488153+00:00 START tests/db/test_quoter_v2_processes_api.py::TestDecisionesDeEstaCotizacion::test_piezas_escritas_a_mano_sobreviven_al_cambio_de_cantidad
2026-09-29T22:57:19.412989+00:00 START tests/db/test_quoter_v2_processes_api.py::TestElTrabajadorVaDespues::test_asignar_crea_la_tarea_y_aparece_el_costo
2026-09-29T22:57:22.330615+00:00 START tests/db/test_quoter_v2_processes_api.py::TestElTrabajadorVaDespues::test_asignar_a_quien_no_sabe_la_tecnica_se_rechaza
2026-09-29T22:57:25.164800+00:00 START tests/db/test_quoter_v2_processes_api.py::TestElTrabajadorVaDespues::test_quitar_al_trabajador_deja_el_proceso_en_pie
2026-09-29T22:57:29.113119+00:00 START tests/db/test_quoter_v2_processes_api.py::TestElTrabajadorVaDespues::test_cambiar_la_cantidad_mueve_las_horas_de_la_tarea_asignada
2026-09-29T22:57:32.800943+00:00 START tests/db/test_quoter_v2_processes_api.py::TestAdicionales::test_el_adicional_suma_al_costo_de_produccion_y_al_real
2026-09-29T22:57:35.228912+00:00 START tests/db/test_quoter_v2_processes_api.py::TestAdicionales::test_el_precio_del_maestro_se_congela_y_puede_sobrescribirse
2026-09-29T22:57:37.183273+00:00 START tests/db/test_quoter_v2_processes_api.py::TestAdicionales::test_un_adicional_de_una_pieza_va_al_costo_de_esa_pieza
2026-09-29T22:57:39.971628+00:00 START tests/db/test_quoter_v2_processes_api.py::TestAdicionales::test_borrar_el_adicional_devuelve_el_costo
2026-09-29T22:57:42.195007+00:00 START tests/db/test_quoter_v2_processes_api.py::TestNoRomperLoQueYaHabia::test_una_tarea_sin_proceso_sigue_pudiendose_crear_y_leer
2026-09-29T22:57:44.324085+00:00 START tests/db/test_quoter_v2_processes_api.py::TestNoRomperLoQueYaHabia::test_una_cotizacion_emitida_no_admite_procesos_nuevos
2026-09-29T22:57:47.083885+00:00 START tests/db/test_quoter_v2_processes_api.py::TestLoQueEncontroLaAuditoria::test_una_tarea_suelta_no_puede_repetir_un_proceso_vivo
2026-09-29T22:57:50.108788+00:00 START tests/db/test_quoter_v2_processes_api.py::TestLoQueEncontroLaAuditoria::test_el_personal_adicional_si_puede_repetir_la_tecnica
2026-09-29T22:57:52.925725+00:00 START tests/db/test_quoter_v2_processes_api.py::TestLoQueEncontroLaAuditoria::test_cargar_al_trabajador_salta_lo_que_ya_es_proceso
2026-09-29T22:57:55.980900+00:00 START tests/db/test_quoter_v2_processes_api.py::TestLoQueEncontroLaAuditoria::test_cambiar_de_pieza_cambia_sus_procesos
2026-09-29T22:58:00.231502+00:00 START tests/db/test_quoter_v2_processes_api.py::TestLoQueEncontroLaAuditoria::test_lo_anadido_a_mano_sobrevive_al_cambio_de_pieza
2026-09-29T22:58:04.177927+00:00 START tests/db/test_quoter_v2_processes_api.py::TestLoQueEncontroLaAuditoria::test_el_personal_adicional_no_se_mueve_al_cambiar_la_cantidad
2026-09-29T22:58:07.383293+00:00 START tests/db/test_quoter_v2_processes_duplicate_api.py::TestDuplicarProcesos::test_lo_quitado_sigue_quitado_y_lo_anadido_sigue_puesto
2026-09-29T22:58:11.334710+00:00 START tests/db/test_quoter_v2_processes_duplicate_api.py::TestDuplicarProcesos::test_la_tarea_copiada_vuelve_a_colgar_de_su_proceso
2026-09-29T22:58:15.495663+00:00 START tests/db/test_quoter_v2_processes_duplicate_api.py::TestDuplicarProcesos::test_el_adicional_se_recotiza_con_el_precio_de_hoy
2026-09-29T22:58:18.912927+00:00 START tests/db/test_quoter_v2_processes_duplicate_api.py::TestDuplicarProcesos::test_un_concepto_retirado_no_se_recotiza_a_ciegas
2026-09-29T22:58:21.507349+00:00 START tests/db/test_quoter_v2_rbac_api.py::test_a2h002_admin_puede_gestionar_maestros_v2
2026-09-29T22:58:23.957470+00:00 START tests/db/test_quoter_v2_rbac_api.py::test_a2h002_operator_no_gestiona_maestros_v2
2026-09-29T22:58:26.570450+00:00 START tests/db/test_quoter_v2_rules_010p_api.py::test_tarifas_del_horno_se_congelan_al_crear
2026-09-29T22:58:30.984591+00:00 START tests/db/test_quoter_v2_rules_010p_api.py::test_espacio_por_hora_activa_acuerdo_y_pasivo_solo_sugerido
2026-09-29T22:58:35.803030+00:00 START tests/db/test_quoter_v2_rules_010p_api.py::test_externos_comercial_real_brecha_y_snapshot_de_tarifa
2026-09-29T22:58:43.837109+00:00 START tests/db/test_quoter_v2_rules_010p_api.py::test_administracion_cero_en_por_menor_y_se_reaplica_al_cambiar_tipo
2026-09-29T22:58:48.868816+00:00 START tests/db/test_quoter_v2_rules_010p_api.py::test_umbral_sugiere_y_rechazar_solo_lo_anota
2026-09-29T22:58:54.022164+00:00 START tests/db/test_quoter_v2_rules_010p_api.py::test_aceptar_por_mayor_aplica_defaults_y_respeta_lo_manual
2026-09-29T22:59:02.390380+00:00 START tests/db/test_quoter_v2_rules_010p_api.py::test_aceptar_sin_externo_por_defecto_cambia_el_tipo_y_avisa
2026-09-29T22:59:07.025750+00:00 START tests/db/test_quoter_v2_rules_010p_api.py::test_trabajador_por_defecto_inactivo_no_se_aplica
2026-09-29T22:59:11.586500+00:00 START tests/db/test_quoter_v2_rules_010p_api.py::test_ajustes_rechazan_un_trabajador_por_defecto_del_tipo_equivocado
2026-09-29T22:59:14.960590+00:00 START tests/db/test_quoter_v2_rules_010p_api.py::test_un_trabajador_por_defecto_cuyo_tipo_cambio_no_se_aplica
2026-09-29T22:59:20.024994+00:00 START tests/db/test_quoter_v2_rules_010p_api.py::test_linea_sin_tiempo_bloquea_la_emision_y_los_dias_no
2026-09-29T22:59:25.912657+00:00 START tests/db/test_quoter_v2_settings_api.py::TestAutorizacion::test_sin_sesion_no_se_lee
2026-09-29T22:59:27.013849+00:00 START tests/db/test_quoter_v2_settings_api.py::TestAutorizacion::test_configurar_es_administracion
2026-09-29T22:59:28.165394+00:00 START tests/db/test_quoter_v2_settings_api.py::TestDefaults::test_nace_con_los_valores_aprobados
2026-09-29T22:59:29.418194+00:00 START tests/db/test_quoter_v2_settings_api.py::TestDefaults::test_la_tarifa_hora_de_ilustracion_se_deriva
2026-09-29T22:59:31.396315+00:00 START tests/db/test_quoter_v2_settings_api.py::TestDefaults::test_cambiar_la_jornada_mueve_la_tarifa_hora
2026-09-29T22:59:32.923572+00:00 START tests/db/test_quoter_v2_settings_api.py::TestDefaults::test_sin_hornos_no_hay_rejilla
2026-09-29T22:59:34.210062+00:00 START tests/db/test_quoter_v2_settings_api.py::TestDefaults::test_un_horno_nuevo_aparece_sin_configurar
2026-09-29T22:59:35.807223+00:00 START tests/db/test_quoter_v2_settings_api.py::TestDefaults::test_configurar_una_marca_solo_esa
2026-09-29T22:59:37.340107+00:00 START tests/db/test_quoter_v2_settings_api.py::TestDefaults::test_los_valores_aprobados_se_ofrecen_como_referencia
2026-09-29T22:59:39.046809+00:00 START tests/db/test_quoter_v2_settings_api.py::TestPoliticaCanonica::test_el_igv_se_lee_de_la_configuracion_de_la_empresa
2026-09-29T22:59:40.331197+00:00 START tests/db/test_quoter_v2_settings_api.py::TestPoliticaCanonica::test_cambiar_el_igv_de_la_empresa_lo_cambia_para_v2
2026-09-29T22:59:41.825512+00:00 START tests/db/test_quoter_v2_settings_api.py::TestPoliticaCanonica::test_el_igv_no_se_puede_editar_desde_la_configuracion_v2
2026-09-29T22:59:43.015084+00:00 START tests/db/test_quoter_v2_settings_api.py::TestEdicion::test_se_edita_y_se_persiste
2026-09-29T22:59:44.438469+00:00 START tests/db/test_quoter_v2_settings_api.py::TestEdicion::test_una_escritura_con_version_vieja_se_rechaza
2026-09-29T22:59:46.379398+00:00 START tests/db/test_quoter_v2_settings_api.py::TestEdicion::test_un_factor_por_debajo_del_suelo_se_rechaza
2026-09-29T22:59:47.513408+00:00 START tests/db/test_quoter_v2_settings_api.py::TestEdicion::test_un_default_fuera_del_rango_se_rechaza
2026-09-29T22:59:48.604240+00:00 START tests/db/test_quoter_v2_settings_api.py::TestEdicion::test_un_horno_inexistente_se_rechaza
2026-09-29T22:59:49.855757+00:00 START tests/db/test_quoter_v2_settings_api.py::TestEdicion::test_un_horno_sugerido_se_puede_quitar
2026-09-29T22:59:51.765965+00:00 START tests/db/test_quoter_v2_settings_api.py::TestEdicion::test_la_edicion_queda_auditada
2026-09-29T22:59:53.664332+00:00 START tests/db/test_quoter_v2_settings_api.py::TestTarifasDeHorno::test_se_fijan_los_tres_numeros_de_un_horno
2026-09-29T22:59:54.988688+00:00 START tests/db/test_quoter_v2_settings_api.py::TestTarifasDeHorno::test_baja_y_alta_son_filas_distintas
2026-09-29T22:59:56.618318+00:00 START tests/db/test_quoter_v2_settings_api.py::TestTarifasDeHorno::test_volver_a_fijarla_edita_en_vez_de_duplicar
2026-09-29T22:59:58.130713+00:00 START tests/db/test_quoter_v2_settings_api.py::TestTarifasDeHorno::test_las_tarifas_v2_no_tocan_las_de_legacy
2026-09-29T22:59:59.592230+00:00 START tests/db/test_quoter_v2_settings_api.py::TestTarifasDeHorno::test_una_tarifa_negativa_se_rechaza
2026-09-29T23:00:00.755638+00:00 START tests/db/test_quoter_v2_settings_api.py::TestTarifasDeHorno::test_un_horno_inexistente_da_404
2026-09-29T23:00:02.508776+00:00 START tests/db/test_quoter_v2_settings_api.py::TestSnapshot::test_la_cotizacion_nace_con_los_valores_de_la_configuracion
2026-09-29T23:00:04.635470+00:00 START tests/db/test_quoter_v2_settings_api.py::TestSnapshot::test_mover_un_default_no_reescribe_lo_ya_cotizado
2026-09-29T23:00:06.942477+00:00 START tests/db/test_quoter_v2_settings_api.py::TestSnapshot::test_la_siguiente_cotizacion_si_nace_con_el_valor_nuevo
2026-09-29T23:00:08.723025+00:00 START tests/db/test_quoter_v2_settings_api.py::TestSnapshot::test_lo_que_pide_el_alta_manda_sobre_el_default
2026-09-29T23:00:10.106285+00:00 START tests/db/test_quoter_v2_settings_api.py::TestSnapshot::test_elegir_en_una_cotizacion_no_mueve_el_maestro
2026-09-29T23:00:12.155966+00:00 START tests/db/test_quoter_v2_settings_api.py::TestSnapshot::test_en_moneda_base_no_se_guarda_tipo_de_cambio
2026-09-29T23:00:13.592689+00:00 START tests/db/test_quoter_v2_settings_api.py::TestSnapshot::test_en_moneda_extranjera_se_congela_el_tipo_de_cambio
2026-09-29T23:00:15.060471+00:00 START tests/db/test_quoter_v2_settings_api.py::TestSnapshot::test_el_tipo_de_cambio_del_alta_manda
2026-09-29T23:00:16.700087+00:00 START tests/db/test_quoter_v2_settings_api.py::TestSnapshot::test_el_igv_vigente_queda_congelado_en_la_cotizacion
2026-09-29T23:00:18.367824+00:00 START tests/db/test_quoter_v2_settings_api.py::TestSnapshot::test_los_limites_del_factor_viajan_con_la_cotizacion
2026-09-29T23:00:20.143934+00:00 START tests/db/test_quoter_v2_settings_api.py::TestSnapshot::test_el_redondeo_vigente_queda_congelado
2026-09-29T23:00:21.855760+00:00 START tests/db/test_quoter_v2_settings_api.py::TestSnapshot::test_un_factor_por_encima_del_maximo_da_422_y_no_500
2026-09-29T23:00:23.123853+00:00 START tests/db/test_quoter_v2_settings_api.py::TestSnapshot::test_una_cotizacion_en_usd_nunca_nace_sin_tipo_de_cambio
2026-09-29T23:00:23.976708+00:00 START tests/db/test_quoter_v2_settings_api.py::TestSnapshot::test_un_factor_por_debajo_del_suelo_no_entra
2026-09-29T23:00:25.295525+00:00 START tests/db/test_quoter_v2_settings_api.py::TestSnapshot::test_la_base_tambien_rechaza_un_factor_por_debajo_del_suelo
2026-09-29T23:00:26.044782+00:00 START tests/db/test_quoter_v2_update_api.py::TestAutorizacion::test_sin_sesion_no_se_cambia
2026-09-29T23:00:27.307882+00:00 START tests/db/test_quoter_v2_update_api.py::TestAutorizacion::test_cambiar_la_cabecera_es_administracion
2026-09-29T23:00:28.741646+00:00 START tests/db/test_quoter_v2_update_api.py::TestSemanticaParcial::test_un_cuerpo_vacio_no_cambia_nada
2026-09-29T23:00:31.105522+00:00 START tests/db/test_quoter_v2_update_api.py::TestSemanticaParcial::test_cambiar_el_nombre_no_toca_el_tipo_de_produccion
2026-09-29T23:00:32.635718+00:00 START tests/db/test_quoter_v2_update_api.py::TestSemanticaParcial::test_un_nombre_en_blanco_lo_retira
2026-09-29T23:00:34.124008+00:00 START tests/db/test_quoter_v2_update_api.py::TestCliente::test_se_asigna_y_se_congela_su_nombre
2026-09-29T23:00:35.769306+00:00 START tests/db/test_quoter_v2_update_api.py::TestCliente::test_en_nulo_lo_retira
2026-09-29T23:00:37.400275+00:00 START tests/db/test_quoter_v2_update_api.py::TestCliente::test_un_proveedor_puro_no_es_cliente
2026-09-29T23:00:39.453415+00:00 START tests/db/test_quoter_v2_update_api.py::TestCliente::test_un_tercero_que_no_existe_no_entra
2026-09-29T23:00:40.859507+00:00 START tests/db/test_quoter_v2_update_api.py::TestTipoDeProduccion::test_cambiarlo_mueve_el_horno_sugerido
2026-09-29T23:00:43.704879+00:00 START tests/db/test_quoter_v2_update_api.py::TestTipoDeProduccion::test_no_pisa_un_horno_elegido_a_mano
2026-09-29T23:00:46.720825+00:00 START tests/db/test_quoter_v2_update_api.py::TestTipoDeProduccion::test_reenviar_el_mismo_tipo_no_mueve_el_horno
2026-09-29T23:00:49.601943+00:00 START tests/db/test_quoter_v2_update_api.py::TestTipoDeProduccion::test_la_cantidad_de_piezas_no_cambia_el_tipo
2026-09-29T23:00:52.844931+00:00 START tests/db/test_quoter_v2_update_api.py::TestTipoDeProduccion::test_un_solo_horno_no_pierde_las_tarifas_pactadas
2026-09-29T23:00:55.460074+00:00 START tests/db/test_quoter_v2_update_api.py::TestTipoDeProduccion::test_sin_horno_sugerido_para_el_tipo_nuevo_se_conserva_el_que_habia
2026-09-29T23:00:58.162659+00:00 START tests/db/test_quoter_v2_update_api.py::TestMoneda::test_cambiarla_recongela_las_tres_columnas
2026-09-29T23:00:59.549462+00:00 START tests/db/test_quoter_v2_update_api.py::TestMoneda::test_el_tipo_de_cambio_en_nulo_vuelve_al_de_la_casa
2026-09-29T23:01:01.117515+00:00 START tests/db/test_quoter_v2_update_api.py::TestMoneda::test_no_mandar_el_tipo_de_cambio_lo_conserva
2026-09-29T23:01:03.390597+00:00 START tests/db/test_quoter_v2_update_api.py::TestMoneda::test_un_tipo_de_cambio_no_positivo_se_rechaza
2026-09-29T23:01:04.789973+00:00 START tests/db/test_quoter_v2_update_api.py::TestSoloBorradores::test_una_emitida_no_cambia_de_cliente
2026-09-29T23:01:06.604894+00:00 START tests/db/test_quoter_v2_update_api.py::TestSoloBorradores::test_una_que_no_existe_da_404
2026-09-29T23:01:07.748912+00:00 START tests/db/test_quoter_v2_update_api.py::TestRecalculo::test_mover_el_horno_cambia_el_costo_de_la_quema
2026-09-29T23:01:11.629531+00:00 START tests/db/test_quoter_v2_update_api.py::TestRecalculo::test_cambiar_el_tipo_de_cliente_no_cambia_el_gas
2026-09-29T23:01:14.478239+00:00 START tests/db/test_quoter_v2_update_api.py::TestRecalculo::test_mirar_no_deja_rastro_de_edicion
2026-09-29T23:01:16.122586+00:00 START tests/db/test_quoter_v2_update_api.py::TestRecalculo::test_la_auditoria_dice_que_campos_se_tocaron
2026-09-29T23:01:17.886177+00:00 START tests/db/test_quoter_v2_update_api.py::TestRecalculo::test_queda_registrado_en_la_auditoria
2026-09-29T23:01:19.573990+00:00 START tests/db/test_quoter_v2_worker_techniques_api.py::TestMaestro::test_asignar_y_leer_tres_tecnicas
2026-09-29T23:01:21.254454+00:00 START tests/db/test_quoter_v2_worker_techniques_api.py::TestMaestro::test_quitar_una_del_maestro
2026-09-29T23:01:23.401702+00:00 START tests/db/test_quoter_v2_worker_techniques_api.py::TestMaestro::test_interno_y_externo_igual
2026-09-29T23:01:24.727147+00:00 START tests/db/test_quoter_v2_worker_techniques_api.py::TestMaestro::test_una_tecnica_inexistente_se_rechaza
2026-09-29T23:01:25.843703+00:00 START tests/db/test_quoter_v2_worker_techniques_api.py::TestMaestro::test_edicion_concurrente_del_maestro_choca
2026-09-29T23:01:27.770062+00:00 START tests/db/test_quoter_v2_worker_techniques_api.py::TestMaestro::test_el_taller_no_configura_capacidades
2026-09-29T23:01:29.122524+00:00 START tests/db/test_quoter_v2_worker_techniques_api.py::TestCargaEnLaCotizacion::test_elegir_trabajador_carga_sus_tres_tecnicas_con_las_piezas_del_producto
2026-09-29T23:01:32.608791+00:00 START tests/db/test_quoter_v2_worker_techniques_api.py::TestCargaEnLaCotizacion::test_cargar_dos_veces_no_duplica
2026-09-29T23:01:35.569098+00:00 START tests/db/test_quoter_v2_worker_techniques_api.py::TestCargaEnLaCotizacion::test_quitar_en_la_cotizacion_no_toca_el_maestro_y_otra_cotizacion_la_vuelve_a_cargar
2026-09-29T23:01:39.006538+00:00 START tests/db/test_quoter_v2_worker_techniques_api.py::TestCargaEnLaCotizacion::test_todo_el_pedido_nace_en_cero_piezas
2026-09-29T23:01:41.445583+00:00 START tests/db/test_quoter_v2_worker_techniques_api.py::TestCargaEnLaCotizacion::test_horas_manuales_nacen_en_cero_y_como_personal_adicional
2026-09-29T23:01:43.941405+00:00 START tests/db/test_quoter_v2_worker_techniques_api.py::TestCargaEnLaCotizacion::test_subconjunto_marcado_y_tecnica_no_habilitada_en_el_subconjunto
2026-09-29T23:01:46.097332+00:00 START tests/db/test_quoter_v2_worker_techniques_api.py::TestCargaEnLaCotizacion::test_trabajador_sin_tecnicas_no_inventa_tareas
2026-09-29T23:01:47.789424+00:00 START tests/db/test_quoter_v2_worker_techniques_api.py::TestCargaEnLaCotizacion::test_tecnica_inactiva_no_se_carga
2026-09-29T23:01:49.905893+00:00 START tests/db/test_quoter_v2_worker_techniques_api.py::TestCargaEnLaCotizacion::test_trabajador_inactivo_no_se_carga
2026-09-29T23:01:51.782593+00:00 START tests/db/test_quoter_v2_worker_techniques_api.py::TestCargaEnLaCotizacion::test_producto_de_otra_cotizacion_se_rechaza
2026-09-29T23:01:54.547684+00:00 START tests/db/test_quoter_v2_worker_techniques_api.py::TestBarreraDelBackend::test_request_manual_con_tecnica_no_habilitada
2026-09-29T23:01:56.695390+00:00 START tests/db/test_quoter_v2_worker_techniques_api.py::TestBarreraDelBackend::test_cambiar_de_trabajador_a_quien_no_sabe_la_tecnica
2026-09-29T23:01:59.007832+00:00 START tests/db/test_quoter_v2_worker_techniques_api.py::TestBarreraDelBackend::test_relacion_retirada_despues_avisa_en_el_borrador_sin_encallarlo
2026-09-29T23:02:01.591617+00:00 START tests/db/test_quoter_v2_worker_techniques_api.py::TestBarreraDelBackend::test_emitida_sobrevive_al_cambio_del_maestro
2026-09-29T23:02:04.879123+00:00 START tests/db/test_quoter_v2_worker_techniques_api.py::TestCasosDelRecheck::test_subconjunto_vacio_no_se_confunde_con_trabajador_sin_tecnicas
2026-09-29T23:02:06.690143+00:00 START tests/db/test_quoter_v2_worker_techniques_api.py::TestCasosDelRecheck::test_duplicar_con_la_capacidad_retirada_avisa_y_no_copia_la_tarea
2026-09-29T23:02:12.682531+00:00 START tests/db/test_recipe_import.py::TestStructuralRecipeImport::test_barniz_base_57_exact_structural_base_100
2026-09-29T23:02:15.732680+00:00 START tests/db/test_recipe_import.py::TestStructuralRecipeImport::test_barniz_base_54_bentonite_base_and_copper_additional
2026-09-29T23:02:19.197094+00:00 START tests/db/test_recipe_import.py::TestStructuralRecipeImport::test_barniz_base_42_high_yield_36_percent_additional
2026-09-29T23:02:22.693541+00:00 START tests/db/test_recipe_import.py::TestStructuralRecipeImport::test_no_exact_boundary_crosses_100_requires_review
2026-09-29T23:02:24.961119+00:00 START tests/db/test_recipe_preparations_api.py::test_preparar_transforma_materia_prima_en_preparado
2026-09-29T23:02:28.035278+00:00 START tests/db/test_recipe_preparations_api.py::test_stock_insuficiente_no_toca_nada
2026-09-29T23:02:31.601245+00:00 START tests/db/test_recipe_preparations_api.py::test_la_misma_clave_no_prepara_dos_veces
2026-09-29T23:02:34.825121+00:00 START tests/db/test_recipe_preparations_api.py::test_dos_envios_simultaneos_con_la_misma_clave
2026-09-29T23:02:38.027600+00:00 START tests/db/test_recipe_preparations_api.py::test_dos_preparaciones_simultaneas_no_dejan_stock_negativo
2026-09-29T23:02:40.970318+00:00 START tests/db/test_recipe_preparations_api.py::test_el_costo_del_lote_no_se_recalcula_si_cambia_el_precio
2026-09-29T23:02:44.396483+00:00 START tests/db/test_recipe_preparations_api.py::test_conversion_g_ml_usa_la_concentracion_del_lote
2026-09-29T23:02:47.542805+00:00 START tests/db/test_recipe_preparations_api.py::test_una_receta_que_no_produce_material_preparado_se_rechaza
2026-09-29T23:02:50.383709+00:00 START tests/db/test_recipe_preparations_api.py::test_cotizar_no_mueve_ni_materia_prima_ni_preparado
2026-09-29T23:02:54.703063+00:00 START tests/db/test_recipes_api.py::TestRecetasCRUD::test_crear_receta_con_base_100_y_colorante_y_aditivo
2026-09-29T23:02:57.393585+00:00 START tests/db/test_recipes_api.py::TestRecetasCRUD::test_crear_receta_con_producto_no_preparado_falla
2026-09-29T23:02:59.788356+00:00 START tests/db/test_recipes_api.py::TestRecetasCRUD::test_crear_receta_con_base_menor_a_100_falla
2026-09-29T23:03:02.069835+00:00 START tests/db/test_recipes_api.py::TestVersionamiento::test_crear_nueva_version_y_activar_archiva_previa
2026-09-29T23:03:05.475985+00:00 START tests/db/test_recipes_api.py::TestCalculador::test_calculo_sin_mutacion_con_costos_exactos
2026-09-29T23:03:07.848539+00:00 START tests/db/test_recipes_api.py::TestCalculador::test_calculador_rechaza_uom_distinta_de_gramos
2026-09-29T23:03:10.357460+00:00 START tests/db/test_recipes_api.py::TestCalculador::test_calculador_1000g_con_base60_base40_colorant6_sin_mutacion_stock
2026-09-29T23:03:12.860025+00:00 START tests/db/test_recipes_api.py::TestCiclos::test_deteccion_de_ciclos_en_recetas_anidadas
2026-09-29T23:03:16.083193+00:00 START tests/db/test_recipes_api.py::test_recipe_tables_security_rls_not_forced
2026-09-29T23:03:16.771031+00:00 START tests/db/test_recipes_api.py::test_solo_un_material_preparado_puede_tener_receta
2026-09-29T23:03:18.130202+00:00 START tests/db/test_sequence_concurrency.py::test_veinte_solicitudes_concurrentes_no_repiten_numero
2026-09-29T23:03:20.144398+00:00 START tests/db/test_sequence_concurrency.py::test_la_serie_concurrente_es_contigua_desde_uno
2026-09-29T23:03:21.900039+00:00 START tests/db/test_sequence_concurrency.py::test_cada_numero_queda_registrado_una_sola_vez
2026-09-29T23:03:23.966820+00:00 START tests/db/test_sequence_concurrency.py::test_los_contadores_de_cada_tipo_son_independientes
2026-09-29T23:03:25.201502+00:00 START tests/db/test_sequence_concurrency.py::test_solicitudes_concurrentes_mezclando_tipos
2026-09-29T23:03:27.092150+00:00 START tests/db/test_sequence_concurrency.py::test_creaciones_concurrentes_de_productos_no_duplican_codigo
2026-09-29T23:03:29.178114+00:00 START tests/db/test_sequence_concurrency.py::test_creaciones_concurrentes_mezclando_familias_50_y_70
2026-09-29T23:03:31.033089+00:00 START tests/db/test_sequences_api.py::test_sin_sesion_no_se_puede_leer
2026-09-29T23:03:31.665755+00:00 START tests/db/test_sequences_api.py::test_se_listan_las_dos_secuencias_del_plan
2026-09-29T23:03:32.597716+00:00 START tests/db/test_sequences_api.py::test_la_vista_previa_usa_el_formato_configurado
2026-09-29T23:03:33.456329+00:00 START tests/db/test_sequences_api.py::test_operator_puede_consultar
2026-09-29T23:03:34.311436+00:00 START tests/db/test_sequences_api.py::test_consultar_la_vista_previa_no_consume_ningun_numero
2026-09-29T23:03:35.636082+00:00 START tests/db/test_sequences_api.py::test_no_existe_ningun_endpoint_publico_que_consuma_numeros
2026-09-29T23:03:37.150144+00:00 START tests/db/test_sequences_api.py::test_admin_cambia_el_prefijo
2026-09-29T23:03:37.999504+00:00 START tests/db/test_sequences_api.py::test_operator_no_puede_cambiar_la_configuracion
2026-09-29T23:03:39.198696+00:00 START tests/db/test_sequences_api.py::test_un_patron_invalido_se_rechaza
2026-09-29T23:03:39.967802+00:00 START tests/db/test_sequences_api.py::test_una_version_desfasada_se_rechaza
2026-09-29T23:03:41.045817+00:00 START tests/db/test_sequences_api.py::test_el_padding_cambia_la_vista_previa
2026-09-29T23:03:41.950789+00:00 START tests/db/test_sequences_api.py::test_cambiar_el_prefijo_no_altera_los_numeros_ya_emitidos
2026-09-29T23:03:43.148806+00:00 START tests/db/test_sequences_api.py::test_el_contador_continua_tras_cambiar_el_prefijo
2026-09-29T23:03:44.243638+00:00 START tests/db/test_sequences_api.py::test_el_contador_reinicia_al_cambiar_de_ano
2026-09-29T23:03:44.979890+00:00 START tests/db/test_sequences_api.py::test_los_dos_anos_conviven_sin_colisionar
2026-09-29T23:03:45.797390+00:00 START tests/db/test_sequences_api.py::test_una_secuencia_desactivada_no_emite
2026-09-29T23:03:46.726028+00:00 START tests/db/test_tracking_public.py::test_escanear_sin_cuenta_devuelve_el_estado
2026-09-29T23:03:52.082321+00:00 START tests/db/test_tracking_public.py::test_el_token_se_cambia_por_una_cookie_acotada
2026-09-29T23:03:57.639278+00:00 START tests/db/test_tracking_public.py::test_sin_contexto_no_hay_seguimiento
2026-09-29T23:03:58.806001+00:00 START tests/db/test_tracking_public.py::test_el_json_publico_no_lleva_nada_interno
2026-09-29T23:04:04.405518+00:00 START tests/db/test_tracking_public.py::test_la_constancia_publica_no_es_la_hoja_de_taller
2026-09-29T23:04:10.896827+00:00 START tests/db/test_tracking_public.py::test_la_hoja_de_taller_sigue_exigiendo_sesion
2026-09-29T23:04:16.200996+00:00 START tests/db/test_tracking_public.py::test_sin_cuenta_no_se_mueve_una_orden[start]
2026-09-29T23:04:21.886470+00:00 START tests/db/test_tracking_public.py::test_sin_cuenta_no_se_mueve_una_orden[complete]
2026-09-29T23:04:27.078178+00:00 START tests/db/test_tracking_public.py::test_sin_cuenta_no_se_mueve_una_orden[cancel]
2026-09-29T23:04:32.789471+00:00 START tests/db/test_tracking_public.py::test_la_superficie_publica_no_acepta_escrituras
2026-09-29T23:04:37.965678+00:00 START tests/db/test_tracking_public.py::test_un_token_invalido_responde_siempre_lo_mismo_y_nunca_un_500[token-que-no-existe-en-ninguna-parte-000000]
2026-09-29T23:04:39.735163+00:00 START tests/db/test_tracking_public.py::test_un_token_invalido_responde_siempre_lo_mismo_y_nunca_un_500[corto]
2026-09-29T23:04:40.918481+00:00 START tests/db/test_tracking_public.py::test_un_token_invalido_responde_siempre_lo_mismo_y_nunca_un_500[xxxxxxxxxxxxxxxxxxxxxxxxxxxxxxxxxxxxxxxxxxxxxxxxxxxxxxxxxxxxxxxxxxxxxxxxxxxxxxxxxxxxxxxxxxxxxxxxxxxxxxxxxxxxxxxxxxxxxxxxxxxxxxxxxxxxxxxxxxxxxxxxxxxxxxxxxxxxxxxxxxxxxxxxxxxxxxxxxxxxxxxxxxxxxxxxxxxxxxxxxxxxxxxxxxxxxxxxxxxxxxxxxxxxxxxxxxxxxxxxxxxxxxxxxxxxxxxxxxxxxxxxxxxxxxxxxxxxxxxxxxxxxxxxxxxxxxxxxxxxxxxxxxxxxxxxxxxxxxxxxxxxxxxxxxxxxxxxxxxxxxxxxxxxxxxxxxxxxxxxxxxxxxxxxxxxxxxxxxxxxxxxxxxxxxxxxxxxxxxxxxxxxxxxxxxxxxxxxxxxxxxxxxxxxxxxxxxxxxxxxxxxxxxxxxxxxxxxxxxxxxxxxxxxxxxxxxxxxxxxxxxxxxxxxxxxxxxxxxxx]
2026-09-29T23:04:42.194614+00:00 START tests/db/test_tracking_public.py::test_un_token_invalido_responde_siempre_lo_mismo_y_nunca_un_500[' OR 1=1 --]
2026-09-29T23:04:43.559280+00:00 START tests/db/test_tracking_public.py::test_un_token_invalido_responde_siempre_lo_mismo_y_nunca_un_500[<script>alert(1)]
2026-09-29T23:04:45.352205+00:00 START tests/db/test_tracking_public.py::test_un_intento_de_recorrer_rutas_no_llega_a_ninguna_parte
2026-09-29T23:04:46.760765+00:00 START tests/db/test_tracking_public.py::test_el_puente_a_la_vista_interna_exige_sesion
2026-09-29T23:04:52.345711+00:00 START tests/db/test_users_api.py::test_un_administrador_ve_la_lista_con_el_correo_de_supabase
2026-09-29T23:04:54.300845+00:00 START tests/db/test_users_api.py::test_la_lista_no_devuelve_ni_contrasenas_ni_tokens
2026-09-29T23:04:55.708511+00:00 START tests/db/test_users_api.py::test_un_perfil_sin_cuenta_se_ensena_sin_correo_en_vez_de_esconderse
2026-09-29T23:04:57.317926+00:00 START tests/db/test_users_api.py::test_una_cuenta_de_supabase_sin_perfil_no_es_un_usuario_de_greda
2026-09-29T23:04:58.780171+00:00 START tests/db/test_users_api.py::test_un_operario_no_administra_usuarios
2026-09-29T23:05:00.774138+00:00 START tests/db/test_users_api.py::test_dar_de_alta_crea_la_cuenta_y_el_perfil
2026-09-29T23:05:02.274281+00:00 START tests/db/test_users_api.py::test_el_alta_no_devuelve_la_contrasena
2026-09-29T23:05:03.535516+00:00 START tests/db/test_users_api.py::test_un_correo_repetido_se_rechaza_sin_crear_perfil
2026-09-29T23:05:04.961211+00:00 START tests/db/test_users_api.py::test_si_falla_la_parte_local_se_retira_la_cuenta_recien_creada
2026-09-29T23:05:07.171889+00:00 START tests/db/test_users_api.py::test_si_la_compensacion_tambien_falla_se_dice_en_vez_de_callarlo
2026-09-29T23:05:08.700252+00:00 START tests/db/test_users_api.py::test_un_nombre_visible_en_blanco_se_rechaza
2026-09-29T23:05:10.126960+00:00 START tests/db/test_users_api.py::test_editar_el_nombre_visible_y_el_rol
2026-09-29T23:05:12.020558+00:00 START tests/db/test_users_api.py::test_cambiar_solo_el_nombre_no_toca_la_cuenta_de_supabase
2026-09-29T23:05:13.453491+00:00 START tests/db/test_users_api.py::test_editar_un_usuario_que_no_existe_da_404
2026-09-29T23:05:14.927488+00:00 START tests/db/test_users_api.py::test_desactivar_y_reactivar
2026-09-29T23:05:16.640344+00:00 START tests/db/test_users_api.py::test_un_perfil_desactivado_deja_de_tener_acceso
2026-09-29T23:05:18.886818+00:00 START tests/db/test_users_api.py::test_desactivar_al_ultimo_administrador_se_impide
2026-09-29T23:05:20.744821+00:00 START tests/db/test_users_api.py::test_degradar_al_ultimo_administrador_tambien_se_impide
2026-09-29T23:05:22.455873+00:00 START tests/db/test_users_api.py::test_con_otro_administrador_activo_si_se_puede_degradar
2026-09-29T23:05:24.733097+00:00 START tests/db/test_users_api.py::test_el_alta_queda_auditada_con_quien_la_hizo
2026-09-29T23:05:26.365767+00:00 START tests/db/test_users_api.py::test_cambiar_rol_y_estado_queda_auditado_campo_a_campo
2026-09-29T23:05:28.227601+00:00 START tests/db/test_users_api.py::test_una_operacion_rechazada_no_deja_auditoria_de_exito
2026-09-29T23:05:29.773637+00:00 START tests/db/test_users_api.py::test_el_operario_sembrado_no_es_un_efecto_del_alta
