2026-09-29T22:18:22.099732+00:00 RESUME index=520 total=1189 deselected=520
2026-09-29T22:18:22.106109+00:00 START tests/db/test_migration_0031_runs.py::TestDowngrade::test_revertir_se_niega_si_solo_hay_dias_decididos
2026-09-29T22:18:44.739587+00:00 START tests/db/test_migration_0031_runs.py::TestDowngrade::test_revertir_se_niega_si_hay_ilustracion_congelada
2026-09-29T22:19:00.467433+00:00 START tests/db/test_migration_0031_runs.py::test_subir_hasta_la_cabeza_deja_una_sola_y_con_las_tres_tablas
2026-09-29T22:19:17.100661+00:00 START tests/db/test_migration_0032_runs.py::TestNoContamina::test_el_factor_por_ocupacion_de_legacy_llega_intacto
2026-09-29T22:19:33.944004+00:00 START tests/db/test_migration_0032_runs.py::TestNoContamina::test_las_tarifas_de_horno_de_legacy_llegan_intactas
2026-09-29T22:19:50.961420+00:00 START tests/db/test_migration_0032_runs.py::TestHistoricos::test_una_cotizacion_de_010d_nace_sin_horno_y_sin_quema
2026-09-29T22:20:07.875584+00:00 START tests/db/test_migration_0032_runs.py::TestRestricciones::test_una_quema_apagada_no_puede_tener_hornadas
2026-09-29T22:20:21.265794+00:00 START tests/db/test_migration_0032_runs.py::TestRestricciones::test_sin_horno_no_puede_haber_importe
2026-09-29T22:20:34.880369+00:00 START tests/db/test_migration_0032_runs.py::TestRestricciones::test_no_se_pueden_pedir_mas_hornadas_de_baja_que_de_carga
2026-09-29T22:20:48.094197+00:00 START tests/db/test_migration_0032_runs.py::TestRestricciones::test_una_medida_en_cero_se_rechaza
2026-09-29T22:21:01.608093+00:00 START tests/db/test_migration_0032_runs.py::TestRestricciones::test_una_capacidad_congelada_en_cero_se_rechaza
2026-09-29T22:21:14.706988+00:00 START tests/db/test_migration_0032_runs.py::TestRestricciones::test_sin_ningun_encendido_no_puede_haber_importe
2026-09-29T22:21:28.023715+00:00 START tests/db/test_migration_0032_runs.py::TestRestricciones::test_sin_horno_tampoco_puede_haber_ocupacion
2026-09-29T22:21:41.346611+00:00 START tests/db/test_migration_0032_runs.py::TestRestricciones::test_la_clave_foranea_del_horno_tiene_indice
2026-09-29T22:21:55.123549+00:00 START tests/db/test_migration_0032_runs.py::TestRestricciones::test_la_participacion_de_una_linea_no_pasa_de_cien
2026-09-29T22:22:08.034300+00:00 START tests/db/test_migration_0032_runs.py::TestDiferenciaGenerada::test_la_base_calcula_la_diferencia
2026-09-29T22:22:22.683096+00:00 START tests/db/test_migration_0032_runs.py::TestDiferenciaGenerada::test_la_diferencia_no_se_puede_escribir_a_mano
2026-09-29T22:22:36.159796+00:00 START tests/db/test_migration_0032_runs.py::TestDowngrade::test_la_vuelta_limpia_funciona
2026-09-29T22:22:55.527720+00:00 START tests/db/test_migration_0032_runs.py::TestDowngrade::test_la_vuelta_se_niega_si_hay_horno_elegido
2026-09-29T22:23:10.732631+00:00 START tests/db/test_migration_0032_runs.py::TestDowngrade::test_la_vuelta_se_niega_si_solo_hay_medidas
2026-09-29T22:23:27.637145+00:00 START tests/db/test_migration_0032_runs.py::TestDowngrade::test_la_vuelta_deja_intacto_el_factor_de_legacy
2026-09-29T22:23:47.340672+00:00 START tests/db/test_migration_0032_runs.py::test_subir_a_0032_deja_esa_version_sellada
2026-09-29T22:24:01.686668+00:00 START tests/db/test_migration_0033_runs.py::TestHistoricos::test_una_cotizacion_de_010e_nace_sin_precio
2026-09-29T22:24:19.466220+00:00 START tests/db/test_migration_0033_runs.py::TestHistoricos::test_la_quema_de_010e_llega_intacta
2026-09-29T22:24:36.953584+00:00 START tests/db/test_migration_0033_runs.py::TestRestricciones::test_un_costo_negativo_se_rechaza
2026-09-29T22:24:51.354192+00:00 START tests/db/test_migration_0033_runs.py::TestRestricciones::test_el_suelo_no_puede_superar_al_objetivo
2026-09-29T22:25:05.980329+00:00 START tests/db/test_migration_0033_runs.py::TestRestricciones::test_una_linea_sin_piezas_no_puede_llevar_subtotal
2026-09-29T22:25:20.382210+00:00 START tests/db/test_migration_0033_runs.py::TestRestricciones::test_un_precio_unitario_negativo_se_rechaza
2026-09-29T22:25:33.810992+00:00 START tests/db/test_migration_0033_runs.py::TestRestricciones::test_la_ganancia_si_puede_ser_negativa
2026-09-29T22:25:47.775848+00:00 START tests/db/test_migration_0033_runs.py::test_la_configuracion_comercial_de_la_casa_sigue_siendo_la_unica
2026-09-29T22:26:02.111435+00:00 START tests/db/test_migration_0033_runs.py::TestDowngrade::test_la_vuelta_limpia_funciona
2026-09-29T22:26:24.040929+00:00 START tests/db/test_migration_0033_runs.py::TestDowngrade::test_la_vuelta_se_niega_si_hay_una_cotizacion_valorizada
2026-09-29T22:26:41.727976+00:00 START tests/db/test_migration_0033_runs.py::TestDowngrade::test_la_vuelta_se_niega_si_solo_hay_un_unitario
2026-09-29T22:26:59.734464+00:00 START tests/db/test_migration_0033_runs.py::test_0033_se_aplica_y_se_sella
2026-09-29T22:27:14.252619+00:00 START tests/db/test_migration_0034_runs.py::TestHistoricos::test_un_borrador_de_010g_sigue_siendo_borrador
2026-09-29T22:27:35.036002+00:00 START tests/db/test_migration_0034_runs.py::TestHistoricos::test_el_upgrade_se_niega_con_no_borradores
2026-09-29T22:27:54.856912+00:00 START tests/db/test_migration_0034_runs.py::TestCheckDeCicloDeVida::test_emitir_bien_pasa
2026-09-29T22:28:10.148964+00:00 START tests/db/test_migration_0034_runs.py::TestCheckDeCicloDeVida::test_emitida_sin_vencimiento_no
2026-09-29T22:28:26.819579+00:00 START tests/db/test_migration_0034_runs.py::TestCheckDeCicloDeVida::test_borrador_con_emision_no
2026-09-29T22:28:39.780755+00:00 START tests/db/test_migration_0034_runs.py::TestCheckDeCicloDeVida::test_cancelada_sin_fecha_no
2026-09-29T22:28:51.994532+00:00 START tests/db/test_migration_0034_runs.py::TestCheckDeCicloDeVida::test_vence_antes_de_emitirse_no
2026-09-29T22:29:04.732719+00:00 START tests/db/test_migration_0034_runs.py::TestUnicidad::test_un_solo_borrador_abierto_por_origen
2026-09-29T22:29:17.589275+00:00 START tests/db/test_migration_0034_runs.py::TestUnicidad::test_un_solo_puente_por_cotizacion
2026-09-29T22:29:30.652711+00:00 START tests/db/test_migration_0034_runs.py::TestDowngrade::test_vuelta_limpia_sin_nada_comprometido
2026-09-29T22:29:49.722775+00:00 START tests/db/test_migration_0034_runs.py::TestDowngrade::test_se_niega_con_una_emitida
2026-09-29T22:30:05.253932+00:00 START tests/db/test_migration_0034_runs.py::test_0034_se_aplica_y_se_sella
2026-09-29T22:30:18.488301+00:00 START tests/db/test_migration_0035_runs.py::TestBackfill::test_lo_ya_cotizado_queda_habilitado_y_nada_mas
2026-09-29T22:30:33.735828+00:00 START tests/db/test_migration_0035_runs.py::TestBackfill::test_un_par_no_se_repite
2026-09-29T22:30:46.135193+00:00 START tests/db/test_migration_0035_runs.py::TestDowngrade::test_vuelta_limpia_con_solo_el_backfill
2026-09-29T22:31:04.212146+00:00 START tests/db/test_migration_0035_runs.py::TestDowngrade::test_se_niega_con_capacidades_configuradas
2026-09-29T22:31:20.562067+00:00 START tests/db/test_migration_0035_runs.py::test_0035_se_aplica_dentro_de_la_cadena
2026-09-29T22:31:36.467468+00:00 START tests/db/test_migration_0036_runs.py::TestSubirYBajar::test_las_tablas_nuevas_aparecen
