
Running 75 tests using 1 worker

  ok  1 [chromium] › e2e\revision\cotizador-v2-ciclo-de-vida.spec.ts:157:3 › Cotizador V2: vigencia, emisión, duplicación, PDF y producción (Fase 010H, interfaz 010O) › CASO 1 + CASO 4 + CASO 6: borrador → confirmar (doble clic) → PDF, una sola emisión y nada interno (24.8s)
  ok  2 [chromium] › e2e\revision\cotizador-v2-ciclo-de-vida.spec.ts:213:3 › Cotizador V2: vigencia, emisión, duplicación, PDF y producción (Fase 010H, interfaz 010O) › CASO 5: doble envío a producción → una sola transición (17.2s)
  ok  3 [chromium] › e2e\revision\cotizador-v2-ciclo-de-vida.spec.ts:250:3 › Cotizador V2: vigencia, emisión, duplicación, PDF y producción (Fase 010H, interfaz 010O) › CASO 2 + CASO 3 + CASO 7: vencida en USD → duplicar con el TC de hoy; la antigua conserva el suyo y su PDF (11.1s)
  ok  4 [chromium] › e2e\revision\cotizador-v2-ciclo-de-vida.spec.ts:329:3 › Cotizador V2: vigencia, emisión, duplicación, PDF y producción (Fase 010H, interfaz 010O) › CATÁLOGO: una pieza del maestro trae sus medidas y gramaje, se emite y llega al PDF (13.4s)
  ok  5 [chromium] › e2e\revision\cotizador-v2-ciclo-de-vida.spec.ts:380:3 › Cotizador V2: vigencia, emisión, duplicación, PDF y producción (Fase 010H, interfaz 010O) › CASO 8: multiproducto emitido lleva todas sus líneas al documento (22.8s)
  ok  6 [chromium] › e2e\revision\cotizador-v2-ciclo-de-vida.spec.ts:404:3 › Cotizador V2: vigencia, emisión, duplicación, PDF y producción (Fase 010H, interfaz 010O) › TÉCNICAS: el personal adicional es una persona con su técnica, y el backend rechaza el resto (14.5s)
  ok  7 [chromium] › e2e\revision\cotizador-v2-ciclo-de-vida.spec.ts:469:3 › Cotizador V2: vigencia, emisión, duplicación, PDF y producción (Fase 010H, interfaz 010O) › PROCESOS: la taza trae torno, asa y vidriado; se quita uno, se asigna y el adicional suma (12.8s)
  ok  8 [chromium] › e2e\revision\cotizador-v2-flujo.spec.ts:70:3 › Cotizador V2: flujo de siete pasos (Fase 010G, interfaz 010O) › CASO 1 FLUJO COMPLETO: los siete pasos y una recarga que no pierde nada (13.6s)
  ok  9 [chromium] › e2e\revision\cotizador-v2-flujo.spec.ts:106:3 › Cotizador V2: flujo de siete pasos (Fase 010G, interfaz 010O) › CASO 2 MULTIPRODUCTO: dos piezas se reparten UNA quema (11.5s)
  ok 10 [chromium] › e2e\revision\cotizador-v2-flujo.spec.ts:124:3 › Cotizador V2: flujo de siete pasos (Fase 010G, interfaz 010O) › CASO 3 DÓLARES: el tipo de cambio se congela y la moneda manda (11.0s)
  ok 11 [chromium] › e2e\revision\cotizador-v2-flujo.spec.ts:148:3 › Cotizador V2: flujo de siete pasos (Fase 010G, interfaz 010O) › CASO 4 COMA DECIMAL: «2,5» es dos y medio en todos los campos (11.9s)
  ok 12 [chromium] › e2e\revision\cotizador-v2-flujo.spec.ts:186:3 › Cotizador V2: flujo de siete pasos (Fase 010G, interfaz 010O) › CASO 5 RECARGA CON GUARDADO EN VUELO: el navegador pregunta, y lo guardado persiste con sus importes (14.0s)
  ok 13 [chromium] › e2e\revision\cotizador-v2-flujo.spec.ts:248:3 › Cotizador V2: flujo de siete pasos (Fase 010G, interfaz 010O) › CASO 6 GUARDADO RECHAZADO: no aparenta guardado, sobrevive al cambio de paso y protege la salida (12.3s)
  ok 14 [chromium] › e2e\revision\cotizador-v2-flujo.spec.ts:296:3 › Cotizador V2: flujo de siete pasos (Fase 010G, interfaz 010O) › CASO 7 TECLEADO SIN SALIR DEL CAMPO: recargar también pregunta (11.3s)
  ok 15 [chromium] › e2e\revision\cotizador-v2-next-cliente.spec.ts:5:3 › Cotizador V2 Next - Cliente › abrir paso cliente, cambiar a Dólares y verificar tipo de cambio (2.9s)
  ok 16 [chromium] › e2e\revision\cotizador-v2-next-horno.spec.ts:49:3 › Paso «Horno» del rediseño (010O.9) › elegir otro horno manda un solo PUT y no desborda a 375 px (2.5s)
  ok 17 [chromium] › e2e\revision\cotizador-v2-next-lista.spec.ts:65:3 › Listado y alta del rediseño (010O.4) › buscar filtra en local y NUNCA manda q; el filtro manda status (2.0s)
  ok 18 [chromium] › e2e\revision\cotizador-v2-next-lista.spec.ts:82:3 › Listado y alta del rediseño (010O.4) › cada fila tiene un solo enlace, a la cotización (1.7s)
  ok 19 [chromium] › e2e\revision\cotizador-v2-next-lista.spec.ts:93:3 › Listado y alta del rediseño (010O.4) › el alta es UN POST y, sin cliente, lleva al paso Cliente (2.3s)
  ok 20 [chromium] › e2e\revision\cotizador-v2-next-lista.spec.ts:120:3 › Listado y alta del rediseño (010O.4) › a 375 px ni el listado ni el diálogo desbordan la página (1.9s)
  ok 21 [chromium] › e2e\revision\cotizador-v2-next-piezas.spec.ts:47:3 › Cotizador V2 Next - Paso Piezas › pulsar + 5 veces rápido -> exactamente 1 PUT con la cantidad final (3.4s)
  ok 22 [chromium] › e2e\revision\cotizador-v2-next-piezas.spec.ts:69:3 › Cotizador V2 Next - Paso Piezas › el diálogo de quitar cubre la ventana (2.0s)
  ok 23 [chromium] › e2e\revision\cotizador-v2-next-piezas.spec.ts:87:3 › Cotizador V2 Next - Paso Piezas › sin desborde horizontal a 375px (1.4s)
  ok 24 [chromium] › e2e\revision\cotizador-v2-next-precio.spec.ts:19:3 › Paso «Precio» del rediseño (010O.10) › arrastrar el factor con el ratón manda una sola escritura (3.6s)
  ok 25 [chromium] › e2e\revision\cotizador-v2-next-precio.spec.ts:53:3 › Paso «Precio» del rediseño (010O.10) › con el teclado también: una escritura tras dejar de pulsar (2.9s)
  ok 26 [chromium] › e2e\revision\cotizador-v2-next-precio.spec.ts:67:3 › Paso «Precio» del rediseño (010O.10) › en dólares: el precio en US$ y los costos en soles (1.8s)
  ok 27 [chromium] › e2e\revision\cotizador-v2-next-precio.spec.ts:85:3 › Paso «Precio» del rediseño (010O.10) › a 375 px el paso no desborda la página (1.6s)
  ok 28 [chromium] › e2e\revision\cotizador-v2-next-revisar.spec.ts:21:3 › «Revisar y emitir» del rediseño (010O.11) › emitir: el diálogo cubre la ventana y sale UNA confirmación con la huella (2.1s)
  ok 29 [chromium] › e2e\revision\cotizador-v2-next-revisar.spec.ts:49:3 › «Revisar y emitir» del rediseño (010O.11) › con bloqueos el botón no emite y la lista lleva al paso (1.9s)
  ok 30 [chromium] › e2e\revision\cotizador-v2-next-revisar.spec.ts:59:3 › «Revisar y emitir» del rediseño (010O.11) › a 375 px el documento no desborda la página (1.6s)
  ok 31 [chromium] › e2e\revision\cotizador-v2-next-shell.spec.ts:49:5 › Shell del Cotizador V2 rediseñado (010O.3) › 375 px: 1 columna(s), pasos en row, sin desborde (1.8s)
  ok 32 [chromium] › e2e\revision\cotizador-v2-next-shell.spec.ts:49:5 › Shell del Cotizador V2 rediseñado (010O.3) › 768 px: 1 columna(s), pasos en row, sin desborde (2.1s)
  ok 33 [chromium] › e2e\revision\cotizador-v2-next-shell.spec.ts:49:5 › Shell del Cotizador V2 rediseñado (010O.3) › 1024 px: 1 columna(s), pasos en row, sin desborde (1.9s)
  ok 34 [chromium] › e2e\revision\cotizador-v2-next-shell.spec.ts:49:5 › Shell del Cotizador V2 rediseñado (010O.3) › 1280 px: 2 columna(s), pasos en column, sin desborde (2.2s)
  ok 35 [chromium] › e2e\revision\cotizador-v2-next-shell.spec.ts:49:5 › Shell del Cotizador V2 rediseñado (010O.3) › 1440 px: 3 columna(s), pasos en column, sin desborde (2.3s)
  ok 36 [chromium] › e2e\revision\cotizador-v2-next-shell.spec.ts:78:3 › Shell del Cotizador V2 rediseñado (010O.3) › 1024 px con el menú plegado: el contenedor gana sitio y pasa a dos columnas (2.2s)
  ok 37 [chromium] › e2e\revision\cotizador-v2-next-shell.spec.ts:90:3 › Shell del Cotizador V2 rediseñado (010O.3) › pasos, pendientes y resumen funcionan en el navegador real (2.3s)
  ok 38 [chromium] › e2e\revision\cotizador-v2-next-shell.spec.ts:111:3 › Shell del Cotizador V2 rediseñado (010O.3) › un diálogo del ciclo de vida cubre la ventana entera (1.8s)
  ok 39 [chromium] › e2e\revision\cotizador-v2-next-shell.spec.ts:123:3 › Shell del Cotizador V2 rediseñado (010O.3) › la ruta de pruebas del rediseño lleva a la definitiva (corte 010O.13) (1.8s)
  ok 40 [chromium] › e2e\revision\cotizador-v2-next-trabajo.spec.ts:175:3 › Paso «Trabajo» del rediseño (010O.8) › asignar trabajador manda un solo POST assign y usar sugerencia manda planning (2.6s)
  ok 41 [chromium] › e2e\revision\cotizador-v2-next-trabajo.spec.ts:211:3 › Paso «Trabajo» del rediseño (010O.8) › a 375 px no desborda la página (1.8s)
  ok 42 [chromium] › e2e\revision\cotizador-v2-pre010i.spec.ts:84:3 › 010P: cotización con referencia Excel y RBAC local › A2H-001: la referencia se arma con tiempos V2 y usa el total actual del backend (28.8s)
  ok 43 [chromium] › e2e\revision\cotizador-v2-pre010i.spec.ts:191:3 › 010P: cotización con referencia Excel y RBAC local › A2H-001 negativo: una pieza con material pendiente no se puede emitir (6.5s)
  ok 44 [chromium] › e2e\revision\cotizador-v2-pre010i.spec.ts:204:3 › 010P: cotización con referencia Excel y RBAC local › FREE_PRODUCT_GATE: una línea libre sin procesos tampoco se puede emitir (8.5s)
  ok 45 [chromium] › e2e\revision\cotizador-v2-pre010i.spec.ts:222:3 › 010P: cotización con referencia Excel y RBAC local › A2H-002: operador local ve UI restringida y la API responde 403 (4.3s)
  ok 46 [chromium] › e2e\revision\cotizador-v2-rediseno-real.spec.ts:39:3 › Cotizador V2 rediseñado contra el backend real (010O) › listado → alta → siete pasos → emitir → PDF (17.6s)
  ok 47 [chromium] › e2e\revision\inventario-operador.spec.ts:124:3 › Inventario: el operador ajusta existencia y no administra almacenes › el operador ajusta existencia por la pantalla: cambia el saldo y queda el movimiento (8.7s)
  ok 48 [chromium] › e2e\revision\inventario-operador.spec.ts:186:3 › Inventario: el operador ajusta existencia y no administra almacenes › abrir un almacen sigue siendo administrativo: 403 al operador con un payload valido (7.3s)
  ok 49 [chromium] › e2e\revision\kiln-batches.spec.ts:11:3 › Planificacion de hornadas (Fase 010L) › abre la pantalla y renderiza el listado respaldado por la API (3.5s)
  ok 50 [chromium] › e2e\revision\kiln-layout-map.spec.ts:204:3 › Mapa interactivo de distribución física del horno (Fase 010M - M4) › CORE FLOW: abrir hornadas -> mapa -> sugerir -> preview -> aplicar -> seleccionar -> rotar -> mover -> guardar -> comprobar PUT -> recargar persistencia (6.7s)
  ok 51 [chromium] › e2e\revision\kiln-layout-map.spec.ts:377:3 › Mapa interactivo de distribución física del horno (Fase 010M - M4) › EMPTY_LAYOUT: GET layout 404 -> renderiza estado inicial -> añadir nivel -> guardar con expected_version = 0 (5.8s)
  ok 52 [chromium] › e2e\revision\kiln-layout-map.spec.ts:465:3 › Mapa interactivo de distribución física del horno (Fase 010M - M4) › IDEMPOTENCY RETRY: fallo de red en primer PUT y reintento exitoso reutiliza la misma idempotency_key (4.3s)
  ok 53 [chromium] › e2e\revision\kiln-layout-map.spec.ts:535:3 › Mapa interactivo de distribución física del horno (Fase 010M - M4) › CONFLICTO 409: muestra modal de conflicto y permite recargar (4.7s)
  ok 54 [chromium] › e2e\revision\kiln-layout-map.spec.ts:580:3 › Mapa interactivo de distribución física del horno (Fase 010M - M4) › SOLO LECTURA: hornada STARTED no muestra botones de guardado ni sugerencia (4.3s)
  ok 55 [chromium] › e2e\revision\kiln-layout-map.spec.ts:614:3 › Mapa interactivo de distribución física del horno (Fase 010M - M4) › PRIVACIDAD COMERCIAL: no renderiza ningún campo de precio, costo, IGV o margen (4.2s)
  ok 56 [chromium] › e2e\revision\kiln-layout-map.spec.ts:648:3 › Mapa interactivo de distribución física del horno (Fase 010M - M4) › MISSING_DIMENSIONS: horno sin medidas válidas -> alerta de bloqueo, sin SVG y controles deshabilitados (4.5s)
  ok 57 [chromium] › e2e\revision\kiln-layout-map.spec.ts:699:3 › Mapa interactivo de distribución física del horno (Fase 010M - M4) › HARDENING: botón 'Sugerir acomodo' se deshabilita cuando el borrador tiene cambios sin guardar (4.7s)
  ok 58 [chromium] › e2e\revision\kiln-layout-map.spec.ts:744:3 › Mapa interactivo de distribución física del horno (Fase 010M - M4) › HARDENING: recargar con cambios sin guardar solicita confirmación y descarta o cancela según decisión (5.0s)
  ok 59 [chromium] › e2e\revision\produccion-010i.spec.ts:233:3 › Producción real de una cotización V2 (Fase 010I) › FLUJO COMPLETO: CTZ → orden → consumo → iniciar → quema → nota → comunicación → finalizar (22.1s)
  ok 60 [chromium] › e2e\revision\produccion-010i.spec.ts:523:3 › Producción real de una cotización V2 (Fase 010I) › STOCK: insuficiente se rechaza sin tocar nada; misma clave no descuenta dos veces; 700+700 sobre 1000 gana uno (10.9s)
  ok 61 [chromium] › e2e\revision\produccion-010i.spec.ts:605:3 › Producción real de una cotización V2 (Fase 010I) › CANCELAR con consumo: rechazado, sin devolución; D3 caso A bloquea y caso B finaliza sin consumos (23.5s)
  ok 62 [chromium] › e2e\revision\produccion-010i.spec.ts:732:3 › Producción real de una cotización V2 (Fase 010I) › OPERATOR: lee la orden V2 sin datos comerciales, trabaja y registra comunicaciones; el puente no es suyo (14.7s)
  ok 63 [chromium] › e2e\revision\production-w3-explicit-lot.spec.ts:37:1 › W3: consume por pantalla Lote B explícito; B baja 10 ml y A no cambia (19.7s)
  ok 64 [chromium] › e2e\revision\production-w3-labor-parallel.spec.ts:69:1 › W3: externo 10 h a S/120 por jornada de 8 h = S/150 comercial, S/240 real, brecha S/90 (12.3s)
  ok 65 [chromium] › e2e\revision\production-w3-labor-parallel.spec.ts:135:1 › W3: dos líneas activas de 5 h y 6 h suman 6 h en paralelo, no 11 h (7.1s)
  ok 66 [chromium] › e2e\revision\production-w3-prototype-results.spec.ts:39:1 › W3: prototipo 2 = 1 buena + 1 merma, movimiento +1 y prototipos previos intactos (14.7s)
  ok 67 [chromium] › e2e\revision\production-w4-functional.spec.ts:157:1 › W4: dos externos únicos cuestan 300 comercial/480 real; 10 h pasivas solo sugieren (9.6s)
  ok 68 [chromium] › e2e\revision\production-w4-functional.spec.ts:229:1 › W4: sugerencia configurable por mayor, conserva manuales y congela snapshots ante cambios actuales (15.1s)
  ok 69 [chromium] › e2e\revision\production-w4-quick-create.spec.ts:110:1 › W4: ADMIN crea técnica y trabajador sin login, asignación ni movimiento de inventario (9.2s)
  ok 70 [chromium] › e2e\revision\production-w4-quick-create.spec.ts:133:1 › W4: operador sin capability es bloqueado; operador autorizado crea maestros y valorización inicial (21.1s)
  ok 71 [chromium] › e2e\revision\production-w4-v1-history.spec.ts:57:1 › W4: cotización histórica V1 permanece de solo lectura y su PDF no cambia con la configuración actual (12.1s)
  ok 72 [chromium] › e2e\revision\solo-quema-010k.spec.ts:137:3 › Solo Quema (Fase 010K) › el caso del Excel sale al céntimo y el comparador no cambia el horno (6.8s)
  ok 73 [chromium] › e2e\revision\solo-quema-010k.spec.ts:157:3 › Solo Quema (Fase 010K) › el factor de quema no acepta el x3 de fabricación (6.3s)
  ok 74 [chromium] › e2e\revision\solo-quema-010k.spec.ts:176:3 › Solo Quema (Fase 010K) › el documento emitido no enseña nada interno (8.7s)
  ok 75 [chromium] › e2e\revision\solo-quema-real-e2e.spec.ts:123:1 › W3 Solo Quema: el resultado real 10 = 8 buenas + 2 merma no crea inventario terminado (17.6s)

  75 passed (10.5m)
(node:13024) Warning: The 'NO_COLOR' env is ignored due to the 'FORCE_COLOR' env being set.
(Use `node --trace-warnings ...` to show where the warning was created)
[a11y-baseline] diálogo y selector de lote explícito: [{"id":"color-contrast","impact":"serious","description":"Ensure the contrast between foreground and background colors meets WCAG 2 AA minimum contrast ratio thresholds","nodes":[{"target":["label[for=\"_r_0_\"] > .text-orange-600.font-semibold"],"summary":"Fix any of the following:\n  Element has insufficient color contrast of 3.59 (foreground color: #f54900, background color: #ffffff, font size: 7.9pt (10.5px), font weight: normal). Expected contrast ratio of 4.5:1"},{"target":["label[for=\"_r_1_\"] > .text-orange-600.font-semibold"],"summary":"Fix any of the following:\n  Element has insufficient color contrast of 3.59 (foreground color: #f54900, background color: #ffffff, font size: 7.9pt (10.5px), font weight: normal). Expected contrast ratio of 4.5:1"},{"target":["label[for=\"_r_2_\"] > .text-orange-600.font-semibold"],"summary":"Fix any of the following:\n  Element has insufficient color contrast of 3.59 (foreground color: #f54900, background color: #ffffff, font size: 7.9pt (10.5px), font weight: normal). Expected contrast ratio of 4.5:1"},{"target":["label[for=\"_r_3_\"] > .text-orange-600.font-semibold"],"summary":"Fix any of the following:\n  Element has insufficient color contrast of 3.59 (foreground color: #f54900, background color: #ffffff, font size: 7.9pt (10.5px), font weight: normal). Expected contrast ratio of 4.5:1"},{"target":["label[for=\"_r_6_\"] > .text-orange-600.font-semibold"],"summary":"Fix any of the following:\n  Element has insufficient color contrast of 3.59 (foreground color: #f54900, background color: #ffffff, font size: 7.9pt (10.5px), font weight: normal). Expected contrast ratio of 4.5:1"},{"target":[".truncate > .text-zinc-400"],"summary":"Fix any of the following:\n  Element has insufficient color contrast of 2.62 (foreground color: #9f9fa9, background color: #ffffff, font size: 9.2pt (12.25px), font weight: normal). Expected contrast ratio of 4.5:1"},{"target":["div:nth-child(5) > .mt-1.text-zinc-400"],"summary":"Fix any of the following:\n  Element has insufficient color contrast of 2.62 (foreground color: #9f9fa9, background color: #ffffff, font size: 7.9pt (10.5px), font weight: normal). Expected contrast ratio of 4.5:1"},{"target":[".text-\\[11px\\].mt-1.text-zinc-400"],"summary":"Fix any of the following:\n  Element has insufficient color contrast of 2.62 (foreground color: #9f9fa9, background color: #ffffff, font size: 8.3pt (11px), font weight: normal). Expected contrast ratio of 4.5:1"},{"target":[".font-normal"],"summary":"Fix any of the following:\n  Element has insufficient color contrast of 2.62 (foreground color: #9f9fa9, background color: #ffffff, font size: 7.9pt (10.5px), font weight: normal). Expected contrast ratio of 4.5:1"}]}]
[a11y-baseline] diálogo de resultados de prototipo: [{"id":"color-contrast","impact":"serious","description":"Ensure the contrast between foreground and background colors meets WCAG 2 AA minimum contrast ratio thresholds","nodes":[{"target":[".border-zinc-100 > div > .tracking-wider.text-zinc-400.uppercase"],"summary":"Fix any of the following:\n  Element has insufficient color contrast of 2.62 (foreground color: #9f9fa9, background color: #ffffff, font size: 7.5pt (10px), font weight: normal). Expected contrast ratio of 4.5:1"},{"target":[".space-y-3 > div:nth-child(1) > .text-zinc-400.uppercase.text-\\[10px\\]"],"summary":"Fix any of the following:\n  Element has insufficient color contrast of 2.62 (foreground color: #9f9fa9, background color: #ffffff, font size: 7.5pt (10px), font weight: normal). Expected contrast ratio of 4.5:1"},{"target":["div:nth-child(2) > .text-zinc-400.uppercase.text-\\[10px\\]"],"summary":"Fix any of the following:\n  Element has insufficient color contrast of 2.62 (foreground color: #9f9fa9, background color: #ffffff, font size: 7.5pt (10px), font weight: normal). Expected contrast ratio of 4.5:1"},{"target":["div:nth-child(3) > .text-zinc-400.uppercase.text-\\[10px\\]"],"summary":"Fix any of the following:\n  Element has insufficient color contrast of 2.62 (foreground color: #9f9fa9, background color: #ffffff, font size: 7.5pt (10px), font weight: normal). Expected contrast ratio of 4.5:1"},{"target":["div:nth-child(4) > .text-zinc-400.uppercase.text-\\[10px\\]"],"summary":"Fix any of the following:\n  Element has insufficient color contrast of 2.62 (foreground color: #9f9fa9, background color: #ffffff, font size: 7.5pt (10px), font weight: normal). Expected contrast ratio of 4.5:1"},{"target":["div:nth-child(5) > .text-zinc-400.uppercase.text-\\[10px\\]"],"summary":"Fix any of the following:\n  Element has insufficient color contrast of 2.62 (foreground color: #9f9fa9, background color: #ffffff, font size: 7.5pt (10px), font weight: normal). Expected contrast ratio of 4.5:1"}]}]
[a11y-baseline] diálogo de resultados Solo Quema: [{"id":"color-contrast","impact":"serious","description":"Ensure the contrast between foreground and background colors meets WCAG 2 AA minimum contrast ratio thresholds","nodes":[{"target":[".border-zinc-100 > div > .tracking-wider.text-zinc-400.text-\\[10px\\]"],"summary":"Fix any of the following:\n  Element has insufficient color contrast of 2.62 (foreground color: #9f9fa9, background color: #ffffff, font size: 7.5pt (10px), font weight: normal). Expected contrast ratio of 4.5:1"},{"target":[".space-y-3 > div:nth-child(1) > .text-zinc-400.text-\\[10px\\].uppercase"],"summary":"Fix any of the following:\n  Element has insufficient color contrast of 2.62 (foreground color: #9f9fa9, background color: #ffffff, font size: 7.5pt (10px), font weight: normal). Expected contrast ratio of 4.5:1"},{"target":["div:nth-child(2) > .text-zinc-400.text-\\[10px\\].uppercase"],"summary":"Fix any of the following:\n  Element has insufficient color contrast of 2.62 (foreground color: #9f9fa9, background color: #ffffff, font size: 7.5pt (10px), font weight: normal). Expected contrast ratio of 4.5:1"},{"target":["div:nth-child(3) > .text-zinc-400.text-\\[10px\\].uppercase"],"summary":"Fix any of the following:\n  Element has insufficient color contrast of 2.62 (foreground color: #9f9fa9, background color: #ffffff, font size: 7.5pt (10px), font weight: normal). Expected contrast ratio of 4.5:1"},{"target":["div:nth-child(4) > .text-zinc-400.text-\\[10px\\].uppercase"],"summary":"Fix any of the following:\n  Element has insufficient color contrast of 2.62 (foreground color: #9f9fa9, background color: #ffffff, font size: 7.5pt (10px), font weight: normal). Expected contrast ratio of 4.5:1"}]},{"id":"link-name","impact":"serious","description":"Ensure links have discernible text","nodes":[{"target":[".hover\\:text-black"],"summary":"Fix all of the following:\n  Element is in tab order and does not have accessible text\n\nFix any of the following:\n  Element does not have text that is visible to screen readers\n  aria-label attribute does not exist or is empty\n  aria-labelledby attribute does not exist, references elements that do not exist or references elements that are empty\n  Element has no title attribute"}]}]
